Archive member included because of file (symbol)

C:\Users\11990405\Desktop\Lab5_Jason\Library\libOS.a(OS.o)
                              ./Sources/main.o (OS_Init)
c:/freescale/kds_3.0.0/toolchain/bin/../lib/gcc/arm-none-eabi/4.8.4/armv7e-m/fpu\libgcc.a(_arm_addsubdf3.o)
                              ./Sources/PIT.o (__aeabi_ui2d)
c:/freescale/kds_3.0.0/toolchain/bin/../lib/gcc/arm-none-eabi/4.8.4/armv7e-m/fpu\libgcc.a(_arm_muldivdf3.o)
                              ./Sources/PIT.o (__aeabi_ddiv)
c:/freescale/kds_3.0.0/toolchain/bin/../lib/gcc/arm-none-eabi/4.8.4/armv7e-m/fpu\libgcc.a(_arm_fixunsdfsi.o)
                              ./Sources/PIT.o (__aeabi_d2uiz)
c:/freescale/kds_3.0.0/toolchain/bin/../lib/gcc/arm-none-eabi/4.8.4/../../../../arm-none-eabi/lib/armv7e-m/fpu\libg_s.a(lib_a-exit.o)
                              c:/freescale/kds_3.0.0/toolchain/bin/../lib/gcc/arm-none-eabi/4.8.4/../../../../arm-none-eabi/lib/armv7e-m/fpu/crt0.o (exit)
c:/freescale/kds_3.0.0/toolchain/bin/../lib/gcc/arm-none-eabi/4.8.4/../../../../arm-none-eabi/lib/armv7e-m/fpu\libg_s.a(lib_a-impure.o)
                              c:/freescale/kds_3.0.0/toolchain/bin/../lib/gcc/arm-none-eabi/4.8.4/../../../../arm-none-eabi/lib/armv7e-m/fpu\libg_s.a(lib_a-exit.o) (_global_impure_ptr)
c:/freescale/kds_3.0.0/toolchain/bin/../lib/gcc/arm-none-eabi/4.8.4/../../../../arm-none-eabi/lib/armv7e-m/fpu\libg_s.a(lib_a-init.o)
                              c:/freescale/kds_3.0.0/toolchain/bin/../lib/gcc/arm-none-eabi/4.8.4/../../../../arm-none-eabi/lib/armv7e-m/fpu/crt0.o (__libc_init_array)
c:/freescale/kds_3.0.0/toolchain/bin/../lib/gcc/arm-none-eabi/4.8.4/../../../../arm-none-eabi/lib/armv7e-m/fpu\libg_s.a(lib_a-memset.o)
                              c:/freescale/kds_3.0.0/toolchain/bin/../lib/gcc/arm-none-eabi/4.8.4/../../../../arm-none-eabi/lib/armv7e-m/fpu/crt0.o (memset)
c:/freescale/kds_3.0.0/toolchain/bin/../lib/gcc/arm-none-eabi/4.8.4/../../../../arm-none-eabi/lib/armv7e-m/fpu\libnosys.a(_exit.o)
                              c:/freescale/kds_3.0.0/toolchain/bin/../lib/gcc/arm-none-eabi/4.8.4/../../../../arm-none-eabi/lib/armv7e-m/fpu\libg_s.a(lib_a-exit.o) (_exit)

Allocating common symbols
Common symbol       size              file

RxSemaphore         0x4               ./Sources/UART.o
TxSemaphore         0x4               ./Sources/UART.o
Packet              0x5               ./Sources/packet.o
PacketSemaphore     0x4               ./Sources/UART.o
SpaceAvailable      0x4               ./Sources/FIFO.o
SR_reg              0x1               ./Generated_Code/Cpu.o
BufferAccess        0x4               ./Sources/FIFO.o
ItemsAvailable      0x4               ./Sources/FIFO.o
PacketPutSemaphore  0x4               ./Sources/UART.o

Discarded input sections

 .text          0x00000000        0x0 c:/freescale/kds_3.0.0/toolchain/bin/../lib/gcc/arm-none-eabi/4.8.4/armv7e-m/fpu/crti.o
 .data          0x00000000        0x0 c:/freescale/kds_3.0.0/toolchain/bin/../lib/gcc/arm-none-eabi/4.8.4/armv7e-m/fpu/crti.o
 .bss           0x00000000        0x0 c:/freescale/kds_3.0.0/toolchain/bin/../lib/gcc/arm-none-eabi/4.8.4/armv7e-m/fpu/crti.o
 .data          0x00000000        0x4 c:/freescale/kds_3.0.0/toolchain/bin/../lib/gcc/arm-none-eabi/4.8.4/armv7e-m/fpu/crtbegin.o
 .data          0x00000000        0x0 c:/freescale/kds_3.0.0/toolchain/bin/../lib/gcc/arm-none-eabi/4.8.4/../../../../arm-none-eabi/lib/armv7e-m/fpu/crt0.o
 .bss           0x00000000        0x0 c:/freescale/kds_3.0.0/toolchain/bin/../lib/gcc/arm-none-eabi/4.8.4/../../../../arm-none-eabi/lib/armv7e-m/fpu/crt0.o
 .ARM.extab     0x00000000        0x0 c:/freescale/kds_3.0.0/toolchain/bin/../lib/gcc/arm-none-eabi/4.8.4/../../../../arm-none-eabi/lib/armv7e-m/fpu/crt0.o
 .group         0x00000000        0x8 ./Sources/Events.o
 .group         0x00000000        0x8 ./Sources/Events.o
 .group         0x00000000        0x8 ./Sources/Events.o
 .group         0x00000000        0x8 ./Sources/Events.o
 .group         0x00000000        0x8 ./Sources/Events.o
 .group         0x00000000        0x8 ./Sources/Events.o
 .group         0x00000000        0x8 ./Sources/Events.o
 .group         0x00000000        0x8 ./Sources/Events.o
 .group         0x00000000        0x8 ./Sources/Events.o
 .text          0x00000000        0x0 ./Sources/Events.o
 .data          0x00000000        0x0 ./Sources/Events.o
 .bss           0x00000000        0x0 ./Sources/Events.o
 .debug_info    0x00000000       0x7d ./Sources/Events.o
 .debug_abbrev  0x00000000       0x29 ./Sources/Events.o
 .debug_aranges
                0x00000000       0x18 ./Sources/Events.o
 .debug_macro   0x00000000       0x9f ./Sources/Events.o
 .debug_macro   0x00000000      0x850 ./Sources/Events.o
 .debug_macro   0x00000000       0x16 ./Sources/Events.o
 .debug_macro   0x00000000       0x44 ./Sources/Events.o
 .debug_macro   0x00000000      0x209 ./Sources/Events.o
 .debug_macro   0x00000000     0x17fa ./Sources/Events.o
 .debug_macro   0x00000000      0x14e ./Sources/Events.o
 .debug_macro   0x00000000       0x64 ./Sources/Events.o
 .debug_macro   0x00000000    0x174c1 ./Sources/Events.o
 .debug_macro   0x00000000       0x9a ./Sources/Events.o
 .debug_line    0x00000000      0x228 ./Sources/Events.o
 .debug_str     0x00000000    0x8a5f3 ./Sources/Events.o
 .comment       0x00000000       0x71 ./Sources/Events.o
 .ARM.attributes
                0x00000000       0x39 ./Sources/Events.o
 .group         0x00000000        0x8 ./Sources/FIFO.o
 .group         0x00000000        0x8 ./Sources/FIFO.o
 .group         0x00000000        0x8 ./Sources/FIFO.o
 .group         0x00000000        0x8 ./Sources/FIFO.o
 .group         0x00000000        0x8 ./Sources/FIFO.o
 .group         0x00000000        0x8 ./Sources/FIFO.o
 .group         0x00000000        0x8 ./Sources/FIFO.o
 .group         0x00000000        0x8 ./Sources/FIFO.o
 .group         0x00000000        0x8 ./Sources/FIFO.o
 .group         0x00000000        0x8 ./Sources/FIFO.o
 .group         0x00000000        0x8 ./Sources/FIFO.o
 .text          0x00000000        0x0 ./Sources/FIFO.o
 .data          0x00000000        0x0 ./Sources/FIFO.o
 .bss           0x00000000        0x0 ./Sources/FIFO.o
 .debug_macro   0x00000000      0x850 ./Sources/FIFO.o
 .debug_macro   0x00000000       0x16 ./Sources/FIFO.o
 .debug_macro   0x00000000       0x44 ./Sources/FIFO.o
 .debug_macro   0x00000000      0x209 ./Sources/FIFO.o
 .debug_macro   0x00000000      0x14e ./Sources/FIFO.o
 .debug_macro   0x00000000       0x64 ./Sources/FIFO.o
 .debug_macro   0x00000000    0x174c1 ./Sources/FIFO.o
 COMMON         0x00000000        0xc ./Sources/FIFO.o
 .group         0x00000000        0x8 ./Sources/FTM.o
 .group         0x00000000        0x8 ./Sources/FTM.o
 .group         0x00000000        0x8 ./Sources/FTM.o
 .group         0x00000000        0x8 ./Sources/FTM.o
 .group         0x00000000        0x8 ./Sources/FTM.o
 .group         0x00000000        0x8 ./Sources/FTM.o
 .text          0x00000000        0x0 ./Sources/FTM.o
 .data          0x00000000        0x0 ./Sources/FTM.o
 .bss           0x00000000        0x0 ./Sources/FTM.o
 .text.FTM_Set  0x00000000       0x8c ./Sources/FTM.o
 .debug_macro   0x00000000      0x850 ./Sources/FTM.o
 .debug_macro   0x00000000       0x16 ./Sources/FTM.o
 .debug_macro   0x00000000       0x44 ./Sources/FTM.o
 .debug_macro   0x00000000      0x209 ./Sources/FTM.o
 .debug_macro   0x00000000       0x22 ./Sources/FTM.o
 .debug_macro   0x00000000    0x174c1 ./Sources/FTM.o
 .group         0x00000000        0x8 ./Sources/Flash.o
 .group         0x00000000        0x8 ./Sources/Flash.o
 .group         0x00000000        0x8 ./Sources/Flash.o
 .group         0x00000000        0x8 ./Sources/Flash.o
 .group         0x00000000        0x8 ./Sources/Flash.o
 .group         0x00000000        0x8 ./Sources/Flash.o
 .group         0x00000000        0x8 ./Sources/Flash.o
 .group         0x00000000        0x8 ./Sources/Flash.o
 .group         0x00000000        0x8 ./Sources/Flash.o
 .group         0x00000000        0x8 ./Sources/Flash.o
 .group         0x00000000        0x8 ./Sources/Flash.o
 .group         0x00000000        0x8 ./Sources/Flash.o
 .group         0x00000000        0x8 ./Sources/Flash.o
 .group         0x00000000        0x8 ./Sources/Flash.o
 .group         0x00000000        0x8 ./Sources/Flash.o
 .group         0x00000000        0x8 ./Sources/Flash.o
 .text          0x00000000        0x0 ./Sources/Flash.o
 .data          0x00000000        0x0 ./Sources/Flash.o
 .bss           0x00000000        0x0 ./Sources/Flash.o
 .debug_macro   0x00000000      0x850 ./Sources/Flash.o
 .debug_macro   0x00000000       0x16 ./Sources/Flash.o
 .debug_macro   0x00000000       0x44 ./Sources/Flash.o
 .debug_macro   0x00000000      0x209 ./Sources/Flash.o
 .debug_macro   0x00000000       0x22 ./Sources/Flash.o
 .debug_macro   0x00000000    0x174c1 ./Sources/Flash.o
 .group         0x00000000        0x8 ./Sources/I2C.o
 .group         0x00000000        0x8 ./Sources/I2C.o
 .group         0x00000000        0x8 ./Sources/I2C.o
 .group         0x00000000        0x8 ./Sources/I2C.o
 .group         0x00000000        0x8 ./Sources/I2C.o
 .group         0x00000000        0x8 ./Sources/I2C.o
 .text          0x00000000        0x0 ./Sources/I2C.o
 .data          0x00000000        0x0 ./Sources/I2C.o
 .bss           0x00000000        0x0 ./Sources/I2C.o
 .bss.SlaveAddr
                0x00000000        0x1 ./Sources/I2C.o
 .bss.RegAddr   0x00000000        0x1 ./Sources/I2C.o
 .bss.InterruptCount
                0x00000000        0x1 ./Sources/I2C.o
 .rodata.MUL_VAL
                0x00000000        0x4 ./Sources/I2C.o
 .rodata.SCL_DIV_VAL
                0x00000000       0x64 ./Sources/I2C.o
 .text.I2CInterruptWait
                0x00000000       0x30 ./Sources/I2C.o
 .text.I2CBusWait
                0x00000000       0x20 ./Sources/I2C.o
 .text.I2CStart
                0x00000000       0x20 ./Sources/I2C.o
 .text.BaudRate
                0x00000000       0x20 ./Sources/I2C.o
 .text.I2C_Init
                0x00000000      0x128 ./Sources/I2C.o
 .text.I2C_SelectSlaveDevice
                0x00000000       0x20 ./Sources/I2C.o
 .text.I2C_Write
                0x00000000       0x4c ./Sources/I2C.o
 .text.I2C_PollRead
                0x00000000       0xfc ./Sources/I2C.o
 .text.I2C_IntRead
                0x00000000       0xac ./Sources/I2C.o
 .debug_macro   0x00000000      0x850 ./Sources/I2C.o
 .debug_macro   0x00000000       0x16 ./Sources/I2C.o
 .debug_macro   0x00000000       0x44 ./Sources/I2C.o
 .debug_macro   0x00000000      0x209 ./Sources/I2C.o
 .debug_macro   0x00000000       0x22 ./Sources/I2C.o
 .debug_macro   0x00000000    0x174c1 ./Sources/I2C.o
 .group         0x00000000        0x8 ./Sources/LEDs.o
 .group         0x00000000        0x8 ./Sources/LEDs.o
 .group         0x00000000        0x8 ./Sources/LEDs.o
 .group         0x00000000        0x8 ./Sources/LEDs.o
 .group         0x00000000        0x8 ./Sources/LEDs.o
 .group         0x00000000        0x8 ./Sources/LEDs.o
 .text          0x00000000        0x0 ./Sources/LEDs.o
 .data          0x00000000        0x0 ./Sources/LEDs.o
 .bss           0x00000000        0x0 ./Sources/LEDs.o
 .debug_macro   0x00000000      0x850 ./Sources/LEDs.o
 .debug_macro   0x00000000       0x16 ./Sources/LEDs.o
 .debug_macro   0x00000000       0x44 ./Sources/LEDs.o
 .debug_macro   0x00000000      0x209 ./Sources/LEDs.o
 .debug_macro   0x00000000       0x22 ./Sources/LEDs.o
 .debug_macro   0x00000000    0x174c1 ./Sources/LEDs.o
 .group         0x00000000        0x8 ./Sources/PIT.o
 .group         0x00000000        0x8 ./Sources/PIT.o
 .group         0x00000000        0x8 ./Sources/PIT.o
 .group         0x00000000        0x8 ./Sources/PIT.o
 .group         0x00000000        0x8 ./Sources/PIT.o
 .group         0x00000000        0x8 ./Sources/PIT.o
 .group         0x00000000        0x8 ./Sources/PIT.o
 .text          0x00000000        0x0 ./Sources/PIT.o
 .data          0x00000000        0x0 ./Sources/PIT.o
 .bss           0x00000000        0x0 ./Sources/PIT.o
 .debug_macro   0x00000000      0x850 ./Sources/PIT.o
 .debug_macro   0x00000000       0x16 ./Sources/PIT.o
 .debug_macro   0x00000000       0x44 ./Sources/PIT.o
 .debug_macro   0x00000000      0x209 ./Sources/PIT.o
 .debug_macro   0x00000000       0x22 ./Sources/PIT.o
 .debug_macro   0x00000000       0x30 ./Sources/PIT.o
 .debug_macro   0x00000000    0x174c1 ./Sources/PIT.o
 .group         0x00000000        0x8 ./Sources/RTC.o
 .group         0x00000000        0x8 ./Sources/RTC.o
 .group         0x00000000        0x8 ./Sources/RTC.o
 .group         0x00000000        0x8 ./Sources/RTC.o
 .group         0x00000000        0x8 ./Sources/RTC.o
 .group         0x00000000        0x8 ./Sources/RTC.o
 .text          0x00000000        0x0 ./Sources/RTC.o
 .data          0x00000000        0x0 ./Sources/RTC.o
 .bss           0x00000000        0x0 ./Sources/RTC.o
 .text.RTC_Init
                0x00000000       0xb0 ./Sources/RTC.o
 .text.RTC_Get  0x00000000       0xa8 ./Sources/RTC.o
 .debug_macro   0x00000000      0x850 ./Sources/RTC.o
 .debug_macro   0x00000000       0x16 ./Sources/RTC.o
 .debug_macro   0x00000000       0x44 ./Sources/RTC.o
 .debug_macro   0x00000000      0x209 ./Sources/RTC.o
 .debug_macro   0x00000000       0x22 ./Sources/RTC.o
 .debug_macro   0x00000000    0x174c1 ./Sources/RTC.o
 .group         0x00000000        0x8 ./Sources/UART.o
 .group         0x00000000        0x8 ./Sources/UART.o
 .group         0x00000000        0x8 ./Sources/UART.o
 .group         0x00000000        0x8 ./Sources/UART.o
 .group         0x00000000        0x8 ./Sources/UART.o
 .group         0x00000000        0x8 ./Sources/UART.o
 .group         0x00000000        0x8 ./Sources/UART.o
 .group         0x00000000        0x8 ./Sources/UART.o
 .group         0x00000000        0x8 ./Sources/UART.o
 .group         0x00000000        0x8 ./Sources/UART.o
 .group         0x00000000        0x8 ./Sources/UART.o
 .group         0x00000000        0x8 ./Sources/UART.o
 .text          0x00000000        0x0 ./Sources/UART.o
 .data          0x00000000        0x0 ./Sources/UART.o
 .bss           0x00000000        0x0 ./Sources/UART.o
 .debug_macro   0x00000000      0x850 ./Sources/UART.o
 .debug_macro   0x00000000       0x16 ./Sources/UART.o
 .debug_macro   0x00000000       0x44 ./Sources/UART.o
 .debug_macro   0x00000000      0x209 ./Sources/UART.o
 .debug_macro   0x00000000       0x22 ./Sources/UART.o
 .debug_macro   0x00000000       0x30 ./Sources/UART.o
 .debug_macro   0x00000000    0x174c1 ./Sources/UART.o
 .debug_macro   0x00000000     0x1800 ./Sources/UART.o
 .debug_macro   0x00000000      0x14e ./Sources/UART.o
 .debug_macro   0x00000000       0x64 ./Sources/UART.o
 .debug_macro   0x00000000       0x9a ./Sources/UART.o
 .group         0x00000000        0x8 ./Sources/accel.o
 .group         0x00000000        0x8 ./Sources/accel.o
 .group         0x00000000        0x8 ./Sources/accel.o
 .group         0x00000000        0x8 ./Sources/accel.o
 .group         0x00000000        0x8 ./Sources/accel.o
 .group         0x00000000        0x8 ./Sources/accel.o
 .group         0x00000000        0x8 ./Sources/accel.o
 .group         0x00000000        0x8 ./Sources/accel.o
 .group         0x00000000        0x8 ./Sources/accel.o
 .group         0x00000000        0x8 ./Sources/accel.o
 .text          0x00000000        0x0 ./Sources/accel.o
 .data          0x00000000        0x0 ./Sources/accel.o
 .bss           0x00000000        0x0 ./Sources/accel.o
 .bss.INT_SOURCE_Union
                0x00000000        0x4 ./Sources/accel.o
 .bss.CTRL_REG1_Union
                0x00000000        0x4 ./Sources/accel.o
 .bss.CTRL_REG3_Union
                0x00000000        0x4 ./Sources/accel.o
 .bss.CTRL_REG4_Union
                0x00000000        0x4 ./Sources/accel.o
 .bss.CTRL_REG5_Union
                0x00000000        0x4 ./Sources/accel.o
 .bss.ProtocolMode
                0x00000000        0x1 ./Sources/accel.o
 .bss.ARCCallback
                0x00000000        0x4 ./Sources/accel.o
 .bss.ARCArgs   0x00000000        0x4 ./Sources/accel.o
 .rodata.MMA_ADDR_SA0H
                0x00000000        0x1 ./Sources/accel.o
 .rodata.WHO_AM_I_REG_ADDR
                0x00000000        0x1 ./Sources/accel.o
 .text.Accel_Init
                0x00000000      0x154 ./Sources/accel.o
 .text.Accel_ReadXYZ
                0x00000000       0x38 ./Sources/accel.o
 .text.Accel_SetMode
                0x00000000       0x84 ./Sources/accel.o
 .debug_macro   0x00000000      0x850 ./Sources/accel.o
 .debug_macro   0x00000000       0x16 ./Sources/accel.o
 .debug_macro   0x00000000       0x44 ./Sources/accel.o
 .debug_macro   0x00000000      0x209 ./Sources/accel.o
 .debug_macro   0x00000000       0x22 ./Sources/accel.o
 .debug_macro   0x00000000    0x174c1 ./Sources/accel.o
 .debug_macro   0x00000000     0x1800 ./Sources/accel.o
 .debug_macro   0x00000000      0x14e ./Sources/accel.o
 .debug_macro   0x00000000       0x64 ./Sources/accel.o
 .debug_macro   0x00000000       0x9a ./Sources/accel.o
 .group         0x00000000        0x8 ./Sources/main.o
 .group         0x00000000        0x8 ./Sources/main.o
 .group         0x00000000        0x8 ./Sources/main.o
 .group         0x00000000        0x8 ./Sources/main.o
 .group         0x00000000        0x8 ./Sources/main.o
 .group         0x00000000        0x8 ./Sources/main.o
 .group         0x00000000        0x8 ./Sources/main.o
 .group         0x00000000        0x8 ./Sources/main.o
 .group         0x00000000        0x8 ./Sources/main.o
 .group         0x00000000        0x8 ./Sources/main.o
 .group         0x00000000        0x8 ./Sources/main.o
 .group         0x00000000        0x8 ./Sources/main.o
 .group         0x00000000        0x8 ./Sources/main.o
 .text          0x00000000        0x0 ./Sources/main.o
 .data          0x00000000        0x0 ./Sources/main.o
 .bss           0x00000000        0x0 ./Sources/main.o
 .bss.MainThreadStack
                0x00000000      0x190 ./Sources/main.o
 .bss.MainSemaphore
                0x00000000        0x4 ./Sources/main.o
 .rodata.BAUD_RATE
                0x00000000        0x4 ./Sources/main.o
 .text.RTCCallback
                0x00000000       0x38 ./Sources/main.o
 .text.MainThread
                0x00000000       0x34 ./Sources/main.o
 .debug_macro   0x00000000      0x850 ./Sources/main.o
 .debug_macro   0x00000000       0x16 ./Sources/main.o
 .debug_macro   0x00000000       0x44 ./Sources/main.o
 .debug_macro   0x00000000      0x209 ./Sources/main.o
 .debug_macro   0x00000000     0x17fa ./Sources/main.o
 .debug_macro   0x00000000      0x14e ./Sources/main.o
 .debug_macro   0x00000000       0x64 ./Sources/main.o
 .debug_macro   0x00000000    0x174c1 ./Sources/main.o
 .debug_macro   0x00000000       0x9a ./Sources/main.o
 .debug_macro   0x00000000       0x22 ./Sources/main.o
 .debug_macro   0x00000000       0x30 ./Sources/main.o
 .group         0x00000000        0x8 ./Sources/median.o
 .group         0x00000000        0x8 ./Sources/median.o
 .group         0x00000000        0x8 ./Sources/median.o
 .group         0x00000000        0x8 ./Sources/median.o
 .group         0x00000000        0x8 ./Sources/median.o
 .text          0x00000000        0x0 ./Sources/median.o
 .data          0x00000000        0x0 ./Sources/median.o
 .bss           0x00000000        0x0 ./Sources/median.o
 .text.Median_Filter3
                0x00000000       0x5c ./Sources/median.o
 .debug_info    0x00000000       0xd3 ./Sources/median.o
 .debug_abbrev  0x00000000       0x6c ./Sources/median.o
 .debug_aranges
                0x00000000       0x20 ./Sources/median.o
 .debug_ranges  0x00000000       0x10 ./Sources/median.o
 .debug_macro   0x00000000       0x5f ./Sources/median.o
 .debug_macro   0x00000000      0x850 ./Sources/median.o
 .debug_macro   0x00000000       0x16 ./Sources/median.o
 .debug_macro   0x00000000       0x44 ./Sources/median.o
 .debug_macro   0x00000000      0x209 ./Sources/median.o
 .debug_macro   0x00000000       0x22 ./Sources/median.o
 .debug_line    0x00000000      0x1a3 ./Sources/median.o
 .debug_str     0x00000000     0x2f7f ./Sources/median.o
 .comment       0x00000000       0x71 ./Sources/median.o
 .ARM.attributes
                0x00000000       0x39 ./Sources/median.o
 .debug_frame   0x00000000       0x2c ./Sources/median.o
 .group         0x00000000        0x8 ./Sources/packet.o
 .group         0x00000000        0x8 ./Sources/packet.o
 .group         0x00000000        0x8 ./Sources/packet.o
 .group         0x00000000        0x8 ./Sources/packet.o
 .group         0x00000000        0x8 ./Sources/packet.o
 .group         0x00000000        0x8 ./Sources/packet.o
 .group         0x00000000        0x8 ./Sources/packet.o
 .text          0x00000000        0x0 ./Sources/packet.o
 .data          0x00000000        0x0 ./Sources/packet.o
 .bss           0x00000000        0x0 ./Sources/packet.o
 .debug_macro   0x00000000      0x850 ./Sources/packet.o
 .debug_macro   0x00000000       0x16 ./Sources/packet.o
 .debug_macro   0x00000000       0x44 ./Sources/packet.o
 .debug_macro   0x00000000      0x209 ./Sources/packet.o
 .debug_macro   0x00000000       0x22 ./Sources/packet.o
 .debug_macro   0x00000000       0x30 ./Sources/packet.o
 .debug_macro   0x00000000       0x3a ./Sources/packet.o
 .group         0x00000000        0x8 ./Project_Settings/Startup_Code/startup.o
 .group         0x00000000        0x8 ./Project_Settings/Startup_Code/startup.o
 .group         0x00000000        0x8 ./Project_Settings/Startup_Code/startup.o
 .group         0x00000000        0x8 ./Project_Settings/Startup_Code/startup.o
 .group         0x00000000        0x8 ./Project_Settings/Startup_Code/startup.o
 .group         0x00000000        0x8 ./Project_Settings/Startup_Code/startup.o
 .group         0x00000000        0x8 ./Project_Settings/Startup_Code/startup.o
 .group         0x00000000        0x8 ./Project_Settings/Startup_Code/startup.o
 .group         0x00000000        0x8 ./Project_Settings/Startup_Code/startup.o
 .group         0x00000000        0x8 ./Project_Settings/Startup_Code/startup.o
 .group         0x00000000        0x8 ./Project_Settings/Startup_Code/startup.o
 .group         0x00000000        0x8 ./Project_Settings/Startup_Code/startup.o
 .group         0x00000000        0x8 ./Project_Settings/Startup_Code/startup.o
 .group         0x00000000        0x8 ./Project_Settings/Startup_Code/startup.o
 .group         0x00000000        0x8 ./Project_Settings/Startup_Code/startup.o
 .group         0x00000000        0x8 ./Project_Settings/Startup_Code/startup.o
 .group         0x00000000        0x8 ./Project_Settings/Startup_Code/startup.o
 .group         0x00000000        0x8 ./Project_Settings/Startup_Code/startup.o
 .group         0x00000000        0x8 ./Project_Settings/Startup_Code/startup.o
 .text          0x00000000        0x0 ./Project_Settings/Startup_Code/startup.o
 .data          0x00000000        0x0 ./Project_Settings/Startup_Code/startup.o
 .bss           0x00000000        0x0 ./Project_Settings/Startup_Code/startup.o
 .text.__init_hardware
                0x00000000        0xc ./Project_Settings/Startup_Code/startup.o
 .text.__iar_program_start
                0x00000000        0xc ./Project_Settings/Startup_Code/startup.o
 .debug_macro   0x00000000      0x850 ./Project_Settings/Startup_Code/startup.o
 .debug_macro   0x00000000       0x58 ./Project_Settings/Startup_Code/startup.o
 .debug_macro   0x00000000       0x16 ./Project_Settings/Startup_Code/startup.o
 .debug_macro   0x00000000       0x35 ./Project_Settings/Startup_Code/startup.o
 .debug_macro   0x00000000       0xa3 ./Project_Settings/Startup_Code/startup.o
 .debug_macro   0x00000000      0x166 ./Project_Settings/Startup_Code/startup.o
 .debug_macro   0x00000000       0x52 ./Project_Settings/Startup_Code/startup.o
 .debug_macro   0x00000000       0x16 ./Project_Settings/Startup_Code/startup.o
 .debug_macro   0x00000000       0x43 ./Project_Settings/Startup_Code/startup.o
 .debug_macro   0x00000000      0x180 ./Project_Settings/Startup_Code/startup.o
 .group         0x00000000        0x8 ./Generated_Code/Cpu.o
 .group         0x00000000        0x8 ./Generated_Code/Cpu.o
 .group         0x00000000        0x8 ./Generated_Code/Cpu.o
 .group         0x00000000        0x8 ./Generated_Code/Cpu.o
 .group         0x00000000        0x8 ./Generated_Code/Cpu.o
 .group         0x00000000        0x8 ./Generated_Code/Cpu.o
 .group         0x00000000        0x8 ./Generated_Code/Cpu.o
 .group         0x00000000        0x8 ./Generated_Code/Cpu.o
 .group         0x00000000        0x8 ./Generated_Code/Cpu.o
 .text          0x00000000        0x0 ./Generated_Code/Cpu.o
 .data          0x00000000        0x0 ./Generated_Code/Cpu.o
 .bss           0x00000000        0x0 ./Generated_Code/Cpu.o
 .debug_macro   0x00000000      0x850 ./Generated_Code/Cpu.o
 .debug_macro   0x00000000       0x16 ./Generated_Code/Cpu.o
 .debug_macro   0x00000000       0x44 ./Generated_Code/Cpu.o
 .debug_macro   0x00000000      0x209 ./Generated_Code/Cpu.o
 .debug_macro   0x00000000     0x17fa ./Generated_Code/Cpu.o
 .debug_macro   0x00000000      0x14e ./Generated_Code/Cpu.o
 .debug_macro   0x00000000       0x64 ./Generated_Code/Cpu.o
 .debug_macro   0x00000000    0x174c1 ./Generated_Code/Cpu.o
 .group         0x00000000        0x8 ./Generated_Code/PE_LDD.o
 .group         0x00000000        0x8 ./Generated_Code/PE_LDD.o
 .group         0x00000000        0x8 ./Generated_Code/PE_LDD.o
 .group         0x00000000        0x8 ./Generated_Code/PE_LDD.o
 .group         0x00000000        0x8 ./Generated_Code/PE_LDD.o
 .group         0x00000000        0x8 ./Generated_Code/PE_LDD.o
 .group         0x00000000        0x8 ./Generated_Code/PE_LDD.o
 .group         0x00000000        0x8 ./Generated_Code/PE_LDD.o
 .group         0x00000000        0x8 ./Generated_Code/PE_LDD.o
 .text          0x00000000        0x0 ./Generated_Code/PE_LDD.o
 .data          0x00000000        0x0 ./Generated_Code/PE_LDD.o
 .bss           0x00000000        0x0 ./Generated_Code/PE_LDD.o
 .rodata.PE_CpuClockConfigurations
                0x00000000       0x28 ./Generated_Code/PE_LDD.o
 .text.PE_FillMemory
                0x00000000       0x24 ./Generated_Code/PE_LDD.o
 .text.PE_PeripheralUsed
                0x00000000       0x18 ./Generated_Code/PE_LDD.o
 .text.LDD_SetClockConfiguration
                0x00000000       0x14 ./Generated_Code/PE_LDD.o
 .debug_info    0x00000000      0x215 ./Generated_Code/PE_LDD.o
 .debug_abbrev  0x00000000       0xf3 ./Generated_Code/PE_LDD.o
 .debug_aranges
                0x00000000       0x30 ./Generated_Code/PE_LDD.o
 .debug_ranges  0x00000000       0x20 ./Generated_Code/PE_LDD.o
 .debug_macro   0x00000000       0x8f ./Generated_Code/PE_LDD.o
 .debug_macro   0x00000000      0x850 ./Generated_Code/PE_LDD.o
 .debug_macro   0x00000000       0x16 ./Generated_Code/PE_LDD.o
 .debug_macro   0x00000000       0x44 ./Generated_Code/PE_LDD.o
 .debug_macro   0x00000000      0x209 ./Generated_Code/PE_LDD.o
 .debug_macro   0x00000000     0x17fa ./Generated_Code/PE_LDD.o
 .debug_macro   0x00000000      0x14e ./Generated_Code/PE_LDD.o
 .debug_macro   0x00000000       0x64 ./Generated_Code/PE_LDD.o
 .debug_macro   0x00000000    0x174c1 ./Generated_Code/PE_LDD.o
 .debug_macro   0x00000000       0x9a ./Generated_Code/PE_LDD.o
 .debug_line    0x00000000      0x238 ./Generated_Code/PE_LDD.o
 .debug_str     0x00000000    0x8a788 ./Generated_Code/PE_LDD.o
 .comment       0x00000000       0x71 ./Generated_Code/PE_LDD.o
 .ARM.attributes
                0x00000000       0x39 ./Generated_Code/PE_LDD.o
 .debug_frame   0x00000000       0x64 ./Generated_Code/PE_LDD.o
 .group         0x00000000        0x8 ./Generated_Code/Vectors.o
 .group         0x00000000        0x8 ./Generated_Code/Vectors.o
 .group         0x00000000        0x8 ./Generated_Code/Vectors.o
 .group         0x00000000        0x8 ./Generated_Code/Vectors.o
 .group         0x00000000        0x8 ./Generated_Code/Vectors.o
 .group         0x00000000        0x8 ./Generated_Code/Vectors.o
 .group         0x00000000        0x8 ./Generated_Code/Vectors.o
 .group         0x00000000        0x8 ./Generated_Code/Vectors.o
 .group         0x00000000        0x8 ./Generated_Code/Vectors.o
 .group         0x00000000        0x8 ./Generated_Code/Vectors.o
 .group         0x00000000        0x8 ./Generated_Code/Vectors.o
 .text          0x00000000        0x0 ./Generated_Code/Vectors.o
 .data          0x00000000        0x0 ./Generated_Code/Vectors.o
 .bss           0x00000000        0x0 ./Generated_Code/Vectors.o
 .bss.PITSemaphore
                0x00000000        0x4 ./Generated_Code/Vectors.o
 .debug_macro   0x00000000      0x850 ./Generated_Code/Vectors.o
 .debug_macro   0x00000000       0x16 ./Generated_Code/Vectors.o
 .debug_macro   0x00000000       0x44 ./Generated_Code/Vectors.o
 .debug_macro   0x00000000      0x209 ./Generated_Code/Vectors.o
 .debug_macro   0x00000000     0x17fa ./Generated_Code/Vectors.o
 .debug_macro   0x00000000      0x14e ./Generated_Code/Vectors.o
 .debug_macro   0x00000000       0x64 ./Generated_Code/Vectors.o
 .debug_macro   0x00000000    0x174c1 ./Generated_Code/Vectors.o
 .debug_macro   0x00000000       0x9a ./Generated_Code/Vectors.o
 .debug_macro   0x00000000       0x22 ./Generated_Code/Vectors.o
 .debug_macro   0x00000000       0x30 ./Generated_Code/Vectors.o
 .group         0x00000000        0x8 C:\Users\11990405\Desktop\Lab5_Jason\Library\libOS.a(OS.o)
 .group         0x00000000        0x8 C:\Users\11990405\Desktop\Lab5_Jason\Library\libOS.a(OS.o)
 .group         0x00000000        0x8 C:\Users\11990405\Desktop\Lab5_Jason\Library\libOS.a(OS.o)
 .group         0x00000000        0x8 C:\Users\11990405\Desktop\Lab5_Jason\Library\libOS.a(OS.o)
 .group         0x00000000        0x8 C:\Users\11990405\Desktop\Lab5_Jason\Library\libOS.a(OS.o)
 .group         0x00000000        0x8 C:\Users\11990405\Desktop\Lab5_Jason\Library\libOS.a(OS.o)
 .group         0x00000000        0x8 C:\Users\11990405\Desktop\Lab5_Jason\Library\libOS.a(OS.o)
 .group         0x00000000        0x8 C:\Users\11990405\Desktop\Lab5_Jason\Library\libOS.a(OS.o)
 .group         0x00000000        0x8 C:\Users\11990405\Desktop\Lab5_Jason\Library\libOS.a(OS.o)
 .group         0x00000000        0x8 C:\Users\11990405\Desktop\Lab5_Jason\Library\libOS.a(OS.o)
 .group         0x00000000        0x8 C:\Users\11990405\Desktop\Lab5_Jason\Library\libOS.a(OS.o)
 .text          0x00000000        0x0 C:\Users\11990405\Desktop\Lab5_Jason\Library\libOS.a(OS.o)
 .data          0x00000000        0x0 C:\Users\11990405\Desktop\Lab5_Jason\Library\libOS.a(OS.o)
 .bss           0x00000000        0x0 C:\Users\11990405\Desktop\Lab5_Jason\Library\libOS.a(OS.o)
 .rodata.OS_TICK_FREQUENCY
                0x00000000        0x4 C:\Users\11990405\Desktop\Lab5_Jason\Library\libOS.a(OS.o)
 .text.OS_TimeDelay
                0x00000000       0x48 C:\Users\11990405\Desktop\Lab5_Jason\Library\libOS.a(OS.o)
 .text.OS_TimeGet
                0x00000000       0x24 C:\Users\11990405\Desktop\Lab5_Jason\Library\libOS.a(OS.o)
 .text.OS_TimeSet
                0x00000000       0x20 C:\Users\11990405\Desktop\Lab5_Jason\Library\libOS.a(OS.o)
 .debug_macro   0x00000000      0x850 C:\Users\11990405\Desktop\Lab5_Jason\Library\libOS.a(OS.o)
 .debug_macro   0x00000000       0x16 C:\Users\11990405\Desktop\Lab5_Jason\Library\libOS.a(OS.o)
 .debug_macro   0x00000000       0x44 C:\Users\11990405\Desktop\Lab5_Jason\Library\libOS.a(OS.o)
 .debug_macro   0x00000000      0x209 C:\Users\11990405\Desktop\Lab5_Jason\Library\libOS.a(OS.o)
 .debug_macro   0x00000000     0x17fa C:\Users\11990405\Desktop\Lab5_Jason\Library\libOS.a(OS.o)
 .debug_macro   0x00000000      0x14e C:\Users\11990405\Desktop\Lab5_Jason\Library\libOS.a(OS.o)
 .debug_macro   0x00000000       0x64 C:\Users\11990405\Desktop\Lab5_Jason\Library\libOS.a(OS.o)
 .debug_macro   0x00000000    0x174c1 C:\Users\11990405\Desktop\Lab5_Jason\Library\libOS.a(OS.o)
 .debug_macro   0x00000000       0x22 C:\Users\11990405\Desktop\Lab5_Jason\Library\libOS.a(OS.o)
 .data          0x00000000        0x0 c:/freescale/kds_3.0.0/toolchain/bin/../lib/gcc/arm-none-eabi/4.8.4/armv7e-m/fpu\libgcc.a(_arm_addsubdf3.o)
 .bss           0x00000000        0x0 c:/freescale/kds_3.0.0/toolchain/bin/../lib/gcc/arm-none-eabi/4.8.4/armv7e-m/fpu\libgcc.a(_arm_addsubdf3.o)
 .data          0x00000000        0x0 c:/freescale/kds_3.0.0/toolchain/bin/../lib/gcc/arm-none-eabi/4.8.4/armv7e-m/fpu\libgcc.a(_arm_muldivdf3.o)
 .bss           0x00000000        0x0 c:/freescale/kds_3.0.0/toolchain/bin/../lib/gcc/arm-none-eabi/4.8.4/armv7e-m/fpu\libgcc.a(_arm_muldivdf3.o)
 .data          0x00000000        0x0 c:/freescale/kds_3.0.0/toolchain/bin/../lib/gcc/arm-none-eabi/4.8.4/armv7e-m/fpu\libgcc.a(_arm_fixunsdfsi.o)
 .bss           0x00000000        0x0 c:/freescale/kds_3.0.0/toolchain/bin/../lib/gcc/arm-none-eabi/4.8.4/armv7e-m/fpu\libgcc.a(_arm_fixunsdfsi.o)
 .text          0x00000000        0x0 c:/freescale/kds_3.0.0/toolchain/bin/../lib/gcc/arm-none-eabi/4.8.4/../../../../arm-none-eabi/lib/armv7e-m/fpu\libg_s.a(lib_a-exit.o)
 .data          0x00000000        0x0 c:/freescale/kds_3.0.0/toolchain/bin/../lib/gcc/arm-none-eabi/4.8.4/../../../../arm-none-eabi/lib/armv7e-m/fpu\libg_s.a(lib_a-exit.o)
 .bss           0x00000000        0x0 c:/freescale/kds_3.0.0/toolchain/bin/../lib/gcc/arm-none-eabi/4.8.4/../../../../arm-none-eabi/lib/armv7e-m/fpu\libg_s.a(lib_a-exit.o)
 .text          0x00000000        0x0 c:/freescale/kds_3.0.0/toolchain/bin/../lib/gcc/arm-none-eabi/4.8.4/../../../../arm-none-eabi/lib/armv7e-m/fpu\libg_s.a(lib_a-impure.o)
 .data          0x00000000        0x0 c:/freescale/kds_3.0.0/toolchain/bin/../lib/gcc/arm-none-eabi/4.8.4/../../../../arm-none-eabi/lib/armv7e-m/fpu\libg_s.a(lib_a-impure.o)
 .bss           0x00000000        0x0 c:/freescale/kds_3.0.0/toolchain/bin/../lib/gcc/arm-none-eabi/4.8.4/../../../../arm-none-eabi/lib/armv7e-m/fpu\libg_s.a(lib_a-impure.o)
 .data._impure_ptr
                0x00000000        0x4 c:/freescale/kds_3.0.0/toolchain/bin/../lib/gcc/arm-none-eabi/4.8.4/../../../../arm-none-eabi/lib/armv7e-m/fpu\libg_s.a(lib_a-impure.o)
 .text          0x00000000        0x0 c:/freescale/kds_3.0.0/toolchain/bin/../lib/gcc/arm-none-eabi/4.8.4/../../../../arm-none-eabi/lib/armv7e-m/fpu\libg_s.a(lib_a-init.o)
 .data          0x00000000        0x0 c:/freescale/kds_3.0.0/toolchain/bin/../lib/gcc/arm-none-eabi/4.8.4/../../../../arm-none-eabi/lib/armv7e-m/fpu\libg_s.a(lib_a-init.o)
 .bss           0x00000000        0x0 c:/freescale/kds_3.0.0/toolchain/bin/../lib/gcc/arm-none-eabi/4.8.4/../../../../arm-none-eabi/lib/armv7e-m/fpu\libg_s.a(lib_a-init.o)
 .text          0x00000000        0x0 c:/freescale/kds_3.0.0/toolchain/bin/../lib/gcc/arm-none-eabi/4.8.4/../../../../arm-none-eabi/lib/armv7e-m/fpu\libg_s.a(lib_a-memset.o)
 .data          0x00000000        0x0 c:/freescale/kds_3.0.0/toolchain/bin/../lib/gcc/arm-none-eabi/4.8.4/../../../../arm-none-eabi/lib/armv7e-m/fpu\libg_s.a(lib_a-memset.o)
 .bss           0x00000000        0x0 c:/freescale/kds_3.0.0/toolchain/bin/../lib/gcc/arm-none-eabi/4.8.4/../../../../arm-none-eabi/lib/armv7e-m/fpu\libg_s.a(lib_a-memset.o)
 .text          0x00000000        0x0 c:/freescale/kds_3.0.0/toolchain/bin/../lib/gcc/arm-none-eabi/4.8.4/../../../../arm-none-eabi/lib/armv7e-m/fpu\libnosys.a(_exit.o)
 .data          0x00000000        0x0 c:/freescale/kds_3.0.0/toolchain/bin/../lib/gcc/arm-none-eabi/4.8.4/../../../../arm-none-eabi/lib/armv7e-m/fpu\libnosys.a(_exit.o)
 .bss           0x00000000        0x0 c:/freescale/kds_3.0.0/toolchain/bin/../lib/gcc/arm-none-eabi/4.8.4/../../../../arm-none-eabi/lib/armv7e-m/fpu\libnosys.a(_exit.o)
 .text          0x00000000        0x0 c:/freescale/kds_3.0.0/toolchain/bin/../lib/gcc/arm-none-eabi/4.8.4/armv7e-m/fpu/crtend.o
 .data          0x00000000        0x0 c:/freescale/kds_3.0.0/toolchain/bin/../lib/gcc/arm-none-eabi/4.8.4/armv7e-m/fpu/crtend.o
 .bss           0x00000000        0x0 c:/freescale/kds_3.0.0/toolchain/bin/../lib/gcc/arm-none-eabi/4.8.4/armv7e-m/fpu/crtend.o
 .eh_frame      0x00000000        0x4 c:/freescale/kds_3.0.0/toolchain/bin/../lib/gcc/arm-none-eabi/4.8.4/armv7e-m/fpu/crtend.o
 .jcr           0x00000000        0x4 c:/freescale/kds_3.0.0/toolchain/bin/../lib/gcc/arm-none-eabi/4.8.4/armv7e-m/fpu/crtend.o
 .ARM.attributes
                0x00000000       0x34 c:/freescale/kds_3.0.0/toolchain/bin/../lib/gcc/arm-none-eabi/4.8.4/armv7e-m/fpu/crtend.o
 .text          0x00000000        0x0 c:/freescale/kds_3.0.0/toolchain/bin/../lib/gcc/arm-none-eabi/4.8.4/armv7e-m/fpu/crtn.o
 .data          0x00000000        0x0 c:/freescale/kds_3.0.0/toolchain/bin/../lib/gcc/arm-none-eabi/4.8.4/armv7e-m/fpu/crtn.o
 .bss           0x00000000        0x0 c:/freescale/kds_3.0.0/toolchain/bin/../lib/gcc/arm-none-eabi/4.8.4/armv7e-m/fpu/crtn.o

Memory Configuration

Name             Origin             Length             Attributes
m_interrupts     0x00000000         0x000001e8         xr
m_text           0x00000410         0x0007fbf0         xr
m_data           0x1fff0000         0x00010000         rw
m_data_20000000  0x20000000         0x00010000         rw
m_cfmprotrom     0x00000400         0x00000010         xr
*default*        0x00000000         0xffffffff

Linker script and memory map

LOAD c:/freescale/kds_3.0.0/toolchain/bin/../lib/gcc/arm-none-eabi/4.8.4/armv7e-m/fpu/crti.o
LOAD c:/freescale/kds_3.0.0/toolchain/bin/../lib/gcc/arm-none-eabi/4.8.4/armv7e-m/fpu/crtbegin.o
LOAD c:/freescale/kds_3.0.0/toolchain/bin/../lib/gcc/arm-none-eabi/4.8.4/../../../../arm-none-eabi/lib/armv7e-m/fpu/crt0.o
LOAD ./Sources/Events.o
LOAD ./Sources/FIFO.o
LOAD ./Sources/FTM.o
LOAD ./Sources/Flash.o
LOAD ./Sources/I2C.o
LOAD ./Sources/LEDs.o
LOAD ./Sources/PIT.o
LOAD ./Sources/RTC.o
LOAD ./Sources/UART.o
LOAD ./Sources/accel.o
LOAD ./Sources/main.o
LOAD ./Sources/median.o
LOAD ./Sources/packet.o
LOAD ./Project_Settings/Startup_Code/startup.o
LOAD ./Generated_Code/Cpu.o
LOAD ./Generated_Code/PE_LDD.o
LOAD ./Generated_Code/Vectors.o
LOAD C:\Users\11990405\Desktop\Lab5_Jason\Library\libOS.a
LOAD c:/freescale/kds_3.0.0/toolchain/bin/../lib/gcc/arm-none-eabi/4.8.4/../../../../arm-none-eabi/lib/armv7e-m/fpu\libstdc++_s.a
LOAD c:/freescale/kds_3.0.0/toolchain/bin/../lib/gcc/arm-none-eabi/4.8.4/../../../../arm-none-eabi/lib/armv7e-m/fpu\libm.a
START GROUP
LOAD c:/freescale/kds_3.0.0/toolchain/bin/../lib/gcc/arm-none-eabi/4.8.4/armv7e-m/fpu\libgcc.a
LOAD c:/freescale/kds_3.0.0/toolchain/bin/../lib/gcc/arm-none-eabi/4.8.4/../../../../arm-none-eabi/lib/armv7e-m/fpu\libg_s.a
LOAD c:/freescale/kds_3.0.0/toolchain/bin/../lib/gcc/arm-none-eabi/4.8.4/../../../../arm-none-eabi/lib/armv7e-m/fpu\libc_s.a
END GROUP
START GROUP
LOAD c:/freescale/kds_3.0.0/toolchain/bin/../lib/gcc/arm-none-eabi/4.8.4/armv7e-m/fpu\libgcc.a
LOAD c:/freescale/kds_3.0.0/toolchain/bin/../lib/gcc/arm-none-eabi/4.8.4/../../../../arm-none-eabi/lib/armv7e-m/fpu\libc_s.a
LOAD c:/freescale/kds_3.0.0/toolchain/bin/../lib/gcc/arm-none-eabi/4.8.4/../../../../arm-none-eabi/lib/armv7e-m/fpu\libnosys.a
END GROUP
START GROUP
LOAD c:/freescale/kds_3.0.0/toolchain/bin/../lib/gcc/arm-none-eabi/4.8.4/armv7e-m/fpu\libgcc.a
LOAD c:/freescale/kds_3.0.0/toolchain/bin/../lib/gcc/arm-none-eabi/4.8.4/../../../../arm-none-eabi/lib/armv7e-m/fpu\libc_s.a
LOAD c:/freescale/kds_3.0.0/toolchain/bin/../lib/gcc/arm-none-eabi/4.8.4/../../../../arm-none-eabi/lib/armv7e-m/fpu\libnosys.a
END GROUP
LOAD c:/freescale/kds_3.0.0/toolchain/bin/../lib/gcc/arm-none-eabi/4.8.4/armv7e-m/fpu/crtend.o
LOAD c:/freescale/kds_3.0.0/toolchain/bin/../lib/gcc/arm-none-eabi/4.8.4/armv7e-m/fpu/crtn.o
                0x20000000                _estack = 0x20000000
                0x20000000                __SP_INIT = _estack
                0x20000000                __stack = _estack
                0x00000000                __heap_size = 0x0
                0x00000400                __stack_size = 0x400

.interrupts     0x00000000      0x1e8
                0x00000000                __vector_table = .
                0x00000000                . = ALIGN (0x4)
 *(.vectortable)
 .vectortable   0x00000000      0x1e8 ./Generated_Code/Vectors.o
                0x00000000                __vect_table
                0x000001e8                . = ALIGN (0x4)

.cfmprotect     0x00000400       0x10
                0x00000400                . = ALIGN (0x4)
 *(.cfmconfig)
 .cfmconfig     0x00000400       0x10 ./Generated_Code/Cpu.o
                0x00000400                _cfm
                0x00000410                . = ALIGN (0x4)

.text           0x00000410     0x2c84
                0x00000410                . = ALIGN (0x4)
 *(.text)
 .text          0x00000410       0x54 c:/freescale/kds_3.0.0/toolchain/bin/../lib/gcc/arm-none-eabi/4.8.4/armv7e-m/fpu/crtbegin.o
 .text          0x00000464       0x74 c:/freescale/kds_3.0.0/toolchain/bin/../lib/gcc/arm-none-eabi/4.8.4/../../../../arm-none-eabi/lib/armv7e-m/fpu/crt0.o
                0x00000464                _start
                0x00000464                _mainCRTStartup
 .text          0x000004d8      0x370 c:/freescale/kds_3.0.0/toolchain/bin/../lib/gcc/arm-none-eabi/4.8.4/armv7e-m/fpu\libgcc.a(_arm_addsubdf3.o)
                0x000004d8                __aeabi_drsub
                0x000004e0                __aeabi_dsub
                0x000004e0                __subdf3
                0x000004e4                __aeabi_dadd
                0x000004e4                __adddf3
                0x0000075c                __floatunsidf
                0x0000075c                __aeabi_ui2d
                0x0000077c                __floatsidf
                0x0000077c                __aeabi_i2d
                0x000007a0                __aeabi_f2d
                0x000007a0                __extendsfdf2
                0x000007dc                __floatundidf
                0x000007dc                __aeabi_ul2d
                0x000007ec                __floatdidf
                0x000007ec                __aeabi_l2d
 .text          0x00000848      0x424 c:/freescale/kds_3.0.0/toolchain/bin/../lib/gcc/arm-none-eabi/4.8.4/armv7e-m/fpu\libgcc.a(_arm_muldivdf3.o)
                0x00000848                __aeabi_dmul
                0x00000848                __muldf3
                0x00000a9c                __divdf3
                0x00000a9c                __aeabi_ddiv
 .text          0x00000c6c       0x40 c:/freescale/kds_3.0.0/toolchain/bin/../lib/gcc/arm-none-eabi/4.8.4/armv7e-m/fpu\libgcc.a(_arm_fixunsdfsi.o)
                0x00000c6c                __aeabi_d2uiz
                0x00000c6c                __fixunsdfsi
 *(.text*)
 .text.FIFO_Init
                0x00000cac       0x4c ./Sources/FIFO.o
                0x00000cac                FIFO_Init
 .text.FIFO_Put
                0x00000cf8       0x80 ./Sources/FIFO.o
                0x00000cf8                FIFO_Put
 .text.FIFO_Get
                0x00000d78       0x80 ./Sources/FIFO.o
                0x00000d78                FIFO_Get
 .text.FTM_Init
                0x00000df8       0x74 ./Sources/FTM.o
                0x00000df8                FTM_Init
 .text.FTM_StartTimer
                0x00000e6c       0x78 ./Sources/FTM.o
                0x00000e6c                FTM_StartTimer
 .text.FTM0_ISR
                0x00000ee4       0x80 ./Sources/FTM.o
                0x00000ee4                FTM0_ISR
 .text.PrepareCWS
                0x00000f64       0x40 ./Sources/Flash.o
 .text.ExecuteCWS
                0x00000fa4       0x78 ./Sources/Flash.o
 .text.Flash_Init
                0x0000101c       0x24 ./Sources/Flash.o
                0x0000101c                Flash_Init
 .text.Flash_AllocateVar
                0x00001040      0x10c ./Sources/Flash.o
                0x00001040                Flash_AllocateVar
 .text.WritePhrase
                0x0000114c       0x80 ./Sources/Flash.o
 .text.Flash_Write32
                0x000011cc       0x54 ./Sources/Flash.o
                0x000011cc                Flash_Write32
 .text.Flash_Write16
                0x00001220       0x5c ./Sources/Flash.o
                0x00001220                Flash_Write16
 .text.Flash_Write8
                0x0000127c       0x5c ./Sources/Flash.o
                0x0000127c                Flash_Write8
 .text.Flash_Erase
                0x000012d8       0x40 ./Sources/Flash.o
                0x000012d8                Flash_Erase
 .text.I2CStop  0x00001318       0x30 ./Sources/I2C.o
 .text.I2C_ISR  0x00001348       0xf4 ./Sources/I2C.o
                0x00001348                I2C_ISR
 .text.LEDs_Init
                0x0000143c       0xc4 ./Sources/LEDs.o
                0x0000143c                LEDs_Init
 .text.LEDs_On  0x00001500       0x1c ./Sources/LEDs.o
                0x00001500                LEDs_On
 .text.LEDs_Off
                0x0000151c       0x1c ./Sources/LEDs.o
                0x0000151c                LEDs_Off
 .text.LEDs_Toggle
                0x00001538       0x1c ./Sources/LEDs.o
                0x00001538                LEDs_Toggle
 .text.PIT_Init
                0x00001554       0x84 ./Sources/PIT.o
                0x00001554                PIT_Init
 .text.PIT_Set  0x000015d8       0x88 ./Sources/PIT.o
                0x000015d8                PIT_Set
 .text.PIT_Enable
                0x00001660       0x40 ./Sources/PIT.o
                0x00001660                PIT_Enable
 .text.PIT_ISR  0x000016a0       0x40 ./Sources/PIT.o
                0x000016a0                PIT_ISR
 .text.RTC_Set  0x000016e0       0xac ./Sources/RTC.o
                0x000016e0                RTC_Set
 .text.RTC_ISR  0x0000178c       0x34 ./Sources/RTC.o
                0x0000178c                RTC_ISR
 .text.UART_Init
                0x000017c0      0x170 ./Sources/UART.o
                0x000017c0                UART_Init
 .text.UART_InChar
                0x00001930       0x20 ./Sources/UART.o
                0x00001930                UART_InChar
 .text.UART_OutChar
                0x00001950       0x24 ./Sources/UART.o
                0x00001950                UART_OutChar
 .text.RxUARTThread
                0x00001974       0x40 ./Sources/UART.o
                0x00001974                RxUARTThread
 .text.TxUARTThread
                0x000019b4       0x40 ./Sources/UART.o
                0x000019b4                TxUARTThread
 .text.UART_ISR
                0x000019f4       0x7c ./Sources/UART.o
                0x000019f4                UART_ISR
 .text.AccelDataReady_ISR
                0x00001a70       0x48 ./Sources/accel.o
                0x00001a70                AccelDataReady_ISR
 .text.PacketProcessor
                0x00001ab8      0x3bc ./Sources/main.o
                0x00001ab8                PacketProcessor
 .text.PITThread
                0x00001e74       0x24 ./Sources/main.o
 .text.FTMCallback
                0x00001e98       0x18 ./Sources/main.o
 .text.PacketThread
                0x00001eb0       0x2c ./Sources/main.o
 .text.InitThread
                0x00001edc       0xf4 ./Sources/main.o
 .text.main     0x00001fd0       0xa4 ./Sources/main.o
                0x00001fd0                main
 .text.Packet_Init
                0x00002074       0x3c ./Sources/packet.o
                0x00002074                Packet_Init
 .text.Packet_Get
                0x000020b0       0xc8 ./Sources/packet.o
                0x000020b0                Packet_Get
 .text.Packet_Put
                0x00002178       0x9c ./Sources/packet.o
                0x00002178                Packet_Put
 .text.__copy_rom_section
                0x00002214       0xe4 ./Project_Settings/Startup_Code/startup.o
                0x00002214                __copy_rom_section
 .text.__copy_rom_sections_to_ram
                0x000022f8       0x9c ./Project_Settings/Startup_Code/startup.o
                0x000022f8                __copy_rom_sections_to_ram
 .text.__init_registers
                0x00002394       0x20 ./Project_Settings/Startup_Code/startup.o
                0x00002394                __init_registers
 .text.__init_user
                0x000023b4        0xc ./Project_Settings/Startup_Code/startup.o
                0x000023b4                __init_user
 .text.__thumb_startup
                0x000023c0       0x34 ./Project_Settings/Startup_Code/startup.o
                0x000023c0                __thumb_startup
 .text.Cpu_Interrupt
                0x000023f4       0x18 ./Generated_Code/Cpu.o
                0x000023f4                Cpu_Interrupt
 .text.__init_hardware
                0x0000240c      0x1cc ./Generated_Code/Cpu.o
                0x0000240c                __init_hardware
 .text.Cpu_SetBASEPRI
                0x000025d8       0x18 ./Generated_Code/Cpu.o
                0x000025d8                Cpu_SetBASEPRI
 .text.PE_low_level_init
                0x000025f0       0xe4 ./Generated_Code/Cpu.o
                0x000025f0                PE_low_level_init
 .text.OS_Init  0x000026d4      0x108 C:\Users\11990405\Desktop\Lab5_Jason\Library\libOS.a(OS.o)
                0x000026d4                OS_Init
 .text.OS_ISREnter
                0x000027dc       0x20 C:\Users\11990405\Desktop\Lab5_Jason\Library\libOS.a(OS.o)
                0x000027dc                OS_ISREnter
 .text.OS_ISRExit
                0x000027fc       0x1c C:\Users\11990405\Desktop\Lab5_Jason\Library\libOS.a(OS.o)
                0x000027fc                OS_ISRExit
 .text.OS_SemaphoreCreate
                0x00002818       0x90 C:\Users\11990405\Desktop\Lab5_Jason\Library\libOS.a(OS.o)
                0x00002818                OS_SemaphoreCreate
 .text.OS_SemaphoreSignal
                0x000028a8       0x44 C:\Users\11990405\Desktop\Lab5_Jason\Library\libOS.a(OS.o)
                0x000028a8                OS_SemaphoreSignal
 .text.OS_SemaphoreWait
                0x000028ec       0x58 C:\Users\11990405\Desktop\Lab5_Jason\Library\libOS.a(OS.o)
                0x000028ec                OS_SemaphoreWait
 .text.OS_Start
                0x00002944       0x10 C:\Users\11990405\Desktop\Lab5_Jason\Library\libOS.a(OS.o)
                0x00002944                OS_Start
 .text.OS_ThreadCreate
                0x00002954      0x160 C:\Users\11990405\Desktop\Lab5_Jason\Library\libOS.a(OS.o)
                0x00002954                OS_ThreadCreate
 .text.OS_ThreadDelete
                0x00002ab4      0x180 C:\Users\11990405\Desktop\Lab5_Jason\Library\libOS.a(OS.o)
                0x00002ab4                OS_ThreadDelete
 .text.EventThreadReady
                0x00002c34       0x68 C:\Users\11990405\Desktop\Lab5_Jason\Library\libOS.a(OS.o)
 .text.EventThreadWait
                0x00002c9c       0x64 C:\Users\11990405\Desktop\Lab5_Jason\Library\libOS.a(OS.o)
 .text.EventTimeout
                0x00002d00       0x40 C:\Users\11990405\Desktop\Lab5_Jason\Library\libOS.a(OS.o)
 .text.Idle     0x00002d40       0x1c C:\Users\11990405\Desktop\Lab5_Jason\Library\libOS.a(OS.o)
 .text.FindFirstSet
                0x00002d5c       0x44 C:\Users\11990405\Desktop\Lab5_Jason\Library\libOS.a(OS.o)
 .text.Schedule
                0x00002da0       0x64 C:\Users\11990405\Desktop\Lab5_Jason\Library\libOS.a(OS.o)
 .text.TCBInit  0x00002e04       0xc0 C:\Users\11990405\Desktop\Lab5_Jason\Library\libOS.a(OS.o)
 .text.TimeTick
                0x00002ec4       0x74 C:\Users\11990405\Desktop\Lab5_Jason\Library\libOS.a(OS.o)
 *fill*         0x00002f38        0x8 
 .text.OS_ContextSwitchISR
                0x00002f40       0x50 C:\Users\11990405\Desktop\Lab5_Jason\Library\libOS.a(OS.o)
                0x00002f40                OS_ContextSwitchISR
 .text.OS_SysTickISR
                0x00002f90       0x5c C:\Users\11990405\Desktop\Lab5_Jason\Library\libOS.a(OS.o)
                0x00002f90                OS_SysTickISR
 .text.exit     0x00002fec       0x28 c:/freescale/kds_3.0.0/toolchain/bin/../lib/gcc/arm-none-eabi/4.8.4/../../../../arm-none-eabi/lib/armv7e-m/fpu\libg_s.a(lib_a-exit.o)
                0x00002fec                exit
 .text.__libc_init_array
                0x00003014       0x4c c:/freescale/kds_3.0.0/toolchain/bin/../lib/gcc/arm-none-eabi/4.8.4/../../../../arm-none-eabi/lib/armv7e-m/fpu\libg_s.a(lib_a-init.o)
                0x00003014                __libc_init_array
 .text.memset   0x00003060       0x10 c:/freescale/kds_3.0.0/toolchain/bin/../lib/gcc/arm-none-eabi/4.8.4/../../../../arm-none-eabi/lib/armv7e-m/fpu\libg_s.a(lib_a-memset.o)
                0x00003060                memset
 .text._exit    0x00003070        0x4 c:/freescale/kds_3.0.0/toolchain/bin/../lib/gcc/arm-none-eabi/4.8.4/../../../../arm-none-eabi/lib/armv7e-m/fpu\libnosys.a(_exit.o)
                0x00003070                _exit
 *(.rodata)
 *(.rodata*)
 .rodata.PACKET_ACK_MASK
                0x00003074        0x1 ./Sources/packet.o
                0x00003074                PACKET_ACK_MASK
 .rodata.str1.1
                0x00003075        0x2 c:/freescale/kds_3.0.0/toolchain/bin/../lib/gcc/arm-none-eabi/4.8.4/../../../../arm-none-eabi/lib/armv7e-m/fpu\libg_s.a(lib_a-impure.o)
 *fill*         0x00003077        0x1 
 .rodata._global_impure_ptr
                0x00003078        0x4 c:/freescale/kds_3.0.0/toolchain/bin/../lib/gcc/arm-none-eabi/4.8.4/../../../../arm-none-eabi/lib/armv7e-m/fpu\libg_s.a(lib_a-impure.o)
                0x00003078                _global_impure_ptr
 *(.glue_7)
 .glue_7        0x00000000        0x0 linker stubs
 *(.glue_7t)
 .glue_7t       0x00000000        0x0 linker stubs
 *(.eh_frame)
 .eh_frame      0x0000307c        0x0 c:/freescale/kds_3.0.0/toolchain/bin/../lib/gcc/arm-none-eabi/4.8.4/armv7e-m/fpu/crtbegin.o
 *(.init)
 .init          0x0000307c        0x4 c:/freescale/kds_3.0.0/toolchain/bin/../lib/gcc/arm-none-eabi/4.8.4/armv7e-m/fpu/crti.o
                0x0000307c                _init
 .init          0x00003080        0x8 c:/freescale/kds_3.0.0/toolchain/bin/../lib/gcc/arm-none-eabi/4.8.4/armv7e-m/fpu/crtn.o
 *(.fini)
 .fini          0x00003088        0x4 c:/freescale/kds_3.0.0/toolchain/bin/../lib/gcc/arm-none-eabi/4.8.4/armv7e-m/fpu/crti.o
                0x00003088                _fini
 .fini          0x0000308c        0x8 c:/freescale/kds_3.0.0/toolchain/bin/../lib/gcc/arm-none-eabi/4.8.4/armv7e-m/fpu/crtn.o
                0x00003094                . = ALIGN (0x4)
                0x00003094                _etext = .

.vfp11_veneer   0x00003094        0x0
 .vfp11_veneer  0x00000000        0x0 linker stubs

.v4_bx          0x00003094        0x0
 .v4_bx         0x00000000        0x0 linker stubs

.iplt           0x00003094        0x0
 .iplt          0x00000000        0x0 c:/freescale/kds_3.0.0/toolchain/bin/../lib/gcc/arm-none-eabi/4.8.4/armv7e-m/fpu/crtbegin.o

.ARM.extab
 *(.ARM.extab* .gnu.linkonce.armextab.*)

.ARM            0x00003094        0x8
                0x00003094                __exidx_start = .
 *(.ARM.exidx*)
 .ARM.exidx     0x00003094        0x8 c:/freescale/kds_3.0.0/toolchain/bin/../lib/gcc/arm-none-eabi/4.8.4/../../../../arm-none-eabi/lib/armv7e-m/fpu/crt0.o
                0x0000309c                __exidx_end = .

.rel.dyn        0x0000309c        0x0
 .rel.iplt      0x00000000        0x0 c:/freescale/kds_3.0.0/toolchain/bin/../lib/gcc/arm-none-eabi/4.8.4/armv7e-m/fpu/crtbegin.o

.ctors          0x0000309c        0x0
                0x0000309c                __CTOR_LIST__ = .
 *crtbegin.o(.ctors)
 *(EXCLUDE_FILE(*crtend.o) .ctors)
 *(SORT(.ctors.*))
 *(.ctors)
                0x0000309c                __CTOR_END__ = .

.dtors          0x0000309c        0x0
                0x0000309c                __DTOR_LIST__ = .
 *crtbegin.o(.dtors)
 *(EXCLUDE_FILE(*crtend.o) .dtors)
 *(SORT(.dtors.*))
 *(.dtors)
                0x0000309c                __DTOR_END__ = .

.preinit_array  0x0000309c        0x0
                0x0000309c                PROVIDE (__preinit_array_start, .)
 *(.preinit_array*)
                0x0000309c                PROVIDE (__preinit_array_end, .)

.init_array     0x0000309c        0x4
                0x0000309c                PROVIDE (__init_array_start, .)
 *(SORT(.init_array.*))
 *(.init_array*)
 .init_array    0x0000309c        0x4 c:/freescale/kds_3.0.0/toolchain/bin/../lib/gcc/arm-none-eabi/4.8.4/armv7e-m/fpu/crtbegin.o
                0x000030a0                PROVIDE (__init_array_end, .)

.fini_array     0x000030a0        0x4
                0x000030a0                PROVIDE (__fini_array_start, .)
 *(SORT(.fini_array.*))
 *(.fini_array*)
 .fini_array    0x000030a0        0x4 c:/freescale/kds_3.0.0/toolchain/bin/../lib/gcc/arm-none-eabi/4.8.4/armv7e-m/fpu/crtbegin.o
                0x000030a4                PROVIDE (__fini_array_end, .)
                0x000030a4                ___ROM_AT = .

.data           0x1fff0000       0x70 load address 0x000030a4
                0x1fff0000                . = ALIGN (0x4)
                0x1fff0000                _sdata = .
 *(.data)
 *(.data*)
 .data.FTMChannel0
                0x1fff0000       0x10 ./Sources/main.o
 .data.impure_data
                0x1fff0010       0x60 c:/freescale/kds_3.0.0/toolchain/bin/../lib/gcc/arm-none-eabi/4.8.4/../../../../arm-none-eabi/lib/armv7e-m/fpu\libg_s.a(lib_a-impure.o)
                0x1fff0070                . = ALIGN (0x4)
                0x1fff0070                _edata = .
                0x00000070                ___data_size = (_edata - _sdata)
                0x00003114                ___m_data_20000000_ROMStart = (___ROM_AT + SIZEOF (.data))

.jcr            0x1fff0070        0x0 load address 0x00003114
 .jcr           0x1fff0070        0x0 c:/freescale/kds_3.0.0/toolchain/bin/../lib/gcc/arm-none-eabi/4.8.4/armv7e-m/fpu/crtbegin.o

.igot.plt       0x1fff0070        0x0 load address 0x00003114
 .igot.plt      0x00000000        0x0 c:/freescale/kds_3.0.0/toolchain/bin/../lib/gcc/arm-none-eabi/4.8.4/armv7e-m/fpu/crtbegin.o

.m_data_20000000
                0x20000000        0x0 load address 0x00003114
                0x20000000                . = ALIGN (0x4)
                0x20000000                ___m_data_20000000_RAMStart = .
 *(.m_data_20000000)
                0x20000000                ___m_data_20000000_RAMEnd = .
                0x20000000                . = ALIGN (0x4)
                0x00000000                ___m_data_20000000_ROMSize = (___m_data_20000000_RAMEnd - ___m_data_20000000_RAMStart)
                0x20000000                . = ALIGN (0x4)

.bss            0x1fff0070     0x1374 load address 0x00003118
                0x1fff0070                __START_BSS = .
                0x1fff0070                PROVIDE (__bss_start__, __START_BSS)
 *(.bss)
 .bss           0x1fff0070       0x1c c:/freescale/kds_3.0.0/toolchain/bin/../lib/gcc/arm-none-eabi/4.8.4/armv7e-m/fpu/crtbegin.o
 *(.bss*)
 .bss.FTMCallback
                0x1fff008c       0x20 ./Sources/FTM.o
 .bss.FTMArguments
                0x1fff00ac       0x20 ./Sources/FTM.o
 .bss.MemoryMap
                0x1fff00cc        0x1 ./Sources/Flash.o
 *fill*         0x1fff00cd        0x3 
 .bss.ReadDestination
                0x1fff00d0        0x4 ./Sources/I2C.o
 .bss.TxNumBytes
                0x1fff00d4        0x1 ./Sources/I2C.o
 *fill*         0x1fff00d5        0x3 
 .bss.I2CCallback
                0x1fff00d8        0x4 ./Sources/I2C.o
 .bss.I2CArguments
                0x1fff00dc        0x4 ./Sources/I2C.o
 .bss.PITSemaphore
                0x1fff00e0        0x4 ./Sources/PIT.o
 .bss.PITModuleClk
                0x1fff00e4        0x4 ./Sources/PIT.o
 .bss.RTCCallback
                0x1fff00e8        0x4 ./Sources/RTC.o
 .bss.RTCArguments
                0x1fff00ec        0x4 ./Sources/RTC.o
 .bss.RxFIFO    0x1fff00f0      0x114 ./Sources/UART.o
 .bss.TxFIFO    0x1fff0204      0x114 ./Sources/UART.o
 .bss.ADRCallback
                0x1fff0318        0x4 ./Sources/accel.o
 .bss.ADRArgs   0x1fff031c        0x4 ./Sources/accel.o
 .bss.PITSemaphore
                0x1fff0320        0x4 ./Sources/main.o
 *fill*         0x1fff0324        0x4 
 .bss.InitThreadStack
                0x1fff0328      0x190 ./Sources/main.o
 .bss.TxUARTThreadStack
                0x1fff04b8      0x190 ./Sources/main.o
 .bss.RxUARTThreadStack
                0x1fff0648      0x190 ./Sources/main.o
 .bss.PacketThreadStack
                0x1fff07d8      0x190 ./Sources/main.o
 .bss.PITThreadStack
                0x1fff0968      0x190 ./Sources/main.o
 .bss.InitSemaphore
                0x1fff0af8        0x4 ./Sources/main.o
 .bss.NvTowerNb
                0x1fff0afc        0x4 ./Sources/main.o
 .bss.NvTowerMd
                0x1fff0b00        0x4 ./Sources/main.o
 .bss.PacketIndex
                0x1fff0b04        0x1 ./Sources/packet.o
 .bss.SR_lock   0x1fff0b05        0x1 ./Generated_Code/Cpu.o
                0x1fff0b05                SR_lock
 *fill*         0x1fff0b06        0x2 
 .bss.TCBUnusedMain
                0x1fff0b08       0x18 C:\Users\11990405\Desktop\Lab5_Jason\Library\libOS.a(OS.o)
 .bss.TCBTable  0x1fff0b20      0x300 C:\Users\11990405\Desktop\Lab5_Jason\Library\libOS.a(OS.o)
 .bss.pTCBFreeList
                0x1fff0e20        0x4 C:\Users\11990405\Desktop\Lab5_Jason\Library\libOS.a(OS.o)
 .bss.pTCBAllocatedList
                0x1fff0e24        0x4 C:\Users\11990405\Desktop\Lab5_Jason\Library\libOS.a(OS.o)
 .bss.pTCBPriorityTable
                0x1fff0e28       0x80 C:\Users\11990405\Desktop\Lab5_Jason\Library\libOS.a(OS.o)
 .bss.pTCBRunning
                0x1fff0ea8        0x4 C:\Users\11990405\Desktop\Lab5_Jason\Library\libOS.a(OS.o)
 .bss.pTCBHighestReady
                0x1fff0eac        0x4 C:\Users\11990405\Desktop\Lab5_Jason\Library\libOS.a(OS.o)
 .bss.ReadyList
                0x1fff0eb0        0x4 C:\Users\11990405\Desktop\Lab5_Jason\Library\libOS.a(OS.o)
 .bss.ECBTable  0x1fff0eb4      0x100 C:\Users\11990405\Desktop\Lab5_Jason\Library\libOS.a(OS.o)
 .bss.NextECBFree
                0x1fff0fb4        0x1 C:\Users\11990405\Desktop\Lab5_Jason\Library\libOS.a(OS.o)
 *fill*         0x1fff0fb5        0x3 
 .bss.IdleCounter
                0x1fff0fb8        0x4 C:\Users\11990405\Desktop\Lab5_Jason\Library\libOS.a(OS.o)
 *fill*         0x1fff0fbc        0x4 
 .bss.IdleStack
                0x1fff0fc0      0x400 C:\Users\11990405\Desktop\Lab5_Jason\Library\libOS.a(OS.o)
 .bss.Ticks     0x1fff13c0        0x4 C:\Users\11990405\Desktop\Lab5_Jason\Library\libOS.a(OS.o)
 .bss.ToggleCntr
                0x1fff13c4        0x4 C:\Users\11990405\Desktop\Lab5_Jason\Library\libOS.a(OS.o)
 .bss.ToggleLED
                0x1fff13c8        0x1 C:\Users\11990405\Desktop\Lab5_Jason\Library\libOS.a(OS.o)
 .bss.ISRNestLevel
                0x1fff13c9        0x1 C:\Users\11990405\Desktop\Lab5_Jason\Library\libOS.a(OS.o)
 *(COMMON)
 *fill*         0x1fff13ca        0x2 
 COMMON         0x1fff13cc       0x10 ./Sources/UART.o
                0x1fff13cc                RxSemaphore
                0x1fff13d0                TxSemaphore
                0x1fff13d4                PacketSemaphore
                0x1fff13d8                PacketPutSemaphore
 COMMON         0x1fff13dc        0x5 ./Sources/packet.o
                0x1fff13dc                Packet
 COMMON         0x1fff13e1        0x1 ./Generated_Code/Cpu.o
                0x1fff13e1                SR_reg
                0x1fff13e4                . = ALIGN (0x4)
 *fill*         0x1fff13e2        0x2 
                0x1fff13e4                __END_BSS = .
                0x1fff13e4                PROVIDE (__bss_end__, __END_BSS)
                0x00003114                _romp_at = ((___ROM_AT + SIZEOF (.data)) + SIZEOF (.m_data_20000000))

.romp           0x1fff13e4       0x24 load address 0x00003114
                0x00003114                __S_romp = _romp_at
                0x1fff13e4        0x4 LONG 0x30a4 ___ROM_AT
                0x1fff13e8        0x4 LONG 0x1fff0000 _sdata
                0x1fff13ec        0x4 LONG 0x70 ___data_size
                0x1fff13f0        0x4 LONG 0x3114 ___m_data_20000000_ROMStart
                0x1fff13f4        0x4 LONG 0x20000000 ___m_data_20000000_RAMStart
                0x1fff13f8        0x4 LONG 0x0 ___m_data_20000000_ROMSize
                0x1fff13fc        0x4 LONG 0x0
                0x1fff1400        0x4 LONG 0x0
                0x1fff1404        0x4 LONG 0x0

._user_heap_stack
                0x1fff1408      0x400 load address 0x00003138
                0x1fff1408                . = ALIGN (0x4)
                0x1fff1408                PROVIDE (end, .)
                0x1fff1408                PROVIDE (_end, .)
                0x1fff1408                __heap_addr = .
                0x1fff1408                __HeapBase = .
                0x1fff1408                . = (. + __heap_size)
                0x1fff1408                __HeapLimit = .
                0x1fff1808                . = (. + __stack_size)
 *fill*         0x1fff1408      0x400 
                0x1fff1808                . = ALIGN (0x4)

.ARM.attributes
                0x00000000       0x30
 *(.ARM.attributes)
 .ARM.attributes
                0x00000000       0x22 c:/freescale/kds_3.0.0/toolchain/bin/../lib/gcc/arm-none-eabi/4.8.4/armv7e-m/fpu/crti.o
 .ARM.attributes
                0x00000022       0x34 c:/freescale/kds_3.0.0/toolchain/bin/../lib/gcc/arm-none-eabi/4.8.4/armv7e-m/fpu/crtbegin.o
 .ARM.attributes
                0x00000056       0x20 c:/freescale/kds_3.0.0/toolchain/bin/../lib/gcc/arm-none-eabi/4.8.4/../../../../arm-none-eabi/lib/armv7e-m/fpu/crt0.o
 .ARM.attributes
                0x00000076       0x39 ./Sources/FIFO.o
 .ARM.attributes
                0x000000af       0x39 ./Sources/FTM.o
 .ARM.attributes
                0x000000e8       0x39 ./Sources/Flash.o
 .ARM.attributes
                0x00000121       0x39 ./Sources/I2C.o
 .ARM.attributes
                0x0000015a       0x39 ./Sources/LEDs.o
 .ARM.attributes
                0x00000193       0x39 ./Sources/PIT.o
 .ARM.attributes
                0x000001cc       0x39 ./Sources/RTC.o
 .ARM.attributes
                0x00000205       0x39 ./Sources/UART.o
 .ARM.attributes
                0x0000023e       0x39 ./Sources/accel.o
 .ARM.attributes
                0x00000277       0x39 ./Sources/main.o
 .ARM.attributes
                0x000002b0       0x39 ./Sources/packet.o
 .ARM.attributes
                0x000002e9       0x39 ./Project_Settings/Startup_Code/startup.o
 .ARM.attributes
                0x00000322       0x39 ./Generated_Code/Cpu.o
 .ARM.attributes
                0x0000035b       0x39 ./Generated_Code/Vectors.o
 .ARM.attributes
                0x00000394       0x39 C:\Users\11990405\Desktop\Lab5_Jason\Library\libOS.a(OS.o)
 .ARM.attributes
                0x000003cd       0x22 c:/freescale/kds_3.0.0/toolchain/bin/../lib/gcc/arm-none-eabi/4.8.4/armv7e-m/fpu\libgcc.a(_arm_addsubdf3.o)
 .ARM.attributes
                0x000003ef       0x22 c:/freescale/kds_3.0.0/toolchain/bin/../lib/gcc/arm-none-eabi/4.8.4/armv7e-m/fpu\libgcc.a(_arm_muldivdf3.o)
 .ARM.attributes
                0x00000411       0x22 c:/freescale/kds_3.0.0/toolchain/bin/../lib/gcc/arm-none-eabi/4.8.4/armv7e-m/fpu\libgcc.a(_arm_fixunsdfsi.o)
 .ARM.attributes
                0x00000433       0x34 c:/freescale/kds_3.0.0/toolchain/bin/../lib/gcc/arm-none-eabi/4.8.4/../../../../arm-none-eabi/lib/armv7e-m/fpu\libg_s.a(lib_a-exit.o)
 .ARM.attributes
                0x00000467       0x34 c:/freescale/kds_3.0.0/toolchain/bin/../lib/gcc/arm-none-eabi/4.8.4/../../../../arm-none-eabi/lib/armv7e-m/fpu\libg_s.a(lib_a-impure.o)
 .ARM.attributes
                0x0000049b       0x34 c:/freescale/kds_3.0.0/toolchain/bin/../lib/gcc/arm-none-eabi/4.8.4/../../../../arm-none-eabi/lib/armv7e-m/fpu\libg_s.a(lib_a-init.o)
 .ARM.attributes
                0x000004cf       0x34 c:/freescale/kds_3.0.0/toolchain/bin/../lib/gcc/arm-none-eabi/4.8.4/../../../../arm-none-eabi/lib/armv7e-m/fpu\libg_s.a(lib_a-memset.o)
 .ARM.attributes
                0x00000503       0x34 c:/freescale/kds_3.0.0/toolchain/bin/../lib/gcc/arm-none-eabi/4.8.4/../../../../arm-none-eabi/lib/armv7e-m/fpu\libnosys.a(_exit.o)
 .ARM.attributes
                0x00000537       0x22 c:/freescale/kds_3.0.0/toolchain/bin/../lib/gcc/arm-none-eabi/4.8.4/armv7e-m/fpu/crtn.o
OUTPUT(Lab4.elf elf32-littlearm)

.debug_info     0x00000000     0x65bc
 .debug_info    0x00000000      0x268 ./Sources/FIFO.o
 .debug_info    0x00000268      0x758 ./Sources/FTM.o
 .debug_info    0x000009c0      0x647 ./Sources/Flash.o
 .debug_info    0x00001007      0x862 ./Sources/I2C.o
 .debug_info    0x00001869      0x490 ./Sources/LEDs.o
 .debug_info    0x00001cf9      0x58c ./Sources/PIT.o
 .debug_info    0x00002285      0x61e ./Sources/RTC.o
 .debug_info    0x000028a3      0xa02 ./Sources/UART.o
 .debug_info    0x000032a5      0x9fb ./Sources/accel.o
 .debug_info    0x00003ca0      0x741 ./Sources/main.o
 .debug_info    0x000043e1      0x33c ./Sources/packet.o
 .debug_info    0x0000471d      0x3b0 ./Project_Settings/Startup_Code/startup.o
 .debug_info    0x00004acd      0xc82 ./Generated_Code/Cpu.o
 .debug_info    0x0000574f      0x178 ./Generated_Code/Vectors.o
 .debug_info    0x000058c7      0xcf5 C:\Users\11990405\Desktop\Lab5_Jason\Library\libOS.a(OS.o)

.debug_abbrev   0x00000000     0x17a4
 .debug_abbrev  0x00000000      0x102 ./Sources/FIFO.o
 .debug_abbrev  0x00000102      0x1be ./Sources/FTM.o
 .debug_abbrev  0x000002c0      0x1bd ./Sources/Flash.o
 .debug_abbrev  0x0000047d      0x1ec ./Sources/I2C.o
 .debug_abbrev  0x00000669      0x144 ./Sources/LEDs.o
 .debug_abbrev  0x000007ad      0x175 ./Sources/PIT.o
 .debug_abbrev  0x00000922      0x147 ./Sources/RTC.o
 .debug_abbrev  0x00000a69      0x1e1 ./Sources/UART.o
 .debug_abbrev  0x00000c4a      0x1db ./Sources/accel.o
 .debug_abbrev  0x00000e25      0x1cb ./Sources/main.o
 .debug_abbrev  0x00000ff0       0xec ./Sources/packet.o
 .debug_abbrev  0x000010dc      0x189 ./Project_Settings/Startup_Code/startup.o
 .debug_abbrev  0x00001265      0x185 ./Generated_Code/Cpu.o
 .debug_abbrev  0x000013ea       0xc2 ./Generated_Code/Vectors.o
 .debug_abbrev  0x000014ac      0x2f8 C:\Users\11990405\Desktop\Lab5_Jason\Library\libOS.a(OS.o)

.debug_aranges  0x00000000      0x450
 .debug_aranges
                0x00000000       0x30 ./Sources/FIFO.o
 .debug_aranges
                0x00000030       0x38 ./Sources/FTM.o
 .debug_aranges
                0x00000068       0x60 ./Sources/Flash.o
 .debug_aranges
                0x000000c8       0x70 ./Sources/I2C.o
 .debug_aranges
                0x00000138       0x38 ./Sources/LEDs.o
 .debug_aranges
                0x00000170       0x38 ./Sources/PIT.o
 .debug_aranges
                0x000001a8       0x38 ./Sources/RTC.o
 .debug_aranges
                0x000001e0       0x48 ./Sources/UART.o
 .debug_aranges
                0x00000228       0x38 ./Sources/accel.o
 .debug_aranges
                0x00000260       0x58 ./Sources/main.o
 .debug_aranges
                0x000002b8       0x30 ./Sources/packet.o
 .debug_aranges
                0x000002e8       0x50 ./Project_Settings/Startup_Code/startup.o
 .debug_aranges
                0x00000338       0x38 ./Generated_Code/Cpu.o
 .debug_aranges
                0x00000370       0x18 ./Generated_Code/Vectors.o
 .debug_aranges
                0x00000388       0xc8 C:\Users\11990405\Desktop\Lab5_Jason\Library\libOS.a(OS.o)

.debug_ranges   0x00000000      0x358
 .debug_ranges  0x00000000       0x20 ./Sources/FIFO.o
 .debug_ranges  0x00000020       0x28 ./Sources/FTM.o
 .debug_ranges  0x00000048       0x50 ./Sources/Flash.o
 .debug_ranges  0x00000098       0x60 ./Sources/I2C.o
 .debug_ranges  0x000000f8       0x28 ./Sources/LEDs.o
 .debug_ranges  0x00000120       0x28 ./Sources/PIT.o
 .debug_ranges  0x00000148       0x28 ./Sources/RTC.o
 .debug_ranges  0x00000170       0x38 ./Sources/UART.o
 .debug_ranges  0x000001a8       0x28 ./Sources/accel.o
 .debug_ranges  0x000001d0       0x48 ./Sources/main.o
 .debug_ranges  0x00000218       0x20 ./Sources/packet.o
 .debug_ranges  0x00000238       0x40 ./Project_Settings/Startup_Code/startup.o
 .debug_ranges  0x00000278       0x28 ./Generated_Code/Cpu.o
 .debug_ranges  0x000002a0       0xb8 C:\Users\11990405\Desktop\Lab5_Jason\Library\libOS.a(OS.o)

.debug_macro    0x00000000    0x1a671
 .debug_macro   0x00000000       0xaf ./Sources/FIFO.o
 .debug_macro   0x000000af       0x22 ./Sources/FIFO.o
 .debug_macro   0x000000d1       0x30 ./Sources/FIFO.o
 .debug_macro   0x00000101     0x1800 ./Sources/FIFO.o
 .debug_macro   0x00001901       0x9a ./Sources/FIFO.o
 .debug_macro   0x0000199b       0x74 ./Sources/FTM.o
 .debug_macro   0x00001a0f      0x104 ./Sources/Flash.o
 .debug_macro   0x00001b13       0x28 ./Sources/Flash.o
 .debug_macro   0x00001b3b       0x58 ./Sources/Flash.o
 .debug_macro   0x00001b93       0x35 ./Sources/Flash.o
 .debug_macro   0x00001bc8       0xa3 ./Sources/Flash.o
 .debug_macro   0x00001c6b      0x166 ./Sources/Flash.o
 .debug_macro   0x00001dd1       0x52 ./Sources/Flash.o
 .debug_macro   0x00001e23       0x16 ./Sources/Flash.o
 .debug_macro   0x00001e39       0x43 ./Sources/Flash.o
 .debug_macro   0x00001e7c      0x180 ./Sources/Flash.o
 .debug_macro   0x00001ffc       0xde ./Sources/Flash.o
 .debug_macro   0x000020da       0x68 ./Sources/I2C.o
 .debug_macro   0x00002142       0x68 ./Sources/LEDs.o
 .debug_macro   0x000021aa       0x71 ./Sources/PIT.o
 .debug_macro   0x0000221b       0x68 ./Sources/RTC.o
 .debug_macro   0x00002283       0xc2 ./Sources/UART.o
 .debug_macro   0x00002345       0x3a ./Sources/UART.o
 .debug_macro   0x0000237f      0x1ea ./Sources/accel.o
 .debug_macro   0x00002569      0x151 ./Sources/main.o
 .debug_macro   0x000026ba       0x3a ./Sources/main.o
 .debug_macro   0x000026f4       0x2e ./Sources/main.o
 .debug_macro   0x00002722       0x71 ./Sources/packet.o
 .debug_macro   0x00002793      0x121 ./Project_Settings/Startup_Code/startup.o
 .debug_macro   0x000028b4       0x4a ./Project_Settings/Startup_Code/startup.o
 .debug_macro   0x000028fe      0x2a6 ./Project_Settings/Startup_Code/startup.o
 .debug_macro   0x00002ba4       0x10 ./Project_Settings/Startup_Code/startup.o
 .debug_macro   0x00002bb4       0x35 ./Project_Settings/Startup_Code/startup.o
 .debug_macro   0x00002be9       0x16 ./Project_Settings/Startup_Code/startup.o
 .debug_macro   0x00002bff       0x22 ./Project_Settings/Startup_Code/startup.o
 .debug_macro   0x00002c21       0x16 ./Project_Settings/Startup_Code/startup.o
 .debug_macro   0x00002c37      0x20f ./Project_Settings/Startup_Code/startup.o
 .debug_macro   0x00002e46    0x174af ./Project_Settings/Startup_Code/startup.o
 .debug_macro   0x0001a2f5       0x84 ./Generated_Code/Cpu.o
 .debug_macro   0x0001a379       0xa0 ./Generated_Code/Cpu.o
 .debug_macro   0x0001a419       0xf7 ./Generated_Code/Vectors.o
 .debug_macro   0x0001a510       0xa3 C:\Users\11990405\Desktop\Lab5_Jason\Library\libOS.a(OS.o)
 .debug_macro   0x0001a5b3       0x94 C:\Users\11990405\Desktop\Lab5_Jason\Library\libOS.a(OS.o)
 .debug_macro   0x0001a647       0x2a C:\Users\11990405\Desktop\Lab5_Jason\Library\libOS.a(OS.o)

.debug_line     0x00000000     0x2c19
 .debug_line    0x00000000      0x2bc ./Sources/FIFO.o
 .debug_line    0x000002bc      0x232 ./Sources/FTM.o
 .debug_line    0x000004ee      0x36d ./Sources/Flash.o
 .debug_line    0x0000085b      0x300 ./Sources/I2C.o
 .debug_line    0x00000b5b      0x21a ./Sources/LEDs.o
 .debug_line    0x00000d75      0x258 ./Sources/PIT.o
 .debug_line    0x00000fcd      0x232 ./Sources/RTC.o
 .debug_line    0x000011ff      0x334 ./Sources/UART.o
 .debug_line    0x00001533      0x2d7 ./Sources/accel.o
 .debug_line    0x0000180a      0x3f2 ./Sources/main.o
 .debug_line    0x00001bfc      0x228 ./Sources/packet.o
 .debug_line    0x00001e24      0x3ca ./Project_Settings/Startup_Code/startup.o
 .debug_line    0x000021ee      0x276 ./Generated_Code/Cpu.o
 .debug_line    0x00002464      0x319 ./Generated_Code/Vectors.o
 .debug_line    0x0000277d      0x49c C:\Users\11990405\Desktop\Lab5_Jason\Library\libOS.a(OS.o)

.debug_str      0x00000000    0x8f5b3
 .debug_str     0x00000000    0x8a63f ./Sources/FIFO.o
                              0x8a7bd (size before relaxing)
 .debug_str     0x0008a63f      0x3d1 ./Sources/FTM.o
                              0x83110 (size before relaxing)
 .debug_str     0x0008aa10     0x1eef ./Sources/Flash.o
                              0x84ce0 (size before relaxing)
 .debug_str     0x0008c8ff      0x216 ./Sources/I2C.o
                              0x83090 (size before relaxing)
 .debug_str     0x0008cb15       0xae ./Sources/LEDs.o
                              0x82ee7 (size before relaxing)
 .debug_str     0x0008cbc3       0xae ./Sources/PIT.o
                              0x82fdb (size before relaxing)
 .debug_str     0x0008cc71       0xcb ./Sources/RTC.o
                              0x82f3e (size before relaxing)
 .debug_str     0x0008cd3c      0x340 ./Sources/UART.o
                              0x8ac50 (size before relaxing)
 .debug_str     0x0008d07c      0xa8b ./Sources/accel.o
                              0x8b42c (size before relaxing)
 .debug_str     0x0008db07      0x34e ./Sources/main.o
                              0x8b041 (size before relaxing)
 .debug_str     0x0008de55       0x4c ./Sources/packet.o
                               0x3378 (size before relaxing)
 .debug_str     0x0008dea1     0x114c ./Project_Settings/Startup_Code/startup.o
                              0x853eb (size before relaxing)
 .debug_str     0x0008efed      0x1f2 ./Generated_Code/Cpu.o
                              0x8aa1c (size before relaxing)
 .debug_str     0x0008f1df       0x1c ./Generated_Code/Vectors.o
                              0x8a7a8 (size before relaxing)
 .debug_str     0x0008f1fb      0x3b8 C:\Users\11990405\Desktop\Lab5_Jason\Library\libOS.a(OS.o)
                              0x8ace0 (size before relaxing)

.comment        0x00000000       0x70
 .comment       0x00000000       0x70 ./Sources/FIFO.o
                                 0x71 (size before relaxing)
 .comment       0x00000000       0x71 ./Sources/FTM.o
 .comment       0x00000000       0x71 ./Sources/Flash.o
 .comment       0x00000000       0x71 ./Sources/I2C.o
 .comment       0x00000000       0x71 ./Sources/LEDs.o
 .comment       0x00000000       0x71 ./Sources/PIT.o
 .comment       0x00000000       0x71 ./Sources/RTC.o
 .comment       0x00000000       0x71 ./Sources/UART.o
 .comment       0x00000000       0x71 ./Sources/accel.o
 .comment       0x00000000       0x71 ./Sources/main.o
 .comment       0x00000000       0x71 ./Sources/packet.o
 .comment       0x00000000       0x71 ./Project_Settings/Startup_Code/startup.o
 .comment       0x00000000       0x71 ./Generated_Code/Cpu.o
 .comment       0x00000000       0x71 ./Generated_Code/Vectors.o
 .comment       0x00000000       0x71 C:\Users\11990405\Desktop\Lab5_Jason\Library\libOS.a(OS.o)

.debug_frame    0x00000000      0xc48
 .debug_frame   0x00000000       0x70 ./Sources/FIFO.o
 .debug_frame   0x00000070       0x84 ./Sources/FTM.o
 .debug_frame   0x000000f4      0x118 ./Sources/Flash.o
 .debug_frame   0x0000020c      0x14c ./Sources/I2C.o
 .debug_frame   0x00000358       0x7c ./Sources/LEDs.o
 .debug_frame   0x000003d4       0x90 ./Sources/PIT.o
 .debug_frame   0x00000464       0x88 ./Sources/RTC.o
 .debug_frame   0x000004ec       0xd4 ./Sources/UART.o
 .debug_frame   0x000005c0       0x94 ./Sources/accel.o
 .debug_frame   0x00000654      0x110 ./Sources/main.o
 .debug_frame   0x00000764       0x70 ./Sources/packet.o
 .debug_frame   0x000007d4       0xc0 ./Project_Settings/Startup_Code/startup.o
 .debug_frame   0x00000894       0x80 ./Generated_Code/Cpu.o
 .debug_frame   0x00000914      0x2a0 C:\Users\11990405\Desktop\Lab5_Jason\Library\libOS.a(OS.o)
 .debug_frame   0x00000bb4       0x28 c:/freescale/kds_3.0.0/toolchain/bin/../lib/gcc/arm-none-eabi/4.8.4/../../../../arm-none-eabi/lib/armv7e-m/fpu\libg_s.a(lib_a-exit.o)
 .debug_frame   0x00000bdc       0x2c c:/freescale/kds_3.0.0/toolchain/bin/../lib/gcc/arm-none-eabi/4.8.4/../../../../arm-none-eabi/lib/armv7e-m/fpu\libg_s.a(lib_a-init.o)
 .debug_frame   0x00000c08       0x20 c:/freescale/kds_3.0.0/toolchain/bin/../lib/gcc/arm-none-eabi/4.8.4/../../../../arm-none-eabi/lib/armv7e-m/fpu\libg_s.a(lib_a-memset.o)
 .debug_frame   0x00000c28       0x20 c:/freescale/kds_3.0.0/toolchain/bin/../lib/gcc/arm-none-eabi/4.8.4/../../../../arm-none-eabi/lib/armv7e-m/fpu\libnosys.a(_exit.o)
