Archive member included because of file (symbol)

C:\Users\11990405\Desktop\Lab5\Library\libOS.a(OS.o)
                              ./Sources/main.o (OS_Init)
c:/freescale/kds_3.0.0/toolchain/bin/../lib/gcc/arm-none-eabi/4.8.4/armv7e-m/fpu\libgcc.a(_arm_addsubdf3.o)
                              ./Sources/PIT.o (__aeabi_ui2d)
c:/freescale/kds_3.0.0/toolchain/bin/../lib/gcc/arm-none-eabi/4.8.4/armv7e-m/fpu\libgcc.a(_arm_muldivdf3.o)
                              ./Sources/PIT.o (__aeabi_ddiv)
c:/freescale/kds_3.0.0/toolchain/bin/../lib/gcc/arm-none-eabi/4.8.4/armv7e-m/fpu\libgcc.a(_arm_fixunsdfsi.o)
                              ./Sources/PIT.o (__aeabi_d2uiz)
c:/freescale/kds_3.0.0/toolchain/bin/../lib/gcc/arm-none-eabi/4.8.4/../../../../arm-none-eabi/lib/armv7e-m/fpu\libg_s.a(lib_a-exit.o)
                              c:/freescale/kds_3.0.0/toolchain/bin/../lib/gcc/arm-none-eabi/4.8.4/../../../../arm-none-eabi/lib/armv7e-m/fpu/crt0.o (exit)
c:/freescale/kds_3.0.0/toolchain/bin/../lib/gcc/arm-none-eabi/4.8.4/../../../../arm-none-eabi/lib/armv7e-m/fpu\libg_s.a(lib_a-impure.o)
                              c:/freescale/kds_3.0.0/toolchain/bin/../lib/gcc/arm-none-eabi/4.8.4/../../../../arm-none-eabi/lib/armv7e-m/fpu\libg_s.a(lib_a-exit.o) (_global_impure_ptr)
c:/freescale/kds_3.0.0/toolchain/bin/../lib/gcc/arm-none-eabi/4.8.4/../../../../arm-none-eabi/lib/armv7e-m/fpu\libg_s.a(lib_a-init.o)
                              c:/freescale/kds_3.0.0/toolchain/bin/../lib/gcc/arm-none-eabi/4.8.4/../../../../arm-none-eabi/lib/armv7e-m/fpu/crt0.o (__libc_init_array)
c:/freescale/kds_3.0.0/toolchain/bin/../lib/gcc/arm-none-eabi/4.8.4/../../../../arm-none-eabi/lib/armv7e-m/fpu\libg_s.a(lib_a-memset.o)
                              c:/freescale/kds_3.0.0/toolchain/bin/../lib/gcc/arm-none-eabi/4.8.4/../../../../arm-none-eabi/lib/armv7e-m/fpu/crt0.o (memset)
c:/freescale/kds_3.0.0/toolchain/bin/../lib/gcc/arm-none-eabi/4.8.4/../../../../arm-none-eabi/lib/armv7e-m/fpu\libnosys.a(_exit.o)
                              c:/freescale/kds_3.0.0/toolchain/bin/../lib/gcc/arm-none-eabi/4.8.4/../../../../arm-none-eabi/lib/armv7e-m/fpu\libg_s.a(lib_a-exit.o) (_exit)

Allocating common symbols
Common symbol       size              file

Packet              0x5               ./Sources/packet.o
PITSemaphore        0x4               ./Sources/PIT.o
PacketSemaphore     0x4               ./Sources/UART.o
RTCSemaphore        0x4               ./Sources/RTC.o
SR_reg              0x1               ./Generated_Code/Cpu.o
FTMSemaphore        0x4               ./Sources/FTM.o
PacketPutSemaphore  0x4               ./Sources/UART.o

Discarded input sections

 .text          0x00000000        0x0 c:/freescale/kds_3.0.0/toolchain/bin/../lib/gcc/arm-none-eabi/4.8.4/armv7e-m/fpu/crti.o
 .data          0x00000000        0x0 c:/freescale/kds_3.0.0/toolchain/bin/../lib/gcc/arm-none-eabi/4.8.4/armv7e-m/fpu/crti.o
 .bss           0x00000000        0x0 c:/freescale/kds_3.0.0/toolchain/bin/../lib/gcc/arm-none-eabi/4.8.4/armv7e-m/fpu/crti.o
 .data          0x00000000        0x4 c:/freescale/kds_3.0.0/toolchain/bin/../lib/gcc/arm-none-eabi/4.8.4/armv7e-m/fpu/crtbegin.o
 .data          0x00000000        0x0 c:/freescale/kds_3.0.0/toolchain/bin/../lib/gcc/arm-none-eabi/4.8.4/../../../../arm-none-eabi/lib/armv7e-m/fpu/crt0.o
 .bss           0x00000000        0x0 c:/freescale/kds_3.0.0/toolchain/bin/../lib/gcc/arm-none-eabi/4.8.4/../../../../arm-none-eabi/lib/armv7e-m/fpu/crt0.o
 .ARM.extab     0x00000000        0x0 c:/freescale/kds_3.0.0/toolchain/bin/../lib/gcc/arm-none-eabi/4.8.4/../../../../arm-none-eabi/lib/armv7e-m/fpu/crt0.o
 .group         0x00000000        0x8 ./Sources/Events.o
 .group         0x00000000        0x8 ./Sources/Events.o
 .group         0x00000000        0x8 ./Sources/Events.o
 .group         0x00000000        0x8 ./Sources/Events.o
 .group         0x00000000        0x8 ./Sources/Events.o
 .group         0x00000000        0x8 ./Sources/Events.o
 .group         0x00000000        0x8 ./Sources/Events.o
 .group         0x00000000        0x8 ./Sources/Events.o
 .group         0x00000000        0x8 ./Sources/Events.o
 .text          0x00000000        0x0 ./Sources/Events.o
 .data          0x00000000        0x0 ./Sources/Events.o
 .bss           0x00000000        0x0 ./Sources/Events.o
 .debug_info    0x00000000       0x7d ./Sources/Events.o
 .debug_abbrev  0x00000000       0x29 ./Sources/Events.o
 .debug_aranges
                0x00000000       0x18 ./Sources/Events.o
 .debug_macro   0x00000000       0x9f ./Sources/Events.o
 .debug_macro   0x00000000      0x850 ./Sources/Events.o
 .debug_macro   0x00000000       0x16 ./Sources/Events.o
 .debug_macro   0x00000000       0x44 ./Sources/Events.o
 .debug_macro   0x00000000      0x209 ./Sources/Events.o
 .debug_macro   0x00000000     0x17fa ./Sources/Events.o
 .debug_macro   0x00000000      0x14e ./Sources/Events.o
 .debug_macro   0x00000000       0x64 ./Sources/Events.o
 .debug_macro   0x00000000    0x174c1 ./Sources/Events.o
 .debug_macro   0x00000000       0x9a ./Sources/Events.o
 .debug_line    0x00000000      0x21c ./Sources/Events.o
 .debug_str     0x00000000    0x8a5ed ./Sources/Events.o
 .comment       0x00000000       0x71 ./Sources/Events.o
 .ARM.attributes
                0x00000000       0x39 ./Sources/Events.o
 .group         0x00000000        0x8 ./Sources/FIFO.o
 .group         0x00000000        0x8 ./Sources/FIFO.o
 .group         0x00000000        0x8 ./Sources/FIFO.o
 .group         0x00000000        0x8 ./Sources/FIFO.o
 .group         0x00000000        0x8 ./Sources/FIFO.o
 .group         0x00000000        0x8 ./Sources/FIFO.o
 .group         0x00000000        0x8 ./Sources/FIFO.o
 .group         0x00000000        0x8 ./Sources/FIFO.o
 .group         0x00000000        0x8 ./Sources/FIFO.o
 .group         0x00000000        0x8 ./Sources/FIFO.o
 .group         0x00000000        0x8 ./Sources/FIFO.o
 .text          0x00000000        0x0 ./Sources/FIFO.o
 .data          0x00000000        0x0 ./Sources/FIFO.o
 .bss           0x00000000        0x0 ./Sources/FIFO.o
 .debug_macro   0x00000000      0x850 ./Sources/FIFO.o
 .debug_macro   0x00000000       0x16 ./Sources/FIFO.o
 .debug_macro   0x00000000       0x44 ./Sources/FIFO.o
 .debug_macro   0x00000000      0x209 ./Sources/FIFO.o
 .debug_macro   0x00000000      0x14e ./Sources/FIFO.o
 .debug_macro   0x00000000       0x64 ./Sources/FIFO.o
 .debug_macro   0x00000000    0x174c1 ./Sources/FIFO.o
 .group         0x00000000        0x8 ./Sources/FTM.o
 .group         0x00000000        0x8 ./Sources/FTM.o
 .group         0x00000000        0x8 ./Sources/FTM.o
 .group         0x00000000        0x8 ./Sources/FTM.o
 .group         0x00000000        0x8 ./Sources/FTM.o
 .group         0x00000000        0x8 ./Sources/FTM.o
 .group         0x00000000        0x8 ./Sources/FTM.o
 .text          0x00000000        0x0 ./Sources/FTM.o
 .data          0x00000000        0x0 ./Sources/FTM.o
 .bss           0x00000000        0x0 ./Sources/FTM.o
 .text.FTM_Set  0x00000000       0x8c ./Sources/FTM.o
 .debug_macro   0x00000000      0x850 ./Sources/FTM.o
 .debug_macro   0x00000000       0x16 ./Sources/FTM.o
 .debug_macro   0x00000000       0x44 ./Sources/FTM.o
 .debug_macro   0x00000000      0x209 ./Sources/FTM.o
 .debug_macro   0x00000000       0x22 ./Sources/FTM.o
 .debug_macro   0x00000000       0x30 ./Sources/FTM.o
 .debug_macro   0x00000000    0x174c1 ./Sources/FTM.o
 .group         0x00000000        0x8 ./Sources/Flash.o
 .group         0x00000000        0x8 ./Sources/Flash.o
 .group         0x00000000        0x8 ./Sources/Flash.o
 .group         0x00000000        0x8 ./Sources/Flash.o
 .group         0x00000000        0x8 ./Sources/Flash.o
 .group         0x00000000        0x8 ./Sources/Flash.o
 .group         0x00000000        0x8 ./Sources/Flash.o
 .group         0x00000000        0x8 ./Sources/Flash.o
 .group         0x00000000        0x8 ./Sources/Flash.o
 .group         0x00000000        0x8 ./Sources/Flash.o
 .group         0x00000000        0x8 ./Sources/Flash.o
 .group         0x00000000        0x8 ./Sources/Flash.o
 .group         0x00000000        0x8 ./Sources/Flash.o
 .group         0x00000000        0x8 ./Sources/Flash.o
 .group         0x00000000        0x8 ./Sources/Flash.o
 .group         0x00000000        0x8 ./Sources/Flash.o
 .text          0x00000000        0x0 ./Sources/Flash.o
 .data          0x00000000        0x0 ./Sources/Flash.o
 .bss           0x00000000        0x0 ./Sources/Flash.o
 .debug_macro   0x00000000      0x850 ./Sources/Flash.o
 .debug_macro   0x00000000       0x16 ./Sources/Flash.o
 .debug_macro   0x00000000       0x44 ./Sources/Flash.o
 .debug_macro   0x00000000      0x209 ./Sources/Flash.o
 .debug_macro   0x00000000       0x22 ./Sources/Flash.o
 .debug_macro   0x00000000    0x174c1 ./Sources/Flash.o
 .group         0x00000000        0x8 ./Sources/I2C.o
 .group         0x00000000        0x8 ./Sources/I2C.o
 .group         0x00000000        0x8 ./Sources/I2C.o
 .group         0x00000000        0x8 ./Sources/I2C.o
 .group         0x00000000        0x8 ./Sources/I2C.o
 .group         0x00000000        0x8 ./Sources/I2C.o
 .text          0x00000000        0x0 ./Sources/I2C.o
 .data          0x00000000        0x0 ./Sources/I2C.o
 .bss           0x00000000        0x0 ./Sources/I2C.o
 .bss.RegAddr   0x00000000        0x1 ./Sources/I2C.o
 .rodata.MUL_VAL
                0x00000000        0x4 ./Sources/I2C.o
 .rodata.SCL_DIV_VAL
                0x00000000       0x64 ./Sources/I2C.o
 .text.I2C_Init
                0x00000000      0x194 ./Sources/I2C.o
 .text.I2C_SelectSlaveDevice
                0x00000000       0x20 ./Sources/I2C.o
 .text.I2C_PollRead
                0x00000000      0x120 ./Sources/I2C.o
 .debug_macro   0x00000000      0x850 ./Sources/I2C.o
 .debug_macro   0x00000000       0x16 ./Sources/I2C.o
 .debug_macro   0x00000000       0x44 ./Sources/I2C.o
 .debug_macro   0x00000000      0x209 ./Sources/I2C.o
 .debug_macro   0x00000000       0x22 ./Sources/I2C.o
 .debug_macro   0x00000000    0x174c1 ./Sources/I2C.o
 .group         0x00000000        0x8 ./Sources/LEDs.o
 .group         0x00000000        0x8 ./Sources/LEDs.o
 .group         0x00000000        0x8 ./Sources/LEDs.o
 .group         0x00000000        0x8 ./Sources/LEDs.o
 .group         0x00000000        0x8 ./Sources/LEDs.o
 .group         0x00000000        0x8 ./Sources/LEDs.o
 .text          0x00000000        0x0 ./Sources/LEDs.o
 .data          0x00000000        0x0 ./Sources/LEDs.o
 .bss           0x00000000        0x0 ./Sources/LEDs.o
 .debug_macro   0x00000000      0x850 ./Sources/LEDs.o
 .debug_macro   0x00000000       0x16 ./Sources/LEDs.o
 .debug_macro   0x00000000       0x44 ./Sources/LEDs.o
 .debug_macro   0x00000000      0x209 ./Sources/LEDs.o
 .debug_macro   0x00000000       0x22 ./Sources/LEDs.o
 .debug_macro   0x00000000    0x174c1 ./Sources/LEDs.o
 .group         0x00000000        0x8 ./Sources/PIT.o
 .group         0x00000000        0x8 ./Sources/PIT.o
 .group         0x00000000        0x8 ./Sources/PIT.o
 .group         0x00000000        0x8 ./Sources/PIT.o
 .group         0x00000000        0x8 ./Sources/PIT.o
 .group         0x00000000        0x8 ./Sources/PIT.o
 .group         0x00000000        0x8 ./Sources/PIT.o
 .text          0x00000000        0x0 ./Sources/PIT.o
 .data          0x00000000        0x0 ./Sources/PIT.o
 .bss           0x00000000        0x0 ./Sources/PIT.o
 .debug_macro   0x00000000      0x850 ./Sources/PIT.o
 .debug_macro   0x00000000       0x16 ./Sources/PIT.o
 .debug_macro   0x00000000       0x44 ./Sources/PIT.o
 .debug_macro   0x00000000      0x209 ./Sources/PIT.o
 .debug_macro   0x00000000       0x22 ./Sources/PIT.o
 .debug_macro   0x00000000       0x30 ./Sources/PIT.o
 .debug_macro   0x00000000    0x174c1 ./Sources/PIT.o
 .group         0x00000000        0x8 ./Sources/RTC.o
 .group         0x00000000        0x8 ./Sources/RTC.o
 .group         0x00000000        0x8 ./Sources/RTC.o
 .group         0x00000000        0x8 ./Sources/RTC.o
 .group         0x00000000        0x8 ./Sources/RTC.o
 .group         0x00000000        0x8 ./Sources/RTC.o
 .group         0x00000000        0x8 ./Sources/RTC.o
 .text          0x00000000        0x0 ./Sources/RTC.o
 .data          0x00000000        0x0 ./Sources/RTC.o
 .bss           0x00000000        0x0 ./Sources/RTC.o
 .debug_macro   0x00000000      0x850 ./Sources/RTC.o
 .debug_macro   0x00000000       0x16 ./Sources/RTC.o
 .debug_macro   0x00000000       0x44 ./Sources/RTC.o
 .debug_macro   0x00000000      0x209 ./Sources/RTC.o
 .debug_macro   0x00000000       0x22 ./Sources/RTC.o
 .debug_macro   0x00000000       0x30 ./Sources/RTC.o
 .debug_macro   0x00000000    0x174c1 ./Sources/RTC.o
 .group         0x00000000        0x8 ./Sources/UART.o
 .group         0x00000000        0x8 ./Sources/UART.o
 .group         0x00000000        0x8 ./Sources/UART.o
 .group         0x00000000        0x8 ./Sources/UART.o
 .group         0x00000000        0x8 ./Sources/UART.o
 .group         0x00000000        0x8 ./Sources/UART.o
 .group         0x00000000        0x8 ./Sources/UART.o
 .group         0x00000000        0x8 ./Sources/UART.o
 .group         0x00000000        0x8 ./Sources/UART.o
 .group         0x00000000        0x8 ./Sources/UART.o
 .group         0x00000000        0x8 ./Sources/UART.o
 .group         0x00000000        0x8 ./Sources/UART.o
 .text          0x00000000        0x0 ./Sources/UART.o
 .data          0x00000000        0x0 ./Sources/UART.o
 .bss           0x00000000        0x0 ./Sources/UART.o
 .debug_macro   0x00000000      0x850 ./Sources/UART.o
 .debug_macro   0x00000000       0x16 ./Sources/UART.o
 .debug_macro   0x00000000       0x44 ./Sources/UART.o
 .debug_macro   0x00000000      0x209 ./Sources/UART.o
 .debug_macro   0x00000000       0x22 ./Sources/UART.o
 .debug_macro   0x00000000       0x30 ./Sources/UART.o
 .debug_macro   0x00000000    0x174c1 ./Sources/UART.o
 .debug_macro   0x00000000     0x1800 ./Sources/UART.o
 .debug_macro   0x00000000      0x14e ./Sources/UART.o
 .debug_macro   0x00000000       0x64 ./Sources/UART.o
 .debug_macro   0x00000000       0x9a ./Sources/UART.o
 .group         0x00000000        0x8 ./Sources/accel.o
 .group         0x00000000        0x8 ./Sources/accel.o
 .group         0x00000000        0x8 ./Sources/accel.o
 .group         0x00000000        0x8 ./Sources/accel.o
 .group         0x00000000        0x8 ./Sources/accel.o
 .group         0x00000000        0x8 ./Sources/accel.o
 .group         0x00000000        0x8 ./Sources/accel.o
 .group         0x00000000        0x8 ./Sources/accel.o
 .group         0x00000000        0x8 ./Sources/accel.o
 .group         0x00000000        0x8 ./Sources/accel.o
 .text          0x00000000        0x0 ./Sources/accel.o
 .data          0x00000000        0x0 ./Sources/accel.o
 .bss           0x00000000        0x0 ./Sources/accel.o
 .bss.CTRL_REG3_Union
                0x00000000        0x4 ./Sources/accel.o
 .bss.CTRL_REG5_Union
                0x00000000        0x4 ./Sources/accel.o
 .bss.AccModuleClk
                0x00000000        0x1 ./Sources/accel.o
 .bss.ARCCallback
                0x00000000        0x4 ./Sources/accel.o
 .bss.ARCArgs   0x00000000        0x4 ./Sources/accel.o
 .rodata.MMA_ADDR_SA0H
                0x00000000        0x1 ./Sources/accel.o
 .rodata.WHO_AM_I_REG_ADDR
                0x00000000        0x1 ./Sources/accel.o
 .text.Accel_Init
                0x00000000      0x158 ./Sources/accel.o
 .text.Accel_ReadXYZ
                0x00000000       0x18 ./Sources/accel.o
 .debug_macro   0x00000000      0x850 ./Sources/accel.o
 .debug_macro   0x00000000       0x16 ./Sources/accel.o
 .debug_macro   0x00000000       0x44 ./Sources/accel.o
 .debug_macro   0x00000000      0x209 ./Sources/accel.o
 .debug_macro   0x00000000       0x22 ./Sources/accel.o
 .debug_macro   0x00000000    0x174c1 ./Sources/accel.o
 .debug_macro   0x00000000     0x1800 ./Sources/accel.o
 .debug_macro   0x00000000      0x14e ./Sources/accel.o
 .debug_macro   0x00000000       0x64 ./Sources/accel.o
 .debug_macro   0x00000000       0x9a ./Sources/accel.o
 .group         0x00000000        0x8 ./Sources/main.o
 .group         0x00000000        0x8 ./Sources/main.o
 .group         0x00000000        0x8 ./Sources/main.o
 .group         0x00000000        0x8 ./Sources/main.o
 .group         0x00000000        0x8 ./Sources/main.o
 .group         0x00000000        0x8 ./Sources/main.o
 .group         0x00000000        0x8 ./Sources/main.o
 .group         0x00000000        0x8 ./Sources/main.o
 .group         0x00000000        0x8 ./Sources/main.o
 .group         0x00000000        0x8 ./Sources/main.o
 .group         0x00000000        0x8 ./Sources/main.o
 .group         0x00000000        0x8 ./Sources/main.o
 .group         0x00000000        0x8 ./Sources/main.o
 .text          0x00000000        0x0 ./Sources/main.o
 .data          0x00000000        0x0 ./Sources/main.o
 .bss           0x00000000        0x0 ./Sources/main.o
 .rodata.BAUD_RATE
                0x00000000        0x4 ./Sources/main.o
 .bss.Write8    0x00000000        0x4 ./Sources/main.o
 .data.FTMChannel1
                0x00000000       0x10 ./Sources/main.o
 .bss.pollI2C   0x00000000        0x1 ./Sources/main.o
 .bss.AccelData
                0x00000000        0xc ./Sources/main.o
 .text.I2CPollCallback
                0x00000000       0x1c ./Sources/main.o
 .text.SendMeanAccelPacket
                0x00000000       0x6c ./Sources/main.o
 .text.HandleAccelIntRead
                0x00000000       0x74 ./Sources/main.o
 .text.HandleAccelPollRead
                0x00000000       0x80 ./Sources/main.o
 .data.AccelSetup
                0x00000000       0x14 ./Sources/main.o
 .debug_macro   0x00000000      0x850 ./Sources/main.o
 .debug_macro   0x00000000       0x16 ./Sources/main.o
 .debug_macro   0x00000000       0x44 ./Sources/main.o
 .debug_macro   0x00000000      0x209 ./Sources/main.o
 .debug_macro   0x00000000     0x17fa ./Sources/main.o
 .debug_macro   0x00000000      0x14e ./Sources/main.o
 .debug_macro   0x00000000       0x64 ./Sources/main.o
 .debug_macro   0x00000000    0x174c1 ./Sources/main.o
 .debug_macro   0x00000000       0x9a ./Sources/main.o
 .debug_macro   0x00000000       0x22 ./Sources/main.o
 .debug_macro   0x00000000       0x30 ./Sources/main.o
 .group         0x00000000        0x8 ./Sources/median.o
 .group         0x00000000        0x8 ./Sources/median.o
 .group         0x00000000        0x8 ./Sources/median.o
 .group         0x00000000        0x8 ./Sources/median.o
 .group         0x00000000        0x8 ./Sources/median.o
 .text          0x00000000        0x0 ./Sources/median.o
 .data          0x00000000        0x0 ./Sources/median.o
 .bss           0x00000000        0x0 ./Sources/median.o
 .text.Median_Filter3
                0x00000000       0x5c ./Sources/median.o
 .debug_info    0x00000000       0xd3 ./Sources/median.o
 .debug_abbrev  0x00000000       0x6c ./Sources/median.o
 .debug_aranges
                0x00000000       0x20 ./Sources/median.o
 .debug_ranges  0x00000000       0x10 ./Sources/median.o
 .debug_macro   0x00000000       0x5f ./Sources/median.o
 .debug_macro   0x00000000      0x850 ./Sources/median.o
 .debug_macro   0x00000000       0x16 ./Sources/median.o
 .debug_macro   0x00000000       0x44 ./Sources/median.o
 .debug_macro   0x00000000      0x209 ./Sources/median.o
 .debug_macro   0x00000000       0x22 ./Sources/median.o
 .debug_line    0x00000000      0x1a3 ./Sources/median.o
 .debug_str     0x00000000     0x2f79 ./Sources/median.o
 .comment       0x00000000       0x71 ./Sources/median.o
 .ARM.attributes
                0x00000000       0x39 ./Sources/median.o
 .debug_frame   0x00000000       0x2c ./Sources/median.o
 .group         0x00000000        0x8 ./Sources/packet.o
 .group         0x00000000        0x8 ./Sources/packet.o
 .group         0x00000000        0x8 ./Sources/packet.o
 .group         0x00000000        0x8 ./Sources/packet.o
 .group         0x00000000        0x8 ./Sources/packet.o
 .group         0x00000000        0x8 ./Sources/packet.o
 .group         0x00000000        0x8 ./Sources/packet.o
 .group         0x00000000        0x8 ./Sources/packet.o
 .text          0x00000000        0x0 ./Sources/packet.o
 .data          0x00000000        0x0 ./Sources/packet.o
 .bss           0x00000000        0x0 ./Sources/packet.o
 .debug_macro   0x00000000      0x850 ./Sources/packet.o
 .debug_macro   0x00000000       0x16 ./Sources/packet.o
 .debug_macro   0x00000000       0x44 ./Sources/packet.o
 .debug_macro   0x00000000      0x209 ./Sources/packet.o
 .debug_macro   0x00000000       0x22 ./Sources/packet.o
 .debug_macro   0x00000000       0x30 ./Sources/packet.o
 .debug_macro   0x00000000       0x3a ./Sources/packet.o
 .debug_macro   0x00000000    0x174c1 ./Sources/packet.o
 .group         0x00000000        0x8 ./Project_Settings/Startup_Code/startup.o
 .group         0x00000000        0x8 ./Project_Settings/Startup_Code/startup.o
 .group         0x00000000        0x8 ./Project_Settings/Startup_Code/startup.o
 .group         0x00000000        0x8 ./Project_Settings/Startup_Code/startup.o
 .group         0x00000000        0x8 ./Project_Settings/Startup_Code/startup.o
 .group         0x00000000        0x8 ./Project_Settings/Startup_Code/startup.o
 .group         0x00000000        0x8 ./Project_Settings/Startup_Code/startup.o
 .group         0x00000000        0x8 ./Project_Settings/Startup_Code/startup.o
 .group         0x00000000        0x8 ./Project_Settings/Startup_Code/startup.o
 .group         0x00000000        0x8 ./Project_Settings/Startup_Code/startup.o
 .group         0x00000000        0x8 ./Project_Settings/Startup_Code/startup.o
 .group         0x00000000        0x8 ./Project_Settings/Startup_Code/startup.o
 .group         0x00000000        0x8 ./Project_Settings/Startup_Code/startup.o
 .group         0x00000000        0x8 ./Project_Settings/Startup_Code/startup.o
 .group         0x00000000        0x8 ./Project_Settings/Startup_Code/startup.o
 .group         0x00000000        0x8 ./Project_Settings/Startup_Code/startup.o
 .group         0x00000000        0x8 ./Project_Settings/Startup_Code/startup.o
 .group         0x00000000        0x8 ./Project_Settings/Startup_Code/startup.o
 .group         0x00000000        0x8 ./Project_Settings/Startup_Code/startup.o
 .text          0x00000000        0x0 ./Project_Settings/Startup_Code/startup.o
 .data          0x00000000        0x0 ./Project_Settings/Startup_Code/startup.o
 .bss           0x00000000        0x0 ./Project_Settings/Startup_Code/startup.o
 .text.__init_hardware
                0x00000000        0xc ./Project_Settings/Startup_Code/startup.o
 .text.__iar_program_start
                0x00000000        0xc ./Project_Settings/Startup_Code/startup.o
 .debug_macro   0x00000000      0x850 ./Project_Settings/Startup_Code/startup.o
 .debug_macro   0x00000000       0x58 ./Project_Settings/Startup_Code/startup.o
 .debug_macro   0x00000000       0x16 ./Project_Settings/Startup_Code/startup.o
 .debug_macro   0x00000000       0x35 ./Project_Settings/Startup_Code/startup.o
 .debug_macro   0x00000000       0xa3 ./Project_Settings/Startup_Code/startup.o
 .debug_macro   0x00000000      0x166 ./Project_Settings/Startup_Code/startup.o
 .debug_macro   0x00000000       0x52 ./Project_Settings/Startup_Code/startup.o
 .debug_macro   0x00000000       0x16 ./Project_Settings/Startup_Code/startup.o
 .debug_macro   0x00000000       0x43 ./Project_Settings/Startup_Code/startup.o
 .debug_macro   0x00000000      0x180 ./Project_Settings/Startup_Code/startup.o
 .group         0x00000000        0x8 ./Generated_Code/Cpu.o
 .group         0x00000000        0x8 ./Generated_Code/Cpu.o
 .group         0x00000000        0x8 ./Generated_Code/Cpu.o
 .group         0x00000000        0x8 ./Generated_Code/Cpu.o
 .group         0x00000000        0x8 ./Generated_Code/Cpu.o
 .group         0x00000000        0x8 ./Generated_Code/Cpu.o
 .group         0x00000000        0x8 ./Generated_Code/Cpu.o
 .group         0x00000000        0x8 ./Generated_Code/Cpu.o
 .group         0x00000000        0x8 ./Generated_Code/Cpu.o
 .text          0x00000000        0x0 ./Generated_Code/Cpu.o
 .data          0x00000000        0x0 ./Generated_Code/Cpu.o
 .bss           0x00000000        0x0 ./Generated_Code/Cpu.o
 .debug_macro   0x00000000      0x850 ./Generated_Code/Cpu.o
 .debug_macro   0x00000000       0x16 ./Generated_Code/Cpu.o
 .debug_macro   0x00000000       0x44 ./Generated_Code/Cpu.o
 .debug_macro   0x00000000      0x209 ./Generated_Code/Cpu.o
 .debug_macro   0x00000000     0x17fa ./Generated_Code/Cpu.o
 .debug_macro   0x00000000      0x14e ./Generated_Code/Cpu.o
 .debug_macro   0x00000000       0x64 ./Generated_Code/Cpu.o
 .debug_macro   0x00000000    0x174c1 ./Generated_Code/Cpu.o
 .group         0x00000000        0x8 ./Generated_Code/PE_LDD.o
 .group         0x00000000        0x8 ./Generated_Code/PE_LDD.o
 .group         0x00000000        0x8 ./Generated_Code/PE_LDD.o
 .group         0x00000000        0x8 ./Generated_Code/PE_LDD.o
 .group         0x00000000        0x8 ./Generated_Code/PE_LDD.o
 .group         0x00000000        0x8 ./Generated_Code/PE_LDD.o
 .group         0x00000000        0x8 ./Generated_Code/PE_LDD.o
 .group         0x00000000        0x8 ./Generated_Code/PE_LDD.o
 .group         0x00000000        0x8 ./Generated_Code/PE_LDD.o
 .text          0x00000000        0x0 ./Generated_Code/PE_LDD.o
 .data          0x00000000        0x0 ./Generated_Code/PE_LDD.o
 .bss           0x00000000        0x0 ./Generated_Code/PE_LDD.o
 .rodata.PE_CpuClockConfigurations
                0x00000000       0x28 ./Generated_Code/PE_LDD.o
 .text.PE_FillMemory
                0x00000000       0x24 ./Generated_Code/PE_LDD.o
 .text.PE_PeripheralUsed
                0x00000000       0x18 ./Generated_Code/PE_LDD.o
 .text.LDD_SetClockConfiguration
                0x00000000       0x14 ./Generated_Code/PE_LDD.o
 .debug_info    0x00000000      0x215 ./Generated_Code/PE_LDD.o
 .debug_abbrev  0x00000000       0xf3 ./Generated_Code/PE_LDD.o
 .debug_aranges
                0x00000000       0x30 ./Generated_Code/PE_LDD.o
 .debug_ranges  0x00000000       0x20 ./Generated_Code/PE_LDD.o
 .debug_macro   0x00000000       0x8f ./Generated_Code/PE_LDD.o
 .debug_macro   0x00000000      0x850 ./Generated_Code/PE_LDD.o
 .debug_macro   0x00000000       0x16 ./Generated_Code/PE_LDD.o
 .debug_macro   0x00000000       0x44 ./Generated_Code/PE_LDD.o
 .debug_macro   0x00000000      0x209 ./Generated_Code/PE_LDD.o
 .debug_macro   0x00000000     0x17fa ./Generated_Code/PE_LDD.o
 .debug_macro   0x00000000      0x14e ./Generated_Code/PE_LDD.o
 .debug_macro   0x00000000       0x64 ./Generated_Code/PE_LDD.o
 .debug_macro   0x00000000    0x174c1 ./Generated_Code/PE_LDD.o
 .debug_macro   0x00000000       0x9a ./Generated_Code/PE_LDD.o
 .debug_line    0x00000000      0x232 ./Generated_Code/PE_LDD.o
 .debug_str     0x00000000    0x8a782 ./Generated_Code/PE_LDD.o
 .comment       0x00000000       0x71 ./Generated_Code/PE_LDD.o
 .ARM.attributes
                0x00000000       0x39 ./Generated_Code/PE_LDD.o
 .debug_frame   0x00000000       0x64 ./Generated_Code/PE_LDD.o
 .group         0x00000000        0x8 ./Generated_Code/Vectors.o
 .group         0x00000000        0x8 ./Generated_Code/Vectors.o
 .group         0x00000000        0x8 ./Generated_Code/Vectors.o
 .group         0x00000000        0x8 ./Generated_Code/Vectors.o
 .group         0x00000000        0x8 ./Generated_Code/Vectors.o
 .group         0x00000000        0x8 ./Generated_Code/Vectors.o
 .group         0x00000000        0x8 ./Generated_Code/Vectors.o
 .group         0x00000000        0x8 ./Generated_Code/Vectors.o
 .group         0x00000000        0x8 ./Generated_Code/Vectors.o
 .group         0x00000000        0x8 ./Generated_Code/Vectors.o
 .group         0x00000000        0x8 ./Generated_Code/Vectors.o
 .text          0x00000000        0x0 ./Generated_Code/Vectors.o
 .data          0x00000000        0x0 ./Generated_Code/Vectors.o
 .bss           0x00000000        0x0 ./Generated_Code/Vectors.o
 .debug_macro   0x00000000      0x850 ./Generated_Code/Vectors.o
 .debug_macro   0x00000000       0x16 ./Generated_Code/Vectors.o
 .debug_macro   0x00000000       0x44 ./Generated_Code/Vectors.o
 .debug_macro   0x00000000      0x209 ./Generated_Code/Vectors.o
 .debug_macro   0x00000000     0x17fa ./Generated_Code/Vectors.o
 .debug_macro   0x00000000      0x14e ./Generated_Code/Vectors.o
 .debug_macro   0x00000000       0x64 ./Generated_Code/Vectors.o
 .debug_macro   0x00000000    0x174c1 ./Generated_Code/Vectors.o
 .debug_macro   0x00000000       0x9a ./Generated_Code/Vectors.o
 .debug_macro   0x00000000       0x22 ./Generated_Code/Vectors.o
 .debug_macro   0x00000000       0x30 ./Generated_Code/Vectors.o
 .group         0x00000000        0x8 C:\Users\11990405\Desktop\Lab5\Library\libOS.a(OS.o)
 .group         0x00000000        0x8 C:\Users\11990405\Desktop\Lab5\Library\libOS.a(OS.o)
 .group         0x00000000        0x8 C:\Users\11990405\Desktop\Lab5\Library\libOS.a(OS.o)
 .group         0x00000000        0x8 C:\Users\11990405\Desktop\Lab5\Library\libOS.a(OS.o)
 .group         0x00000000        0x8 C:\Users\11990405\Desktop\Lab5\Library\libOS.a(OS.o)
 .group         0x00000000        0x8 C:\Users\11990405\Desktop\Lab5\Library\libOS.a(OS.o)
 .group         0x00000000        0x8 C:\Users\11990405\Desktop\Lab5\Library\libOS.a(OS.o)
 .group         0x00000000        0x8 C:\Users\11990405\Desktop\Lab5\Library\libOS.a(OS.o)
 .group         0x00000000        0x8 C:\Users\11990405\Desktop\Lab5\Library\libOS.a(OS.o)
 .group         0x00000000        0x8 C:\Users\11990405\Desktop\Lab5\Library\libOS.a(OS.o)
 .group         0x00000000        0x8 C:\Users\11990405\Desktop\Lab5\Library\libOS.a(OS.o)
 .text          0x00000000        0x0 C:\Users\11990405\Desktop\Lab5\Library\libOS.a(OS.o)
 .data          0x00000000        0x0 C:\Users\11990405\Desktop\Lab5\Library\libOS.a(OS.o)
 .bss           0x00000000        0x0 C:\Users\11990405\Desktop\Lab5\Library\libOS.a(OS.o)
 .rodata.OS_TICK_FREQUENCY
                0x00000000        0x4 C:\Users\11990405\Desktop\Lab5\Library\libOS.a(OS.o)
 .text.OS_TimeDelay
                0x00000000       0x48 C:\Users\11990405\Desktop\Lab5\Library\libOS.a(OS.o)
 .text.OS_TimeGet
                0x00000000       0x24 C:\Users\11990405\Desktop\Lab5\Library\libOS.a(OS.o)
 .text.OS_TimeSet
                0x00000000       0x20 C:\Users\11990405\Desktop\Lab5\Library\libOS.a(OS.o)
 .debug_macro   0x00000000      0x850 C:\Users\11990405\Desktop\Lab5\Library\libOS.a(OS.o)
 .debug_macro   0x00000000       0x16 C:\Users\11990405\Desktop\Lab5\Library\libOS.a(OS.o)
 .debug_macro   0x00000000       0x44 C:\Users\11990405\Desktop\Lab5\Library\libOS.a(OS.o)
 .debug_macro   0x00000000      0x209 C:\Users\11990405\Desktop\Lab5\Library\libOS.a(OS.o)
 .debug_macro   0x00000000     0x17fa C:\Users\11990405\Desktop\Lab5\Library\libOS.a(OS.o)
 .debug_macro   0x00000000      0x14e C:\Users\11990405\Desktop\Lab5\Library\libOS.a(OS.o)
 .debug_macro   0x00000000       0x64 C:\Users\11990405\Desktop\Lab5\Library\libOS.a(OS.o)
 .debug_macro   0x00000000    0x174c1 C:\Users\11990405\Desktop\Lab5\Library\libOS.a(OS.o)
 .debug_macro   0x00000000       0x22 C:\Users\11990405\Desktop\Lab5\Library\libOS.a(OS.o)
 .data          0x00000000        0x0 c:/freescale/kds_3.0.0/toolchain/bin/../lib/gcc/arm-none-eabi/4.8.4/armv7e-m/fpu\libgcc.a(_arm_addsubdf3.o)
 .bss           0x00000000        0x0 c:/freescale/kds_3.0.0/toolchain/bin/../lib/gcc/arm-none-eabi/4.8.4/armv7e-m/fpu\libgcc.a(_arm_addsubdf3.o)
 .data          0x00000000        0x0 c:/freescale/kds_3.0.0/toolchain/bin/../lib/gcc/arm-none-eabi/4.8.4/armv7e-m/fpu\libgcc.a(_arm_muldivdf3.o)
 .bss           0x00000000        0x0 c:/freescale/kds_3.0.0/toolchain/bin/../lib/gcc/arm-none-eabi/4.8.4/armv7e-m/fpu\libgcc.a(_arm_muldivdf3.o)
 .data          0x00000000        0x0 c:/freescale/kds_3.0.0/toolchain/bin/../lib/gcc/arm-none-eabi/4.8.4/armv7e-m/fpu\libgcc.a(_arm_fixunsdfsi.o)
 .bss           0x00000000        0x0 c:/freescale/kds_3.0.0/toolchain/bin/../lib/gcc/arm-none-eabi/4.8.4/armv7e-m/fpu\libgcc.a(_arm_fixunsdfsi.o)
 .text          0x00000000        0x0 c:/freescale/kds_3.0.0/toolchain/bin/../lib/gcc/arm-none-eabi/4.8.4/../../../../arm-none-eabi/lib/armv7e-m/fpu\libg_s.a(lib_a-exit.o)
 .data          0x00000000        0x0 c:/freescale/kds_3.0.0/toolchain/bin/../lib/gcc/arm-none-eabi/4.8.4/../../../../arm-none-eabi/lib/armv7e-m/fpu\libg_s.a(lib_a-exit.o)
 .bss           0x00000000        0x0 c:/freescale/kds_3.0.0/toolchain/bin/../lib/gcc/arm-none-eabi/4.8.4/../../../../arm-none-eabi/lib/armv7e-m/fpu\libg_s.a(lib_a-exit.o)
 .text          0x00000000        0x0 c:/freescale/kds_3.0.0/toolchain/bin/../lib/gcc/arm-none-eabi/4.8.4/../../../../arm-none-eabi/lib/armv7e-m/fpu\libg_s.a(lib_a-impure.o)
 .data          0x00000000        0x0 c:/freescale/kds_3.0.0/toolchain/bin/../lib/gcc/arm-none-eabi/4.8.4/../../../../arm-none-eabi/lib/armv7e-m/fpu\libg_s.a(lib_a-impure.o)
 .bss           0x00000000        0x0 c:/freescale/kds_3.0.0/toolchain/bin/../lib/gcc/arm-none-eabi/4.8.4/../../../../arm-none-eabi/lib/armv7e-m/fpu\libg_s.a(lib_a-impure.o)
 .data._impure_ptr
                0x00000000        0x4 c:/freescale/kds_3.0.0/toolchain/bin/../lib/gcc/arm-none-eabi/4.8.4/../../../../arm-none-eabi/lib/armv7e-m/fpu\libg_s.a(lib_a-impure.o)
 .text          0x00000000        0x0 c:/freescale/kds_3.0.0/toolchain/bin/../lib/gcc/arm-none-eabi/4.8.4/../../../../arm-none-eabi/lib/armv7e-m/fpu\libg_s.a(lib_a-init.o)
 .data          0x00000000        0x0 c:/freescale/kds_3.0.0/toolchain/bin/../lib/gcc/arm-none-eabi/4.8.4/../../../../arm-none-eabi/lib/armv7e-m/fpu\libg_s.a(lib_a-init.o)
 .bss           0x00000000        0x0 c:/freescale/kds_3.0.0/toolchain/bin/../lib/gcc/arm-none-eabi/4.8.4/../../../../arm-none-eabi/lib/armv7e-m/fpu\libg_s.a(lib_a-init.o)
 .text          0x00000000        0x0 c:/freescale/kds_3.0.0/toolchain/bin/../lib/gcc/arm-none-eabi/4.8.4/../../../../arm-none-eabi/lib/armv7e-m/fpu\libg_s.a(lib_a-memset.o)
 .data          0x00000000        0x0 c:/freescale/kds_3.0.0/toolchain/bin/../lib/gcc/arm-none-eabi/4.8.4/../../../../arm-none-eabi/lib/armv7e-m/fpu\libg_s.a(lib_a-memset.o)
 .bss           0x00000000        0x0 c:/freescale/kds_3.0.0/toolchain/bin/../lib/gcc/arm-none-eabi/4.8.4/../../../../arm-none-eabi/lib/armv7e-m/fpu\libg_s.a(lib_a-memset.o)
 .text          0x00000000        0x0 c:/freescale/kds_3.0.0/toolchain/bin/../lib/gcc/arm-none-eabi/4.8.4/../../../../arm-none-eabi/lib/armv7e-m/fpu\libnosys.a(_exit.o)
 .data          0x00000000        0x0 c:/freescale/kds_3.0.0/toolchain/bin/../lib/gcc/arm-none-eabi/4.8.4/../../../../arm-none-eabi/lib/armv7e-m/fpu\libnosys.a(_exit.o)
 .bss           0x00000000        0x0 c:/freescale/kds_3.0.0/toolchain/bin/../lib/gcc/arm-none-eabi/4.8.4/../../../../arm-none-eabi/lib/armv7e-m/fpu\libnosys.a(_exit.o)
 .text          0x00000000        0x0 c:/freescale/kds_3.0.0/toolchain/bin/../lib/gcc/arm-none-eabi/4.8.4/armv7e-m/fpu/crtend.o
 .data          0x00000000        0x0 c:/freescale/kds_3.0.0/toolchain/bin/../lib/gcc/arm-none-eabi/4.8.4/armv7e-m/fpu/crtend.o
 .bss           0x00000000        0x0 c:/freescale/kds_3.0.0/toolchain/bin/../lib/gcc/arm-none-eabi/4.8.4/armv7e-m/fpu/crtend.o
 .eh_frame      0x00000000        0x4 c:/freescale/kds_3.0.0/toolchain/bin/../lib/gcc/arm-none-eabi/4.8.4/armv7e-m/fpu/crtend.o
 .jcr           0x00000000        0x4 c:/freescale/kds_3.0.0/toolchain/bin/../lib/gcc/arm-none-eabi/4.8.4/armv7e-m/fpu/crtend.o
 .ARM.attributes
                0x00000000       0x34 c:/freescale/kds_3.0.0/toolchain/bin/../lib/gcc/arm-none-eabi/4.8.4/armv7e-m/fpu/crtend.o
 .text          0x00000000        0x0 c:/freescale/kds_3.0.0/toolchain/bin/../lib/gcc/arm-none-eabi/4.8.4/armv7e-m/fpu/crtn.o
 .data          0x00000000        0x0 c:/freescale/kds_3.0.0/toolchain/bin/../lib/gcc/arm-none-eabi/4.8.4/armv7e-m/fpu/crtn.o
 .bss           0x00000000        0x0 c:/freescale/kds_3.0.0/toolchain/bin/../lib/gcc/arm-none-eabi/4.8.4/armv7e-m/fpu/crtn.o

Memory Configuration

Name             Origin             Length             Attributes
m_interrupts     0x00000000         0x000001e8         xr
m_text           0x00000410         0x0007fbf0         xr
m_data           0x1fff0000         0x00010000         rw
m_data_20000000  0x20000000         0x00010000         rw
m_cfmprotrom     0x00000400         0x00000010         xr
*default*        0x00000000         0xffffffff

Linker script and memory map

LOAD c:/freescale/kds_3.0.0/toolchain/bin/../lib/gcc/arm-none-eabi/4.8.4/armv7e-m/fpu/crti.o
LOAD c:/freescale/kds_3.0.0/toolchain/bin/../lib/gcc/arm-none-eabi/4.8.4/armv7e-m/fpu/crtbegin.o
LOAD c:/freescale/kds_3.0.0/toolchain/bin/../lib/gcc/arm-none-eabi/4.8.4/../../../../arm-none-eabi/lib/armv7e-m/fpu/crt0.o
LOAD ./Sources/Events.o
LOAD ./Sources/FIFO.o
LOAD ./Sources/FTM.o
LOAD ./Sources/Flash.o
LOAD ./Sources/I2C.o
LOAD ./Sources/LEDs.o
LOAD ./Sources/PIT.o
LOAD ./Sources/RTC.o
LOAD ./Sources/UART.o
LOAD ./Sources/accel.o
LOAD ./Sources/main.o
LOAD ./Sources/median.o
LOAD ./Sources/packet.o
LOAD ./Project_Settings/Startup_Code/startup.o
LOAD ./Generated_Code/Cpu.o
LOAD ./Generated_Code/PE_LDD.o
LOAD ./Generated_Code/Vectors.o
LOAD C:\Users\11990405\Desktop\Lab5\Library\libOS.a
LOAD c:/freescale/kds_3.0.0/toolchain/bin/../lib/gcc/arm-none-eabi/4.8.4/../../../../arm-none-eabi/lib/armv7e-m/fpu\libstdc++_s.a
LOAD c:/freescale/kds_3.0.0/toolchain/bin/../lib/gcc/arm-none-eabi/4.8.4/../../../../arm-none-eabi/lib/armv7e-m/fpu\libm.a
START GROUP
LOAD c:/freescale/kds_3.0.0/toolchain/bin/../lib/gcc/arm-none-eabi/4.8.4/armv7e-m/fpu\libgcc.a
LOAD c:/freescale/kds_3.0.0/toolchain/bin/../lib/gcc/arm-none-eabi/4.8.4/../../../../arm-none-eabi/lib/armv7e-m/fpu\libg_s.a
LOAD c:/freescale/kds_3.0.0/toolchain/bin/../lib/gcc/arm-none-eabi/4.8.4/../../../../arm-none-eabi/lib/armv7e-m/fpu\libc_s.a
END GROUP
START GROUP
LOAD c:/freescale/kds_3.0.0/toolchain/bin/../lib/gcc/arm-none-eabi/4.8.4/armv7e-m/fpu\libgcc.a
LOAD c:/freescale/kds_3.0.0/toolchain/bin/../lib/gcc/arm-none-eabi/4.8.4/../../../../arm-none-eabi/lib/armv7e-m/fpu\libc_s.a
LOAD c:/freescale/kds_3.0.0/toolchain/bin/../lib/gcc/arm-none-eabi/4.8.4/../../../../arm-none-eabi/lib/armv7e-m/fpu\libnosys.a
END GROUP
START GROUP
LOAD c:/freescale/kds_3.0.0/toolchain/bin/../lib/gcc/arm-none-eabi/4.8.4/armv7e-m/fpu\libgcc.a
LOAD c:/freescale/kds_3.0.0/toolchain/bin/../lib/gcc/arm-none-eabi/4.8.4/../../../../arm-none-eabi/lib/armv7e-m/fpu\libc_s.a
LOAD c:/freescale/kds_3.0.0/toolchain/bin/../lib/gcc/arm-none-eabi/4.8.4/../../../../arm-none-eabi/lib/armv7e-m/fpu\libnosys.a
END GROUP
LOAD c:/freescale/kds_3.0.0/toolchain/bin/../lib/gcc/arm-none-eabi/4.8.4/armv7e-m/fpu/crtend.o
LOAD c:/freescale/kds_3.0.0/toolchain/bin/../lib/gcc/arm-none-eabi/4.8.4/armv7e-m/fpu/crtn.o
                0x20000000                _estack = 0x20000000
                0x20000000                __SP_INIT = _estack
                0x20000000                __stack = _estack
                0x00000000                __heap_size = 0x0
                0x00000400                __stack_size = 0x400

.interrupts     0x00000000      0x1e8
                0x00000000                __vector_table = .
                0x00000000                . = ALIGN (0x4)
 *(.vectortable)
 .vectortable   0x00000000      0x1e8 ./Generated_Code/Vectors.o
                0x00000000                __vect_table
                0x000001e8                . = ALIGN (0x4)

.cfmprotect     0x00000400       0x10
                0x00000400                . = ALIGN (0x4)
 *(.cfmconfig)
 .cfmconfig     0x00000400       0x10 ./Generated_Code/Cpu.o
                0x00000400                _cfm
                0x00000410                . = ALIGN (0x4)

.text           0x00000410     0x2fb4
                0x00000410                . = ALIGN (0x4)
 *(.text)
 .text          0x00000410       0x54 c:/freescale/kds_3.0.0/toolchain/bin/../lib/gcc/arm-none-eabi/4.8.4/armv7e-m/fpu/crtbegin.o
 .text          0x00000464       0x74 c:/freescale/kds_3.0.0/toolchain/bin/../lib/gcc/arm-none-eabi/4.8.4/../../../../arm-none-eabi/lib/armv7e-m/fpu/crt0.o
                0x00000464                _start
                0x00000464                _mainCRTStartup
 .text          0x000004d8      0x370 c:/freescale/kds_3.0.0/toolchain/bin/../lib/gcc/arm-none-eabi/4.8.4/armv7e-m/fpu\libgcc.a(_arm_addsubdf3.o)
                0x000004d8                __aeabi_drsub
                0x000004e0                __aeabi_dsub
                0x000004e0                __subdf3
                0x000004e4                __aeabi_dadd
                0x000004e4                __adddf3
                0x0000075c                __floatunsidf
                0x0000075c                __aeabi_ui2d
                0x0000077c                __floatsidf
                0x0000077c                __aeabi_i2d
                0x000007a0                __aeabi_f2d
                0x000007a0                __extendsfdf2
                0x000007dc                __floatundidf
                0x000007dc                __aeabi_ul2d
                0x000007ec                __floatdidf
                0x000007ec                __aeabi_l2d
 .text          0x00000848      0x424 c:/freescale/kds_3.0.0/toolchain/bin/../lib/gcc/arm-none-eabi/4.8.4/armv7e-m/fpu\libgcc.a(_arm_muldivdf3.o)
                0x00000848                __aeabi_dmul
                0x00000848                __muldf3
                0x00000a9c                __divdf3
                0x00000a9c                __aeabi_ddiv
 .text          0x00000c6c       0x40 c:/freescale/kds_3.0.0/toolchain/bin/../lib/gcc/arm-none-eabi/4.8.4/armv7e-m/fpu\libgcc.a(_arm_fixunsdfsi.o)
                0x00000c6c                __aeabi_d2uiz
                0x00000c6c                __fixunsdfsi
 *(.text*)
 .text.FIFO_Init
                0x00000cac       0x24 ./Sources/FIFO.o
                0x00000cac                FIFO_Init
 .text.FIFO_Put
                0x00000cd0       0x60 ./Sources/FIFO.o
                0x00000cd0                FIFO_Put
 .text.FIFO_Get
                0x00000d30       0x60 ./Sources/FIFO.o
                0x00000d30                FIFO_Get
 .text.FTM_Init
                0x00000d90       0x74 ./Sources/FTM.o
                0x00000d90                FTM_Init
 .text.FTM_StartTimer
                0x00000e04       0x50 ./Sources/FTM.o
                0x00000e04                FTM_StartTimer
 .text.FTM0_ISR
                0x00000e54       0x68 ./Sources/FTM.o
                0x00000e54                FTM0_ISR
 .text.PrepareCWS
                0x00000ebc       0x40 ./Sources/Flash.o
 .text.ExecuteCWS
                0x00000efc       0x78 ./Sources/Flash.o
 .text.Flash_Init
                0x00000f74       0x24 ./Sources/Flash.o
                0x00000f74                Flash_Init
 .text.Flash_AllocateVar
                0x00000f98      0x10c ./Sources/Flash.o
                0x00000f98                Flash_AllocateVar
 .text.WritePhrase
                0x000010a4       0x80 ./Sources/Flash.o
 .text.Flash_Write32
                0x00001124       0x54 ./Sources/Flash.o
                0x00001124                Flash_Write32
 .text.Flash_Write16
                0x00001178       0x5c ./Sources/Flash.o
                0x00001178                Flash_Write16
 .text.Flash_Write8
                0x000011d4       0x5c ./Sources/Flash.o
                0x000011d4                Flash_Write8
 .text.Flash_Erase
                0x00001230       0x40 ./Sources/Flash.o
                0x00001230                Flash_Erase
 .text.I2CInterruptWait
                0x00001270       0x30 ./Sources/I2C.o
 .text.I2CStop  0x000012a0       0x30 ./Sources/I2C.o
 .text.I2CBusWait
                0x000012d0       0x28 ./Sources/I2C.o
 .text.I2C_Write
                0x000012f8       0x58 ./Sources/I2C.o
                0x000012f8                I2C_Write
 .text.I2C_IntRead
                0x00001350       0xb4 ./Sources/I2C.o
                0x00001350                I2C_IntRead
 .text.I2C_ISR  0x00001404       0xc0 ./Sources/I2C.o
                0x00001404                I2C_ISR
 .text.LEDs_Init
                0x000014c4       0xc4 ./Sources/LEDs.o
                0x000014c4                LEDs_Init
 .text.LEDs_On  0x00001588       0x1c ./Sources/LEDs.o
                0x00001588                LEDs_On
 .text.LEDs_Off
                0x000015a4       0x1c ./Sources/LEDs.o
                0x000015a4                LEDs_Off
 .text.LEDs_Toggle
                0x000015c0       0x1c ./Sources/LEDs.o
                0x000015c0                LEDs_Toggle
 .text.PIT_Init
                0x000015dc       0x74 ./Sources/PIT.o
                0x000015dc                PIT_Init
 .text.PIT_Set  0x00001650       0x80 ./Sources/PIT.o
                0x00001650                PIT_Set
 .text.PIT_Enable
                0x000016d0       0x40 ./Sources/PIT.o
                0x000016d0                PIT_Enable
 .text.PIT_ISR  0x00001710       0x40 ./Sources/PIT.o
                0x00001710                PIT_ISR
 .text.RTC_Init
                0x00001750       0x94 ./Sources/RTC.o
                0x00001750                RTC_Init
 .text.RTC_Set  0x000017e4       0xac ./Sources/RTC.o
                0x000017e4                RTC_Set
 .text.RTC_Get  0x00001890       0xa8 ./Sources/RTC.o
                0x00001890                RTC_Get
 .text.RTC_ISR  0x00001938       0x2c ./Sources/RTC.o
                0x00001938                RTC_ISR
 .text.UART_Init
                0x00001964      0x150 ./Sources/UART.o
                0x00001964                UART_Init
 .text.UART_InChar
                0x00001ab4       0x20 ./Sources/UART.o
                0x00001ab4                UART_InChar
 .text.UART_OutChar
                0x00001ad4       0x24 ./Sources/UART.o
                0x00001ad4                UART_OutChar
 .text.UART_ISR
                0x00001af8       0x98 ./Sources/UART.o
                0x00001af8                UART_ISR
 .text.Accel_SetMode
                0x00001b90       0x9c ./Sources/accel.o
                0x00001b90                Accel_SetMode
 .text.AccelDataReady_ISR
                0x00001c2c       0x68 ./Sources/accel.o
                0x00001c2c                AccelDataReady_ISR
 .text.PacketProcessor
                0x00001c94      0x448 ./Sources/main.o
                0x00001c94                PacketProcessor
 .text.PITThread
                0x000020dc       0x24 ./Sources/main.o
 .text.RTCThread
                0x00002100       0x44 ./Sources/main.o
 .text.FTMThread
                0x00002144       0x24 ./Sources/main.o
 .text.PacketThread
                0x00002168       0x44 ./Sources/main.o
 .text.InitThread
                0x000021ac      0x130 ./Sources/main.o
 .text.MainThread
                0x000022dc       0x24 ./Sources/main.o
 .text.main     0x00002300       0xb4 ./Sources/main.o
                0x00002300                main
 .text.Packet_Init
                0x000023b4       0x2c ./Sources/packet.o
                0x000023b4                Packet_Init
 .text.Packet_Get
                0x000023e0       0xd4 ./Sources/packet.o
                0x000023e0                Packet_Get
 .text.Packet_Put
                0x000024b4       0x94 ./Sources/packet.o
                0x000024b4                Packet_Put
 .text.__copy_rom_section
                0x00002548       0xe4 ./Project_Settings/Startup_Code/startup.o
                0x00002548                __copy_rom_section
 .text.__copy_rom_sections_to_ram
                0x0000262c       0x9c ./Project_Settings/Startup_Code/startup.o
                0x0000262c                __copy_rom_sections_to_ram
 .text.__init_registers
                0x000026c8       0x20 ./Project_Settings/Startup_Code/startup.o
                0x000026c8                __init_registers
 .text.__init_user
                0x000026e8        0xc ./Project_Settings/Startup_Code/startup.o
                0x000026e8                __init_user
 .text.__thumb_startup
                0x000026f4       0x34 ./Project_Settings/Startup_Code/startup.o
                0x000026f4                __thumb_startup
 .text.Cpu_Interrupt
                0x00002728       0x18 ./Generated_Code/Cpu.o
                0x00002728                Cpu_Interrupt
 .text.__init_hardware
                0x00002740      0x1cc ./Generated_Code/Cpu.o
                0x00002740                __init_hardware
 .text.Cpu_SetBASEPRI
                0x0000290c       0x18 ./Generated_Code/Cpu.o
                0x0000290c                Cpu_SetBASEPRI
 .text.PE_low_level_init
                0x00002924       0xe4 ./Generated_Code/Cpu.o
                0x00002924                PE_low_level_init
 .text.OS_Init  0x00002a08      0x108 C:\Users\11990405\Desktop\Lab5\Library\libOS.a(OS.o)
                0x00002a08                OS_Init
 .text.OS_ISREnter
                0x00002b10       0x20 C:\Users\11990405\Desktop\Lab5\Library\libOS.a(OS.o)
                0x00002b10                OS_ISREnter
 .text.OS_ISRExit
                0x00002b30       0x1c C:\Users\11990405\Desktop\Lab5\Library\libOS.a(OS.o)
                0x00002b30                OS_ISRExit
 .text.OS_SemaphoreCreate
                0x00002b4c       0x90 C:\Users\11990405\Desktop\Lab5\Library\libOS.a(OS.o)
                0x00002b4c                OS_SemaphoreCreate
 .text.OS_SemaphoreSignal
                0x00002bdc       0x44 C:\Users\11990405\Desktop\Lab5\Library\libOS.a(OS.o)
                0x00002bdc                OS_SemaphoreSignal
 .text.OS_SemaphoreWait
                0x00002c20       0x58 C:\Users\11990405\Desktop\Lab5\Library\libOS.a(OS.o)
                0x00002c20                OS_SemaphoreWait
 .text.OS_Start
                0x00002c78       0x10 C:\Users\11990405\Desktop\Lab5\Library\libOS.a(OS.o)
                0x00002c78                OS_Start
 .text.OS_ThreadCreate
                0x00002c88      0x160 C:\Users\11990405\Desktop\Lab5\Library\libOS.a(OS.o)
                0x00002c88                OS_ThreadCreate
 .text.OS_ThreadDelete
                0x00002de8      0x180 C:\Users\11990405\Desktop\Lab5\Library\libOS.a(OS.o)
                0x00002de8                OS_ThreadDelete
 .text.EventThreadReady
                0x00002f68       0x68 C:\Users\11990405\Desktop\Lab5\Library\libOS.a(OS.o)
 .text.EventThreadWait
                0x00002fd0       0x64 C:\Users\11990405\Desktop\Lab5\Library\libOS.a(OS.o)
 .text.EventTimeout
                0x00003034       0x40 C:\Users\11990405\Desktop\Lab5\Library\libOS.a(OS.o)
 .text.Idle     0x00003074       0x1c C:\Users\11990405\Desktop\Lab5\Library\libOS.a(OS.o)
 .text.FindFirstSet
                0x00003090       0x44 C:\Users\11990405\Desktop\Lab5\Library\libOS.a(OS.o)
 .text.Schedule
                0x000030d4       0x64 C:\Users\11990405\Desktop\Lab5\Library\libOS.a(OS.o)
 .text.TCBInit  0x00003138       0xc0 C:\Users\11990405\Desktop\Lab5\Library\libOS.a(OS.o)
 .text.TimeTick
                0x000031f8       0x74 C:\Users\11990405\Desktop\Lab5\Library\libOS.a(OS.o)
 *fill*         0x0000326c        0x4 
 .text.OS_ContextSwitchISR
                0x00003270       0x50 C:\Users\11990405\Desktop\Lab5\Library\libOS.a(OS.o)
                0x00003270                OS_ContextSwitchISR
 .text.OS_SysTickISR
                0x000032c0       0x5c C:\Users\11990405\Desktop\Lab5\Library\libOS.a(OS.o)
                0x000032c0                OS_SysTickISR
 .text.exit     0x0000331c       0x28 c:/freescale/kds_3.0.0/toolchain/bin/../lib/gcc/arm-none-eabi/4.8.4/../../../../arm-none-eabi/lib/armv7e-m/fpu\libg_s.a(lib_a-exit.o)
                0x0000331c                exit
 .text.__libc_init_array
                0x00003344       0x4c c:/freescale/kds_3.0.0/toolchain/bin/../lib/gcc/arm-none-eabi/4.8.4/../../../../arm-none-eabi/lib/armv7e-m/fpu\libg_s.a(lib_a-init.o)
                0x00003344                __libc_init_array
 .text.memset   0x00003390       0x10 c:/freescale/kds_3.0.0/toolchain/bin/../lib/gcc/arm-none-eabi/4.8.4/../../../../arm-none-eabi/lib/armv7e-m/fpu\libg_s.a(lib_a-memset.o)
                0x00003390                memset
 .text._exit    0x000033a0        0x4 c:/freescale/kds_3.0.0/toolchain/bin/../lib/gcc/arm-none-eabi/4.8.4/../../../../arm-none-eabi/lib/armv7e-m/fpu\libnosys.a(_exit.o)
                0x000033a0                _exit
 *(.rodata)
 *(.rodata*)
 .rodata.PACKET_ACK_MASK
                0x000033a4        0x1 ./Sources/packet.o
                0x000033a4                PACKET_ACK_MASK
 .rodata.str1.1
                0x000033a5        0x2 c:/freescale/kds_3.0.0/toolchain/bin/../lib/gcc/arm-none-eabi/4.8.4/../../../../arm-none-eabi/lib/armv7e-m/fpu\libg_s.a(lib_a-impure.o)
 *fill*         0x000033a7        0x1 
 .rodata._global_impure_ptr
                0x000033a8        0x4 c:/freescale/kds_3.0.0/toolchain/bin/../lib/gcc/arm-none-eabi/4.8.4/../../../../arm-none-eabi/lib/armv7e-m/fpu\libg_s.a(lib_a-impure.o)
                0x000033a8                _global_impure_ptr
 *(.glue_7)
 .glue_7        0x00000000        0x0 linker stubs
 *(.glue_7t)
 .glue_7t       0x00000000        0x0 linker stubs
 *(.eh_frame)
 .eh_frame      0x000033ac        0x0 c:/freescale/kds_3.0.0/toolchain/bin/../lib/gcc/arm-none-eabi/4.8.4/armv7e-m/fpu/crtbegin.o
 *(.init)
 .init          0x000033ac        0x4 c:/freescale/kds_3.0.0/toolchain/bin/../lib/gcc/arm-none-eabi/4.8.4/armv7e-m/fpu/crti.o
                0x000033ac                _init
 .init          0x000033b0        0x8 c:/freescale/kds_3.0.0/toolchain/bin/../lib/gcc/arm-none-eabi/4.8.4/armv7e-m/fpu/crtn.o
 *(.fini)
 .fini          0x000033b8        0x4 c:/freescale/kds_3.0.0/toolchain/bin/../lib/gcc/arm-none-eabi/4.8.4/armv7e-m/fpu/crti.o
                0x000033b8                _fini
 .fini          0x000033bc        0x8 c:/freescale/kds_3.0.0/toolchain/bin/../lib/gcc/arm-none-eabi/4.8.4/armv7e-m/fpu/crtn.o
                0x000033c4                . = ALIGN (0x4)
                0x000033c4                _etext = .

.vfp11_veneer   0x000033c4        0x0
 .vfp11_veneer  0x00000000        0x0 linker stubs

.v4_bx          0x000033c4        0x0
 .v4_bx         0x00000000        0x0 linker stubs

.iplt           0x000033c4        0x0
 .iplt          0x00000000        0x0 c:/freescale/kds_3.0.0/toolchain/bin/../lib/gcc/arm-none-eabi/4.8.4/armv7e-m/fpu/crtbegin.o

.ARM.extab
 *(.ARM.extab* .gnu.linkonce.armextab.*)

.ARM            0x000033c4        0x8
                0x000033c4                __exidx_start = .
 *(.ARM.exidx*)
 .ARM.exidx     0x000033c4        0x8 c:/freescale/kds_3.0.0/toolchain/bin/../lib/gcc/arm-none-eabi/4.8.4/../../../../arm-none-eabi/lib/armv7e-m/fpu/crt0.o
                0x000033cc                __exidx_end = .

.rel.dyn        0x000033cc        0x0
 .rel.iplt      0x00000000        0x0 c:/freescale/kds_3.0.0/toolchain/bin/../lib/gcc/arm-none-eabi/4.8.4/armv7e-m/fpu/crtbegin.o

.ctors          0x000033cc        0x0
                0x000033cc                __CTOR_LIST__ = .
 *crtbegin.o(.ctors)
 *(EXCLUDE_FILE(*crtend.o) .ctors)
 *(SORT(.ctors.*))
 *(.ctors)
                0x000033cc                __CTOR_END__ = .

.dtors          0x000033cc        0x0
                0x000033cc                __DTOR_LIST__ = .
 *crtbegin.o(.dtors)
 *(EXCLUDE_FILE(*crtend.o) .dtors)
 *(SORT(.dtors.*))
 *(.dtors)
                0x000033cc                __DTOR_END__ = .

.preinit_array  0x000033cc        0x0
                0x000033cc                PROVIDE (__preinit_array_start, .)
 *(.preinit_array*)
                0x000033cc                PROVIDE (__preinit_array_end, .)

.init_array     0x000033cc        0x4
                0x000033cc                PROVIDE (__init_array_start, .)
 *(SORT(.init_array.*))
 *(.init_array*)
 .init_array    0x000033cc        0x4 c:/freescale/kds_3.0.0/toolchain/bin/../lib/gcc/arm-none-eabi/4.8.4/armv7e-m/fpu/crtbegin.o
                0x000033d0                PROVIDE (__init_array_end, .)

.fini_array     0x000033d0        0x4
                0x000033d0                PROVIDE (__fini_array_start, .)
 *(SORT(.fini_array.*))
 *(.fini_array*)
 .fini_array    0x000033d0        0x4 c:/freescale/kds_3.0.0/toolchain/bin/../lib/gcc/arm-none-eabi/4.8.4/armv7e-m/fpu/crtbegin.o
                0x000033d4                PROVIDE (__fini_array_end, .)
                0x000033d4                ___ROM_AT = .

.data           0x1fff0000       0x70 load address 0x000033d4
                0x1fff0000                . = ALIGN (0x4)
                0x1fff0000                _sdata = .
 *(.data)
 *(.data*)
 .data.FTMChannel0
                0x1fff0000       0x10 ./Sources/main.o
 .data.impure_data
                0x1fff0010       0x60 c:/freescale/kds_3.0.0/toolchain/bin/../lib/gcc/arm-none-eabi/4.8.4/../../../../arm-none-eabi/lib/armv7e-m/fpu\libg_s.a(lib_a-impure.o)
                0x1fff0070                . = ALIGN (0x4)
                0x1fff0070                _edata = .
                0x00000070                ___data_size = (_edata - _sdata)
                0x00003444                ___m_data_20000000_ROMStart = (___ROM_AT + SIZEOF (.data))

.jcr            0x1fff0070        0x0 load address 0x00003444
 .jcr           0x1fff0070        0x0 c:/freescale/kds_3.0.0/toolchain/bin/../lib/gcc/arm-none-eabi/4.8.4/armv7e-m/fpu/crtbegin.o

.igot.plt       0x1fff0070        0x0 load address 0x00003444
 .igot.plt      0x00000000        0x0 c:/freescale/kds_3.0.0/toolchain/bin/../lib/gcc/arm-none-eabi/4.8.4/armv7e-m/fpu/crtbegin.o

.m_data_20000000
                0x20000000        0x0 load address 0x00003444
                0x20000000                . = ALIGN (0x4)
                0x20000000                ___m_data_20000000_RAMStart = .
 *(.m_data_20000000)
                0x20000000                ___m_data_20000000_RAMEnd = .
                0x20000000                . = ALIGN (0x4)
                0x00000000                ___m_data_20000000_ROMSize = (___m_data_20000000_RAMEnd - ___m_data_20000000_RAMStart)
                0x20000000                . = ALIGN (0x4)

.bss            0x1fff0070     0x14b0 load address 0x00003448
                0x1fff0070                __START_BSS = .
                0x1fff0070                PROVIDE (__bss_start__, __START_BSS)
 *(.bss)
 .bss           0x1fff0070       0x1c c:/freescale/kds_3.0.0/toolchain/bin/../lib/gcc/arm-none-eabi/4.8.4/armv7e-m/fpu/crtbegin.o
 *(.bss*)
 .bss.MemoryMap
                0x1fff008c        0x1 ./Sources/Flash.o
 .bss.SlaveAddr
                0x1fff008d        0x1 ./Sources/I2C.o
 *fill*         0x1fff008e        0x2 
 .bss.ReadDestination
                0x1fff0090        0x4 ./Sources/I2C.o
 .bss.TxNumBytes
                0x1fff0094        0x1 ./Sources/I2C.o
 *fill*         0x1fff0095        0x3 
 .bss.I2CCallback
                0x1fff0098        0x4 ./Sources/I2C.o
 .bss.I2CArguments
                0x1fff009c        0x4 ./Sources/I2C.o
 .bss.InterruptCount
                0x1fff00a0        0x1 ./Sources/I2C.o
 *fill*         0x1fff00a1        0x3 
 .bss.PITModuleClk
                0x1fff00a4        0x4 ./Sources/PIT.o
 .bss.RxFIFO    0x1fff00a8      0x108 ./Sources/UART.o
 .bss.TxFIFO    0x1fff01b0      0x108 ./Sources/UART.o
 .bss.INT_SOURCE_Union
                0x1fff02b8        0x4 ./Sources/accel.o
 .bss.CTRL_REG1_Union
                0x1fff02bc        0x4 ./Sources/accel.o
 .bss.CTRL_REG4_Union
                0x1fff02c0        0x4 ./Sources/accel.o
 .bss.ADRCallback
                0x1fff02c4        0x4 ./Sources/accel.o
 .bss.ADRArgs   0x1fff02c8        0x4 ./Sources/accel.o
 *fill*         0x1fff02cc        0x4 
 .bss.InitThreadStack
                0x1fff02d0      0x190 ./Sources/main.o
 .bss.MainThreadStack
                0x1fff0460      0x190 ./Sources/main.o
 .bss.RTCThreadStack
                0x1fff05f0      0x190 ./Sources/main.o
 .bss.PITThreadStack
                0x1fff0780      0x190 ./Sources/main.o
 .bss.FTMThreadStack
                0x1fff0910      0x190 ./Sources/main.o
 .bss.PacketThreadStack
                0x1fff0aa0      0x190 ./Sources/main.o
 .bss.InitSemaphore
                0x1fff0c30        0x4 ./Sources/main.o
 .bss.MainSemaphore
                0x1fff0c34        0x4 ./Sources/main.o
 .bss.NvTowerNb
                0x1fff0c38        0x4 ./Sources/main.o
 .bss.NvTowerMd
                0x1fff0c3c        0x4 ./Sources/main.o
 .bss.modeAccel
                0x1fff0c40        0x1 ./Sources/main.o
 .bss.PacketIndex
                0x1fff0c41        0x1 ./Sources/packet.o
 .bss.SR_lock   0x1fff0c42        0x1 ./Generated_Code/Cpu.o
                0x1fff0c42                SR_lock
 *fill*         0x1fff0c43        0x1 
 .bss.TCBUnusedMain
                0x1fff0c44       0x18 C:\Users\11990405\Desktop\Lab5\Library\libOS.a(OS.o)
 .bss.TCBTable  0x1fff0c5c      0x300 C:\Users\11990405\Desktop\Lab5\Library\libOS.a(OS.o)
 .bss.pTCBFreeList
                0x1fff0f5c        0x4 C:\Users\11990405\Desktop\Lab5\Library\libOS.a(OS.o)
 .bss.pTCBAllocatedList
                0x1fff0f60        0x4 C:\Users\11990405\Desktop\Lab5\Library\libOS.a(OS.o)
 .bss.pTCBPriorityTable
                0x1fff0f64       0x80 C:\Users\11990405\Desktop\Lab5\Library\libOS.a(OS.o)
 .bss.pTCBRunning
                0x1fff0fe4        0x4 C:\Users\11990405\Desktop\Lab5\Library\libOS.a(OS.o)
 .bss.pTCBHighestReady
                0x1fff0fe8        0x4 C:\Users\11990405\Desktop\Lab5\Library\libOS.a(OS.o)
 .bss.ReadyList
                0x1fff0fec        0x4 C:\Users\11990405\Desktop\Lab5\Library\libOS.a(OS.o)
 .bss.ECBTable  0x1fff0ff0      0x100 C:\Users\11990405\Desktop\Lab5\Library\libOS.a(OS.o)
 .bss.NextECBFree
                0x1fff10f0        0x1 C:\Users\11990405\Desktop\Lab5\Library\libOS.a(OS.o)
 *fill*         0x1fff10f1        0x3 
 .bss.IdleCounter
                0x1fff10f4        0x4 C:\Users\11990405\Desktop\Lab5\Library\libOS.a(OS.o)
 .bss.IdleStack
                0x1fff10f8      0x400 C:\Users\11990405\Desktop\Lab5\Library\libOS.a(OS.o)
 .bss.Ticks     0x1fff14f8        0x4 C:\Users\11990405\Desktop\Lab5\Library\libOS.a(OS.o)
 .bss.ToggleCntr
                0x1fff14fc        0x4 C:\Users\11990405\Desktop\Lab5\Library\libOS.a(OS.o)
 .bss.ToggleLED
                0x1fff1500        0x1 C:\Users\11990405\Desktop\Lab5\Library\libOS.a(OS.o)
 .bss.ISRNestLevel
                0x1fff1501        0x1 C:\Users\11990405\Desktop\Lab5\Library\libOS.a(OS.o)
 *(COMMON)
 *fill*         0x1fff1502        0x2 
 COMMON         0x1fff1504        0x4 ./Sources/FTM.o
                0x1fff1504                FTMSemaphore
 COMMON         0x1fff1508        0x4 ./Sources/PIT.o
                0x1fff1508                PITSemaphore
 COMMON         0x1fff150c        0x4 ./Sources/RTC.o
                0x1fff150c                RTCSemaphore
 COMMON         0x1fff1510        0x8 ./Sources/UART.o
                0x1fff1510                PacketSemaphore
                0x1fff1514                PacketPutSemaphore
 COMMON         0x1fff1518        0x5 ./Sources/packet.o
                0x1fff1518                Packet
 COMMON         0x1fff151d        0x1 ./Generated_Code/Cpu.o
                0x1fff151d                SR_reg
                0x1fff1520                . = ALIGN (0x4)
 *fill*         0x1fff151e        0x2 
                0x1fff1520                __END_BSS = .
                0x1fff1520                PROVIDE (__bss_end__, __END_BSS)
                0x00003444                _romp_at = ((___ROM_AT + SIZEOF (.data)) + SIZEOF (.m_data_20000000))

.romp           0x1fff1520       0x24 load address 0x00003444
                0x00003444                __S_romp = _romp_at
                0x1fff1520        0x4 LONG 0x33d4 ___ROM_AT
                0x1fff1524        0x4 LONG 0x1fff0000 _sdata
                0x1fff1528        0x4 LONG 0x70 ___data_size
                0x1fff152c        0x4 LONG 0x3444 ___m_data_20000000_ROMStart
                0x1fff1530        0x4 LONG 0x20000000 ___m_data_20000000_RAMStart
                0x1fff1534        0x4 LONG 0x0 ___m_data_20000000_ROMSize
                0x1fff1538        0x4 LONG 0x0
                0x1fff153c        0x4 LONG 0x0
                0x1fff1540        0x4 LONG 0x0

._user_heap_stack
                0x1fff1544      0x400 load address 0x00003468
                0x1fff1544                . = ALIGN (0x4)
                0x1fff1544                PROVIDE (end, .)
                0x1fff1544                PROVIDE (_end, .)
                0x1fff1544                __heap_addr = .
                0x1fff1544                __HeapBase = .
                0x1fff1544                . = (. + __heap_size)
                0x1fff1544                __HeapLimit = .
                0x1fff1944                . = (. + __stack_size)
 *fill*         0x1fff1544      0x400 
                0x1fff1944                . = ALIGN (0x4)

.ARM.attributes
                0x00000000       0x30
 *(.ARM.attributes)
 .ARM.attributes
                0x00000000       0x22 c:/freescale/kds_3.0.0/toolchain/bin/../lib/gcc/arm-none-eabi/4.8.4/armv7e-m/fpu/crti.o
 .ARM.attributes
                0x00000022       0x34 c:/freescale/kds_3.0.0/toolchain/bin/../lib/gcc/arm-none-eabi/4.8.4/armv7e-m/fpu/crtbegin.o
 .ARM.attributes
                0x00000056       0x20 c:/freescale/kds_3.0.0/toolchain/bin/../lib/gcc/arm-none-eabi/4.8.4/../../../../arm-none-eabi/lib/armv7e-m/fpu/crt0.o
 .ARM.attributes
                0x00000076       0x39 ./Sources/FIFO.o
 .ARM.attributes
                0x000000af       0x39 ./Sources/FTM.o
 .ARM.attributes
                0x000000e8       0x39 ./Sources/Flash.o
 .ARM.attributes
                0x00000121       0x39 ./Sources/I2C.o
 .ARM.attributes
                0x0000015a       0x39 ./Sources/LEDs.o
 .ARM.attributes
                0x00000193       0x39 ./Sources/PIT.o
 .ARM.attributes
                0x000001cc       0x39 ./Sources/RTC.o
 .ARM.attributes
                0x00000205       0x39 ./Sources/UART.o
 .ARM.attributes
                0x0000023e       0x39 ./Sources/accel.o
 .ARM.attributes
                0x00000277       0x39 ./Sources/main.o
 .ARM.attributes
                0x000002b0       0x39 ./Sources/packet.o
 .ARM.attributes
                0x000002e9       0x39 ./Project_Settings/Startup_Code/startup.o
 .ARM.attributes
                0x00000322       0x39 ./Generated_Code/Cpu.o
 .ARM.attributes
                0x0000035b       0x39 ./Generated_Code/Vectors.o
 .ARM.attributes
                0x00000394       0x39 C:\Users\11990405\Desktop\Lab5\Library\libOS.a(OS.o)
 .ARM.attributes
                0x000003cd       0x22 c:/freescale/kds_3.0.0/toolchain/bin/../lib/gcc/arm-none-eabi/4.8.4/armv7e-m/fpu\libgcc.a(_arm_addsubdf3.o)
 .ARM.attributes
                0x000003ef       0x22 c:/freescale/kds_3.0.0/toolchain/bin/../lib/gcc/arm-none-eabi/4.8.4/armv7e-m/fpu\libgcc.a(_arm_muldivdf3.o)
 .ARM.attributes
                0x00000411       0x22 c:/freescale/kds_3.0.0/toolchain/bin/../lib/gcc/arm-none-eabi/4.8.4/armv7e-m/fpu\libgcc.a(_arm_fixunsdfsi.o)
 .ARM.attributes
                0x00000433       0x34 c:/freescale/kds_3.0.0/toolchain/bin/../lib/gcc/arm-none-eabi/4.8.4/../../../../arm-none-eabi/lib/armv7e-m/fpu\libg_s.a(lib_a-exit.o)
 .ARM.attributes
                0x00000467       0x34 c:/freescale/kds_3.0.0/toolchain/bin/../lib/gcc/arm-none-eabi/4.8.4/../../../../arm-none-eabi/lib/armv7e-m/fpu\libg_s.a(lib_a-impure.o)
 .ARM.attributes
                0x0000049b       0x34 c:/freescale/kds_3.0.0/toolchain/bin/../lib/gcc/arm-none-eabi/4.8.4/../../../../arm-none-eabi/lib/armv7e-m/fpu\libg_s.a(lib_a-init.o)
 .ARM.attributes
                0x000004cf       0x34 c:/freescale/kds_3.0.0/toolchain/bin/../lib/gcc/arm-none-eabi/4.8.4/../../../../arm-none-eabi/lib/armv7e-m/fpu\libg_s.a(lib_a-memset.o)
 .ARM.attributes
                0x00000503       0x34 c:/freescale/kds_3.0.0/toolchain/bin/../lib/gcc/arm-none-eabi/4.8.4/../../../../arm-none-eabi/lib/armv7e-m/fpu\libnosys.a(_exit.o)
 .ARM.attributes
                0x00000537       0x22 c:/freescale/kds_3.0.0/toolchain/bin/../lib/gcc/arm-none-eabi/4.8.4/armv7e-m/fpu/crtn.o
OUTPUT(Lab4.elf elf32-littlearm)

.debug_info     0x00000000     0x69f7
 .debug_info    0x00000000      0x1c2 ./Sources/FIFO.o
 .debug_info    0x000001c2      0x75d ./Sources/FTM.o
 .debug_info    0x0000091f      0x647 ./Sources/Flash.o
 .debug_info    0x00000f66      0x85d ./Sources/I2C.o
 .debug_info    0x000017c3      0x490 ./Sources/LEDs.o
 .debug_info    0x00001c53      0x58c ./Sources/PIT.o
 .debug_info    0x000021df      0x60f ./Sources/RTC.o
 .debug_info    0x000027ee      0x93c ./Sources/UART.o
 .debug_info    0x0000312a      0xad5 ./Sources/accel.o
 .debug_info    0x00003bff      0x975 ./Sources/main.o
 .debug_info    0x00004574      0x5e4 ./Sources/packet.o
 .debug_info    0x00004b58      0x3b0 ./Project_Settings/Startup_Code/startup.o
 .debug_info    0x00004f08      0xc82 ./Generated_Code/Cpu.o
 .debug_info    0x00005b8a      0x178 ./Generated_Code/Vectors.o
 .debug_info    0x00005d02      0xcf5 C:\Users\11990405\Desktop\Lab5\Library\libOS.a(OS.o)

.debug_abbrev   0x00000000     0x17dd
 .debug_abbrev  0x00000000       0xd3 ./Sources/FIFO.o
 .debug_abbrev  0x000000d3      0x1cf ./Sources/FTM.o
 .debug_abbrev  0x000002a2      0x1bd ./Sources/Flash.o
 .debug_abbrev  0x0000045f      0x1f7 ./Sources/I2C.o
 .debug_abbrev  0x00000656      0x144 ./Sources/LEDs.o
 .debug_abbrev  0x0000079a      0x186 ./Sources/PIT.o
 .debug_abbrev  0x00000920      0x15d ./Sources/RTC.o
 .debug_abbrev  0x00000a7d      0x1a2 ./Sources/UART.o
 .debug_abbrev  0x00000c1f      0x1d2 ./Sources/accel.o
 .debug_abbrev  0x00000df1      0x1e3 ./Sources/main.o
 .debug_abbrev  0x00000fd4      0x150 ./Sources/packet.o
 .debug_abbrev  0x00001124      0x189 ./Project_Settings/Startup_Code/startup.o
 .debug_abbrev  0x000012ad      0x185 ./Generated_Code/Cpu.o
 .debug_abbrev  0x00001432       0xb3 ./Generated_Code/Vectors.o
 .debug_abbrev  0x000014e5      0x2f8 C:\Users\11990405\Desktop\Lab5\Library\libOS.a(OS.o)

.debug_aranges  0x00000000      0x450
 .debug_aranges
                0x00000000       0x30 ./Sources/FIFO.o
 .debug_aranges
                0x00000030       0x38 ./Sources/FTM.o
 .debug_aranges
                0x00000068       0x60 ./Sources/Flash.o
 .debug_aranges
                0x000000c8       0x60 ./Sources/I2C.o
 .debug_aranges
                0x00000128       0x38 ./Sources/LEDs.o
 .debug_aranges
                0x00000160       0x38 ./Sources/PIT.o
 .debug_aranges
                0x00000198       0x38 ./Sources/RTC.o
 .debug_aranges
                0x000001d0       0x38 ./Sources/UART.o
 .debug_aranges
                0x00000208       0x38 ./Sources/accel.o
 .debug_aranges
                0x00000240       0x78 ./Sources/main.o
 .debug_aranges
                0x000002b8       0x30 ./Sources/packet.o
 .debug_aranges
                0x000002e8       0x50 ./Project_Settings/Startup_Code/startup.o
 .debug_aranges
                0x00000338       0x38 ./Generated_Code/Cpu.o
 .debug_aranges
                0x00000370       0x18 ./Generated_Code/Vectors.o
 .debug_aranges
                0x00000388       0xc8 C:\Users\11990405\Desktop\Lab5\Library\libOS.a(OS.o)

.debug_ranges   0x00000000      0x358
 .debug_ranges  0x00000000       0x20 ./Sources/FIFO.o
 .debug_ranges  0x00000020       0x28 ./Sources/FTM.o
 .debug_ranges  0x00000048       0x50 ./Sources/Flash.o
 .debug_ranges  0x00000098       0x50 ./Sources/I2C.o
 .debug_ranges  0x000000e8       0x28 ./Sources/LEDs.o
 .debug_ranges  0x00000110       0x28 ./Sources/PIT.o
 .debug_ranges  0x00000138       0x28 ./Sources/RTC.o
 .debug_ranges  0x00000160       0x28 ./Sources/UART.o
 .debug_ranges  0x00000188       0x28 ./Sources/accel.o
 .debug_ranges  0x000001b0       0x68 ./Sources/main.o
 .debug_ranges  0x00000218       0x20 ./Sources/packet.o
 .debug_ranges  0x00000238       0x40 ./Project_Settings/Startup_Code/startup.o
 .debug_ranges  0x00000278       0x28 ./Generated_Code/Cpu.o
 .debug_ranges  0x000002a0       0xb8 C:\Users\11990405\Desktop\Lab5\Library\libOS.a(OS.o)

.debug_macro    0x00000000    0x1a6aa
 .debug_macro   0x00000000       0xaf ./Sources/FIFO.o
 .debug_macro   0x000000af       0x22 ./Sources/FIFO.o
 .debug_macro   0x000000d1       0x30 ./Sources/FIFO.o
 .debug_macro   0x00000101     0x1800 ./Sources/FIFO.o
 .debug_macro   0x00001901       0x9a ./Sources/FIFO.o
 .debug_macro   0x0000199b       0x7d ./Sources/FTM.o
 .debug_macro   0x00001a18      0x104 ./Sources/Flash.o
 .debug_macro   0x00001b1c       0x28 ./Sources/Flash.o
 .debug_macro   0x00001b44       0x58 ./Sources/Flash.o
 .debug_macro   0x00001b9c       0x35 ./Sources/Flash.o
 .debug_macro   0x00001bd1       0xa3 ./Sources/Flash.o
 .debug_macro   0x00001c74      0x166 ./Sources/Flash.o
 .debug_macro   0x00001dda       0x52 ./Sources/Flash.o
 .debug_macro   0x00001e2c       0x16 ./Sources/Flash.o
 .debug_macro   0x00001e42       0x43 ./Sources/Flash.o
 .debug_macro   0x00001e85      0x180 ./Sources/Flash.o
 .debug_macro   0x00002005       0xde ./Sources/Flash.o
 .debug_macro   0x000020e3       0x68 ./Sources/I2C.o
 .debug_macro   0x0000214b       0x68 ./Sources/LEDs.o
 .debug_macro   0x000021b3       0x71 ./Sources/PIT.o
 .debug_macro   0x00002224       0x71 ./Sources/RTC.o
 .debug_macro   0x00002295       0xc2 ./Sources/UART.o
 .debug_macro   0x00002357       0x3a ./Sources/UART.o
 .debug_macro   0x00002391      0x1ea ./Sources/accel.o
 .debug_macro   0x0000257b      0x16f ./Sources/main.o
 .debug_macro   0x000026ea       0x3a ./Sources/main.o
 .debug_macro   0x00002724       0x2e ./Sources/main.o
 .debug_macro   0x00002752       0x7a ./Sources/packet.o
 .debug_macro   0x000027cc      0x121 ./Project_Settings/Startup_Code/startup.o
 .debug_macro   0x000028ed       0x4a ./Project_Settings/Startup_Code/startup.o
 .debug_macro   0x00002937      0x2a6 ./Project_Settings/Startup_Code/startup.o
 .debug_macro   0x00002bdd       0x10 ./Project_Settings/Startup_Code/startup.o
 .debug_macro   0x00002bed       0x35 ./Project_Settings/Startup_Code/startup.o
 .debug_macro   0x00002c22       0x16 ./Project_Settings/Startup_Code/startup.o
 .debug_macro   0x00002c38       0x22 ./Project_Settings/Startup_Code/startup.o
 .debug_macro   0x00002c5a       0x16 ./Project_Settings/Startup_Code/startup.o
 .debug_macro   0x00002c70      0x20f ./Project_Settings/Startup_Code/startup.o
 .debug_macro   0x00002e7f    0x174af ./Project_Settings/Startup_Code/startup.o
 .debug_macro   0x0001a32e       0x84 ./Generated_Code/Cpu.o
 .debug_macro   0x0001a3b2       0xa0 ./Generated_Code/Cpu.o
 .debug_macro   0x0001a452       0xf7 ./Generated_Code/Vectors.o
 .debug_macro   0x0001a549       0xa3 C:\Users\11990405\Desktop\Lab5\Library\libOS.a(OS.o)
 .debug_macro   0x0001a5ec       0x94 C:\Users\11990405\Desktop\Lab5\Library\libOS.a(OS.o)
 .debug_macro   0x0001a680       0x2a C:\Users\11990405\Desktop\Lab5\Library\libOS.a(OS.o)

.debug_line     0x00000000     0x2cb4
 .debug_line    0x00000000      0x2a6 ./Sources/FIFO.o
 .debug_line    0x000002a6      0x258 ./Sources/FTM.o
 .debug_line    0x000004fe      0x367 ./Sources/Flash.o
 .debug_line    0x00000865      0x303 ./Sources/I2C.o
 .debug_line    0x00000b68      0x214 ./Sources/LEDs.o
 .debug_line    0x00000d7c      0x24a ./Sources/PIT.o
 .debug_line    0x00000fc6      0x25a ./Sources/RTC.o
 .debug_line    0x00001220      0x2d8 ./Sources/UART.o
 .debug_line    0x000014f8      0x2cb ./Sources/accel.o
 .debug_line    0x000017c3      0x4be ./Sources/main.o
 .debug_line    0x00001c81      0x268 ./Sources/packet.o
 .debug_line    0x00001ee9      0x3be ./Project_Settings/Startup_Code/startup.o
 .debug_line    0x000022a7      0x270 ./Generated_Code/Cpu.o
 .debug_line    0x00002517      0x301 ./Generated_Code/Vectors.o
 .debug_line    0x00002818      0x49c C:\Users\11990405\Desktop\Lab5\Library\libOS.a(OS.o)

.debug_str      0x00000000    0x8f61a
 .debug_str     0x00000000    0x8a5ed ./Sources/FIFO.o
                              0x8a762 (size before relaxing)
 .debug_str     0x0008a5ed      0x40b ./Sources/FTM.o
                              0x831bd (size before relaxing)
 .debug_str     0x0008a9f8     0x1eef ./Sources/Flash.o
                              0x84cda (size before relaxing)
 .debug_str     0x0008c8e7      0x222 ./Sources/I2C.o
                              0x83093 (size before relaxing)
 .debug_str     0x0008cb09       0xae ./Sources/LEDs.o
                              0x82ee1 (size before relaxing)
 .debug_str     0x0008cbb7       0xae ./Sources/PIT.o
                              0x82fd5 (size before relaxing)
 .debug_str     0x0008cc65       0xbf ./Sources/RTC.o
                              0x82fd0 (size before relaxing)
 .debug_str     0x0008cd24      0x30e ./Sources/UART.o
                              0x8abed (size before relaxing)
 .debug_str     0x0008d032      0xa8b ./Sources/accel.o
                              0x8b449 (size before relaxing)
 .debug_str     0x0008dabd      0x3ff ./Sources/main.o
                              0x8b187 (size before relaxing)
 .debug_str     0x0008debc       0x4c ./Sources/packet.o
                              0x831e1 (size before relaxing)
 .debug_str     0x0008df08     0x114c ./Project_Settings/Startup_Code/startup.o
                              0x853e5 (size before relaxing)
 .debug_str     0x0008f054      0x1f2 ./Generated_Code/Cpu.o
                              0x8aa16 (size before relaxing)
 .debug_str     0x0008f246       0x1c ./Generated_Code/Vectors.o
                              0x8a7a4 (size before relaxing)
 .debug_str     0x0008f262      0x3b8 C:\Users\11990405\Desktop\Lab5\Library\libOS.a(OS.o)
                              0x8ace0 (size before relaxing)

.comment        0x00000000       0x70
 .comment       0x00000000       0x70 ./Sources/FIFO.o
                                 0x71 (size before relaxing)
 .comment       0x00000000       0x71 ./Sources/FTM.o
 .comment       0x00000000       0x71 ./Sources/Flash.o
 .comment       0x00000000       0x71 ./Sources/I2C.o
 .comment       0x00000000       0x71 ./Sources/LEDs.o
 .comment       0x00000000       0x71 ./Sources/PIT.o
 .comment       0x00000000       0x71 ./Sources/RTC.o
 .comment       0x00000000       0x71 ./Sources/UART.o
 .comment       0x00000000       0x71 ./Sources/accel.o
 .comment       0x00000000       0x71 ./Sources/main.o
 .comment       0x00000000       0x71 ./Sources/packet.o
 .comment       0x00000000       0x71 ./Project_Settings/Startup_Code/startup.o
 .comment       0x00000000       0x71 ./Generated_Code/Cpu.o
 .comment       0x00000000       0x71 ./Generated_Code/Vectors.o
 .comment       0x00000000       0x71 C:\Users\11990405\Desktop\Lab5\Library\libOS.a(OS.o)

.debug_frame    0x00000000      0xc3c
 .debug_frame   0x00000000       0x64 ./Sources/FIFO.o
 .debug_frame   0x00000064       0x84 ./Sources/FTM.o
 .debug_frame   0x000000e8      0x118 ./Sources/Flash.o
 .debug_frame   0x00000200      0x114 ./Sources/I2C.o
 .debug_frame   0x00000314       0x7c ./Sources/LEDs.o
 .debug_frame   0x00000390       0x90 ./Sources/PIT.o
 .debug_frame   0x00000420       0x84 ./Sources/RTC.o
 .debug_frame   0x000004a4       0x94 ./Sources/UART.o
 .debug_frame   0x00000538       0x94 ./Sources/accel.o
 .debug_frame   0x000005cc      0x18c ./Sources/main.o
 .debug_frame   0x00000758       0x70 ./Sources/packet.o
 .debug_frame   0x000007c8       0xc0 ./Project_Settings/Startup_Code/startup.o
 .debug_frame   0x00000888       0x80 ./Generated_Code/Cpu.o
 .debug_frame   0x00000908      0x2a0 C:\Users\11990405\Desktop\Lab5\Library\libOS.a(OS.o)
 .debug_frame   0x00000ba8       0x28 c:/freescale/kds_3.0.0/toolchain/bin/../lib/gcc/arm-none-eabi/4.8.4/../../../../arm-none-eabi/lib/armv7e-m/fpu\libg_s.a(lib_a-exit.o)
 .debug_frame   0x00000bd0       0x2c c:/freescale/kds_3.0.0/toolchain/bin/../lib/gcc/arm-none-eabi/4.8.4/../../../../arm-none-eabi/lib/armv7e-m/fpu\libg_s.a(lib_a-init.o)
 .debug_frame   0x00000bfc       0x20 c:/freescale/kds_3.0.0/toolchain/bin/../lib/gcc/arm-none-eabi/4.8.4/../../../../arm-none-eabi/lib/armv7e-m/fpu\libg_s.a(lib_a-memset.o)
 .debug_frame   0x00000c1c       0x20 c:/freescale/kds_3.0.0/toolchain/bin/../lib/gcc/arm-none-eabi/4.8.4/../../../../arm-none-eabi/lib/armv7e-m/fpu\libnosys.a(_exit.o)
