Archive member included because of file (symbol)

C:\Users\11990405\Desktop\Lab5_Jason\Library\libOS.a(OS.o)
                              ./Sources/main.o (OS_Init)
c:/freescale/kds_3.0.0/toolchain/bin/../lib/gcc/arm-none-eabi/4.8.4/armv7e-m/fpu\libgcc.a(_arm_addsubdf3.o)
                              ./Sources/PIT.o (__aeabi_ui2d)
c:/freescale/kds_3.0.0/toolchain/bin/../lib/gcc/arm-none-eabi/4.8.4/armv7e-m/fpu\libgcc.a(_arm_muldivdf3.o)
                              ./Sources/PIT.o (__aeabi_ddiv)
c:/freescale/kds_3.0.0/toolchain/bin/../lib/gcc/arm-none-eabi/4.8.4/armv7e-m/fpu\libgcc.a(_arm_fixunsdfsi.o)
                              ./Sources/PIT.o (__aeabi_d2uiz)
c:/freescale/kds_3.0.0/toolchain/bin/../lib/gcc/arm-none-eabi/4.8.4/../../../../arm-none-eabi/lib/armv7e-m/fpu\libg_s.a(lib_a-exit.o)
                              c:/freescale/kds_3.0.0/toolchain/bin/../lib/gcc/arm-none-eabi/4.8.4/../../../../arm-none-eabi/lib/armv7e-m/fpu/crt0.o (exit)
c:/freescale/kds_3.0.0/toolchain/bin/../lib/gcc/arm-none-eabi/4.8.4/../../../../arm-none-eabi/lib/armv7e-m/fpu\libg_s.a(lib_a-impure.o)
                              c:/freescale/kds_3.0.0/toolchain/bin/../lib/gcc/arm-none-eabi/4.8.4/../../../../arm-none-eabi/lib/armv7e-m/fpu\libg_s.a(lib_a-exit.o) (_global_impure_ptr)
c:/freescale/kds_3.0.0/toolchain/bin/../lib/gcc/arm-none-eabi/4.8.4/../../../../arm-none-eabi/lib/armv7e-m/fpu\libg_s.a(lib_a-init.o)
                              c:/freescale/kds_3.0.0/toolchain/bin/../lib/gcc/arm-none-eabi/4.8.4/../../../../arm-none-eabi/lib/armv7e-m/fpu/crt0.o (__libc_init_array)
c:/freescale/kds_3.0.0/toolchain/bin/../lib/gcc/arm-none-eabi/4.8.4/../../../../arm-none-eabi/lib/armv7e-m/fpu\libg_s.a(lib_a-memset.o)
                              c:/freescale/kds_3.0.0/toolchain/bin/../lib/gcc/arm-none-eabi/4.8.4/../../../../arm-none-eabi/lib/armv7e-m/fpu/crt0.o (memset)
c:/freescale/kds_3.0.0/toolchain/bin/../lib/gcc/arm-none-eabi/4.8.4/../../../../arm-none-eabi/lib/armv7e-m/fpu\libnosys.a(_exit.o)
                              c:/freescale/kds_3.0.0/toolchain/bin/../lib/gcc/arm-none-eabi/4.8.4/../../../../arm-none-eabi/lib/armv7e-m/fpu\libg_s.a(lib_a-exit.o) (_exit)

Allocating common symbols
Common symbol       size              file

RxSemaphore         0x4               ./Sources/UART.o
TxSemaphore         0x4               ./Sources/UART.o
Packet              0x5               ./Sources/packet.o
PacketSemaphore     0x4               ./Sources/UART.o
SR_reg              0x1               ./Generated_Code/Cpu.o
PacketPutSemaphore  0x4               ./Sources/UART.o

Discarded input sections

 .text          0x00000000        0x0 c:/freescale/kds_3.0.0/toolchain/bin/../lib/gcc/arm-none-eabi/4.8.4/armv7e-m/fpu/crti.o
 .data          0x00000000        0x0 c:/freescale/kds_3.0.0/toolchain/bin/../lib/gcc/arm-none-eabi/4.8.4/armv7e-m/fpu/crti.o
 .bss           0x00000000        0x0 c:/freescale/kds_3.0.0/toolchain/bin/../lib/gcc/arm-none-eabi/4.8.4/armv7e-m/fpu/crti.o
 .data          0x00000000        0x4 c:/freescale/kds_3.0.0/toolchain/bin/../lib/gcc/arm-none-eabi/4.8.4/armv7e-m/fpu/crtbegin.o
 .data          0x00000000        0x0 c:/freescale/kds_3.0.0/toolchain/bin/../lib/gcc/arm-none-eabi/4.8.4/../../../../arm-none-eabi/lib/armv7e-m/fpu/crt0.o
 .bss           0x00000000        0x0 c:/freescale/kds_3.0.0/toolchain/bin/../lib/gcc/arm-none-eabi/4.8.4/../../../../arm-none-eabi/lib/armv7e-m/fpu/crt0.o
 .ARM.extab     0x00000000        0x0 c:/freescale/kds_3.0.0/toolchain/bin/../lib/gcc/arm-none-eabi/4.8.4/../../../../arm-none-eabi/lib/armv7e-m/fpu/crt0.o
 .group         0x00000000        0x8 ./Sources/Events.o
 .group         0x00000000        0x8 ./Sources/Events.o
 .group         0x00000000        0x8 ./Sources/Events.o
 .group         0x00000000        0x8 ./Sources/Events.o
 .group         0x00000000        0x8 ./Sources/Events.o
 .group         0x00000000        0x8 ./Sources/Events.o
 .group         0x00000000        0x8 ./Sources/Events.o
 .group         0x00000000        0x8 ./Sources/Events.o
 .group         0x00000000        0x8 ./Sources/Events.o
 .text          0x00000000        0x0 ./Sources/Events.o
 .data          0x00000000        0x0 ./Sources/Events.o
 .bss           0x00000000        0x0 ./Sources/Events.o
 .debug_info    0x00000000       0x7d ./Sources/Events.o
 .debug_abbrev  0x00000000       0x29 ./Sources/Events.o
 .debug_aranges
                0x00000000       0x18 ./Sources/Events.o
 .debug_macro   0x00000000       0x9f ./Sources/Events.o
 .debug_macro   0x00000000      0x850 ./Sources/Events.o
 .debug_macro   0x00000000       0x16 ./Sources/Events.o
 .debug_macro   0x00000000       0x44 ./Sources/Events.o
 .debug_macro   0x00000000      0x209 ./Sources/Events.o
 .debug_macro   0x00000000     0x17fa ./Sources/Events.o
 .debug_macro   0x00000000      0x14e ./Sources/Events.o
 .debug_macro   0x00000000       0x64 ./Sources/Events.o
 .debug_macro   0x00000000    0x174c1 ./Sources/Events.o
 .debug_macro   0x00000000       0x9a ./Sources/Events.o
 .debug_line    0x00000000      0x228 ./Sources/Events.o
 .debug_str     0x00000000    0x8a5f3 ./Sources/Events.o
 .comment       0x00000000       0x71 ./Sources/Events.o
 .ARM.attributes
                0x00000000       0x39 ./Sources/Events.o
 .group         0x00000000        0x8 ./Sources/FIFO.o
 .group         0x00000000        0x8 ./Sources/FIFO.o
 .group         0x00000000        0x8 ./Sources/FIFO.o
 .group         0x00000000        0x8 ./Sources/FIFO.o
 .group         0x00000000        0x8 ./Sources/FIFO.o
 .group         0x00000000        0x8 ./Sources/FIFO.o
 .group         0x00000000        0x8 ./Sources/FIFO.o
 .group         0x00000000        0x8 ./Sources/FIFO.o
 .group         0x00000000        0x8 ./Sources/FIFO.o
 .group         0x00000000        0x8 ./Sources/FIFO.o
 .text          0x00000000        0x0 ./Sources/FIFO.o
 .data          0x00000000        0x0 ./Sources/FIFO.o
 .bss           0x00000000        0x0 ./Sources/FIFO.o
 .debug_macro   0x00000000      0x850 ./Sources/FIFO.o
 .debug_macro   0x00000000       0x16 ./Sources/FIFO.o
 .debug_macro   0x00000000       0x44 ./Sources/FIFO.o
 .debug_macro   0x00000000      0x209 ./Sources/FIFO.o
 .debug_macro   0x00000000      0x14e ./Sources/FIFO.o
 .debug_macro   0x00000000       0x64 ./Sources/FIFO.o
 .debug_macro   0x00000000    0x174c1 ./Sources/FIFO.o
 .group         0x00000000        0x8 ./Sources/FTM.o
 .group         0x00000000        0x8 ./Sources/FTM.o
 .group         0x00000000        0x8 ./Sources/FTM.o
 .group         0x00000000        0x8 ./Sources/FTM.o
 .group         0x00000000        0x8 ./Sources/FTM.o
 .group         0x00000000        0x8 ./Sources/FTM.o
 .text          0x00000000        0x0 ./Sources/FTM.o
 .data          0x00000000        0x0 ./Sources/FTM.o
 .bss           0x00000000        0x0 ./Sources/FTM.o
 .text.FTM_Set  0x00000000       0x8c ./Sources/FTM.o
 .debug_macro   0x00000000      0x850 ./Sources/FTM.o
 .debug_macro   0x00000000       0x16 ./Sources/FTM.o
 .debug_macro   0x00000000       0x44 ./Sources/FTM.o
 .debug_macro   0x00000000      0x209 ./Sources/FTM.o
 .debug_macro   0x00000000       0x22 ./Sources/FTM.o
 .debug_macro   0x00000000    0x174c1 ./Sources/FTM.o
 .group         0x00000000        0x8 ./Sources/Flash.o
 .group         0x00000000        0x8 ./Sources/Flash.o
 .group         0x00000000        0x8 ./Sources/Flash.o
 .group         0x00000000        0x8 ./Sources/Flash.o
 .group         0x00000000        0x8 ./Sources/Flash.o
 .group         0x00000000        0x8 ./Sources/Flash.o
 .group         0x00000000        0x8 ./Sources/Flash.o
 .group         0x00000000        0x8 ./Sources/Flash.o
 .group         0x00000000        0x8 ./Sources/Flash.o
 .group         0x00000000        0x8 ./Sources/Flash.o
 .group         0x00000000        0x8 ./Sources/Flash.o
 .group         0x00000000        0x8 ./Sources/Flash.o
 .group         0x00000000        0x8 ./Sources/Flash.o
 .group         0x00000000        0x8 ./Sources/Flash.o
 .group         0x00000000        0x8 ./Sources/Flash.o
 .group         0x00000000        0x8 ./Sources/Flash.o
 .text          0x00000000        0x0 ./Sources/Flash.o
 .data          0x00000000        0x0 ./Sources/Flash.o
 .bss           0x00000000        0x0 ./Sources/Flash.o
 .debug_macro   0x00000000      0x850 ./Sources/Flash.o
 .debug_macro   0x00000000       0x16 ./Sources/Flash.o
 .debug_macro   0x00000000       0x44 ./Sources/Flash.o
 .debug_macro   0x00000000      0x209 ./Sources/Flash.o
 .debug_macro   0x00000000       0x22 ./Sources/Flash.o
 .debug_macro   0x00000000    0x174c1 ./Sources/Flash.o
 .group         0x00000000        0x8 ./Sources/I2C.o
 .group         0x00000000        0x8 ./Sources/I2C.o
 .group         0x00000000        0x8 ./Sources/I2C.o
 .group         0x00000000        0x8 ./Sources/I2C.o
 .group         0x00000000        0x8 ./Sources/I2C.o
 .group         0x00000000        0x8 ./Sources/I2C.o
 .text          0x00000000        0x0 ./Sources/I2C.o
 .data          0x00000000        0x0 ./Sources/I2C.o
 .bss           0x00000000        0x0 ./Sources/I2C.o
 .bss.SlaveAddr
                0x00000000        0x1 ./Sources/I2C.o
 .bss.RegAddr   0x00000000        0x1 ./Sources/I2C.o
 .bss.InterruptCount
                0x00000000        0x1 ./Sources/I2C.o
 .rodata.MUL_VAL
                0x00000000        0x4 ./Sources/I2C.o
 .rodata.SCL_DIV_VAL
                0x00000000       0x64 ./Sources/I2C.o
 .text.I2CInterruptWait
                0x00000000       0x30 ./Sources/I2C.o
 .text.I2CBusWait
                0x00000000       0x20 ./Sources/I2C.o
 .text.I2CStart
                0x00000000       0x20 ./Sources/I2C.o
 .text.BaudRate
                0x00000000       0x20 ./Sources/I2C.o
 .text.I2C_Init
                0x00000000      0x128 ./Sources/I2C.o
 .text.I2C_SelectSlaveDevice
                0x00000000       0x20 ./Sources/I2C.o
 .text.I2C_Write
                0x00000000       0x4c ./Sources/I2C.o
 .text.I2C_PollRead
                0x00000000       0xfc ./Sources/I2C.o
 .text.I2C_IntRead
                0x00000000       0xac ./Sources/I2C.o
 .debug_macro   0x00000000      0x850 ./Sources/I2C.o
 .debug_macro   0x00000000       0x16 ./Sources/I2C.o
 .debug_macro   0x00000000       0x44 ./Sources/I2C.o
 .debug_macro   0x00000000      0x209 ./Sources/I2C.o
 .debug_macro   0x00000000       0x22 ./Sources/I2C.o
 .debug_macro   0x00000000    0x174c1 ./Sources/I2C.o
 .group         0x00000000        0x8 ./Sources/LEDs.o
 .group         0x00000000        0x8 ./Sources/LEDs.o
 .group         0x00000000        0x8 ./Sources/LEDs.o
 .group         0x00000000        0x8 ./Sources/LEDs.o
 .group         0x00000000        0x8 ./Sources/LEDs.o
 .group         0x00000000        0x8 ./Sources/LEDs.o
 .text          0x00000000        0x0 ./Sources/LEDs.o
 .data          0x00000000        0x0 ./Sources/LEDs.o
 .bss           0x00000000        0x0 ./Sources/LEDs.o
 .debug_macro   0x00000000      0x850 ./Sources/LEDs.o
 .debug_macro   0x00000000       0x16 ./Sources/LEDs.o
 .debug_macro   0x00000000       0x44 ./Sources/LEDs.o
 .debug_macro   0x00000000      0x209 ./Sources/LEDs.o
 .debug_macro   0x00000000       0x22 ./Sources/LEDs.o
 .debug_macro   0x00000000    0x174c1 ./Sources/LEDs.o
 .group         0x00000000        0x8 ./Sources/PIT.o
 .group         0x00000000        0x8 ./Sources/PIT.o
 .group         0x00000000        0x8 ./Sources/PIT.o
 .group         0x00000000        0x8 ./Sources/PIT.o
 .group         0x00000000        0x8 ./Sources/PIT.o
 .group         0x00000000        0x8 ./Sources/PIT.o
 .text          0x00000000        0x0 ./Sources/PIT.o
 .data          0x00000000        0x0 ./Sources/PIT.o
 .bss           0x00000000        0x0 ./Sources/PIT.o
 .debug_macro   0x00000000      0x850 ./Sources/PIT.o
 .debug_macro   0x00000000       0x16 ./Sources/PIT.o
 .debug_macro   0x00000000       0x44 ./Sources/PIT.o
 .debug_macro   0x00000000      0x209 ./Sources/PIT.o
 .debug_macro   0x00000000       0x22 ./Sources/PIT.o
 .debug_macro   0x00000000    0x174c1 ./Sources/PIT.o
 .group         0x00000000        0x8 ./Sources/RTC.o
 .group         0x00000000        0x8 ./Sources/RTC.o
 .group         0x00000000        0x8 ./Sources/RTC.o
 .group         0x00000000        0x8 ./Sources/RTC.o
 .group         0x00000000        0x8 ./Sources/RTC.o
 .group         0x00000000        0x8 ./Sources/RTC.o
 .text          0x00000000        0x0 ./Sources/RTC.o
 .data          0x00000000        0x0 ./Sources/RTC.o
 .bss           0x00000000        0x0 ./Sources/RTC.o
 .text.RTC_Init
                0x00000000       0xb0 ./Sources/RTC.o
 .text.RTC_Get  0x00000000       0xa8 ./Sources/RTC.o
 .debug_macro   0x00000000      0x850 ./Sources/RTC.o
 .debug_macro   0x00000000       0x16 ./Sources/RTC.o
 .debug_macro   0x00000000       0x44 ./Sources/RTC.o
 .debug_macro   0x00000000      0x209 ./Sources/RTC.o
 .debug_macro   0x00000000       0x22 ./Sources/RTC.o
 .debug_macro   0x00000000    0x174c1 ./Sources/RTC.o
 .group         0x00000000        0x8 ./Sources/UART.o
 .group         0x00000000        0x8 ./Sources/UART.o
 .group         0x00000000        0x8 ./Sources/UART.o
 .group         0x00000000        0x8 ./Sources/UART.o
 .group         0x00000000        0x8 ./Sources/UART.o
 .group         0x00000000        0x8 ./Sources/UART.o
 .group         0x00000000        0x8 ./Sources/UART.o
 .group         0x00000000        0x8 ./Sources/UART.o
 .group         0x00000000        0x8 ./Sources/UART.o
 .group         0x00000000        0x8 ./Sources/UART.o
 .group         0x00000000        0x8 ./Sources/UART.o
 .group         0x00000000        0x8 ./Sources/UART.o
 .text          0x00000000        0x0 ./Sources/UART.o
 .data          0x00000000        0x0 ./Sources/UART.o
 .bss           0x00000000        0x0 ./Sources/UART.o
 .text.RxUARTThread
                0x00000000       0x50 ./Sources/UART.o
 .debug_macro   0x00000000      0x850 ./Sources/UART.o
 .debug_macro   0x00000000       0x16 ./Sources/UART.o
 .debug_macro   0x00000000       0x44 ./Sources/UART.o
 .debug_macro   0x00000000      0x209 ./Sources/UART.o
 .debug_macro   0x00000000       0x22 ./Sources/UART.o
 .debug_macro   0x00000000    0x174c1 ./Sources/UART.o
 .debug_macro   0x00000000     0x1800 ./Sources/UART.o
 .debug_macro   0x00000000      0x14e ./Sources/UART.o
 .debug_macro   0x00000000       0x64 ./Sources/UART.o
 .debug_macro   0x00000000       0x9a ./Sources/UART.o
 .group         0x00000000        0x8 ./Sources/accel.o
 .group         0x00000000        0x8 ./Sources/accel.o
 .group         0x00000000        0x8 ./Sources/accel.o
 .group         0x00000000        0x8 ./Sources/accel.o
 .group         0x00000000        0x8 ./Sources/accel.o
 .group         0x00000000        0x8 ./Sources/accel.o
 .group         0x00000000        0x8 ./Sources/accel.o
 .group         0x00000000        0x8 ./Sources/accel.o
 .group         0x00000000        0x8 ./Sources/accel.o
 .group         0x00000000        0x8 ./Sources/accel.o
 .text          0x00000000        0x0 ./Sources/accel.o
 .data          0x00000000        0x0 ./Sources/accel.o
 .bss           0x00000000        0x0 ./Sources/accel.o
 .bss.INT_SOURCE_Union
                0x00000000        0x4 ./Sources/accel.o
 .bss.CTRL_REG1_Union
                0x00000000        0x4 ./Sources/accel.o
 .bss.CTRL_REG3_Union
                0x00000000        0x4 ./Sources/accel.o
 .bss.CTRL_REG4_Union
                0x00000000        0x4 ./Sources/accel.o
 .bss.CTRL_REG5_Union
                0x00000000        0x4 ./Sources/accel.o
 .bss.ProtocolMode
                0x00000000        0x1 ./Sources/accel.o
 .bss.ARCCallback
                0x00000000        0x4 ./Sources/accel.o
 .bss.ARCArgs   0x00000000        0x4 ./Sources/accel.o
 .rodata.MMA_ADDR_SA0H
                0x00000000        0x1 ./Sources/accel.o
 .rodata.WHO_AM_I_REG_ADDR
                0x00000000        0x1 ./Sources/accel.o
 .text.Accel_Init
                0x00000000      0x154 ./Sources/accel.o
 .text.Accel_ReadXYZ
                0x00000000       0x38 ./Sources/accel.o
 .text.Accel_SetMode
                0x00000000       0x84 ./Sources/accel.o
 .debug_macro   0x00000000      0x850 ./Sources/accel.o
 .debug_macro   0x00000000       0x16 ./Sources/accel.o
 .debug_macro   0x00000000       0x44 ./Sources/accel.o
 .debug_macro   0x00000000      0x209 ./Sources/accel.o
 .debug_macro   0x00000000       0x22 ./Sources/accel.o
 .debug_macro   0x00000000    0x174c1 ./Sources/accel.o
 .debug_macro   0x00000000     0x1800 ./Sources/accel.o
 .debug_macro   0x00000000      0x14e ./Sources/accel.o
 .debug_macro   0x00000000       0x64 ./Sources/accel.o
 .debug_macro   0x00000000       0x9a ./Sources/accel.o
 .group         0x00000000        0x8 ./Sources/main.o
 .group         0x00000000        0x8 ./Sources/main.o
 .group         0x00000000        0x8 ./Sources/main.o
 .group         0x00000000        0x8 ./Sources/main.o
 .group         0x00000000        0x8 ./Sources/main.o
 .group         0x00000000        0x8 ./Sources/main.o
 .group         0x00000000        0x8 ./Sources/main.o
 .group         0x00000000        0x8 ./Sources/main.o
 .group         0x00000000        0x8 ./Sources/main.o
 .group         0x00000000        0x8 ./Sources/main.o
 .group         0x00000000        0x8 ./Sources/main.o
 .group         0x00000000        0x8 ./Sources/main.o
 .group         0x00000000        0x8 ./Sources/main.o
 .text          0x00000000        0x0 ./Sources/main.o
 .data          0x00000000        0x0 ./Sources/main.o
 .bss           0x00000000        0x0 ./Sources/main.o
 .bss.MainThreadStack
                0x00000000      0x190 ./Sources/main.o
 .bss.RxUARTThreadStack
                0x00000000      0x190 ./Sources/main.o
 .bss.MainSemaphore
                0x00000000        0x4 ./Sources/main.o
 .rodata.BAUD_RATE
                0x00000000        0x4 ./Sources/main.o
 .text.RTCCallback
                0x00000000       0x38 ./Sources/main.o
 .text.MainThread
                0x00000000       0x34 ./Sources/main.o
 .debug_macro   0x00000000      0x850 ./Sources/main.o
 .debug_macro   0x00000000       0x16 ./Sources/main.o
 .debug_macro   0x00000000       0x44 ./Sources/main.o
 .debug_macro   0x00000000      0x209 ./Sources/main.o
 .debug_macro   0x00000000     0x17fa ./Sources/main.o
 .debug_macro   0x00000000      0x14e ./Sources/main.o
 .debug_macro   0x00000000       0x64 ./Sources/main.o
 .debug_macro   0x00000000    0x174c1 ./Sources/main.o
 .debug_macro   0x00000000       0x9a ./Sources/main.o
 .debug_macro   0x00000000       0x22 ./Sources/main.o
 .debug_macro   0x00000000       0x30 ./Sources/main.o
 .group         0x00000000        0x8 ./Sources/median.o
 .group         0x00000000        0x8 ./Sources/median.o
 .group         0x00000000        0x8 ./Sources/median.o
 .group         0x00000000        0x8 ./Sources/median.o
 .group         0x00000000        0x8 ./Sources/median.o
 .text          0x00000000        0x0 ./Sources/median.o
 .data          0x00000000        0x0 ./Sources/median.o
 .bss           0x00000000        0x0 ./Sources/median.o
 .text.Median_Filter3
                0x00000000       0x5c ./Sources/median.o
 .debug_info    0x00000000       0xd3 ./Sources/median.o
 .debug_abbrev  0x00000000       0x6c ./Sources/median.o
 .debug_aranges
                0x00000000       0x20 ./Sources/median.o
 .debug_ranges  0x00000000       0x10 ./Sources/median.o
 .debug_macro   0x00000000       0x5f ./Sources/median.o
 .debug_macro   0x00000000      0x850 ./Sources/median.o
 .debug_macro   0x00000000       0x16 ./Sources/median.o
 .debug_macro   0x00000000       0x44 ./Sources/median.o
 .debug_macro   0x00000000      0x209 ./Sources/median.o
 .debug_macro   0x00000000       0x22 ./Sources/median.o
 .debug_line    0x00000000      0x1a3 ./Sources/median.o
 .debug_str     0x00000000     0x2f7f ./Sources/median.o
 .comment       0x00000000       0x71 ./Sources/median.o
 .ARM.attributes
                0x00000000       0x39 ./Sources/median.o
 .debug_frame   0x00000000       0x2c ./Sources/median.o
 .group         0x00000000        0x8 ./Sources/packet.o
 .group         0x00000000        0x8 ./Sources/packet.o
 .group         0x00000000        0x8 ./Sources/packet.o
 .group         0x00000000        0x8 ./Sources/packet.o
 .group         0x00000000        0x8 ./Sources/packet.o
 .group         0x00000000        0x8 ./Sources/packet.o
 .group         0x00000000        0x8 ./Sources/packet.o
 .text          0x00000000        0x0 ./Sources/packet.o
 .data          0x00000000        0x0 ./Sources/packet.o
 .bss           0x00000000        0x0 ./Sources/packet.o
 .debug_macro   0x00000000      0x850 ./Sources/packet.o
 .debug_macro   0x00000000       0x16 ./Sources/packet.o
 .debug_macro   0x00000000       0x44 ./Sources/packet.o
 .debug_macro   0x00000000      0x209 ./Sources/packet.o
 .debug_macro   0x00000000       0x22 ./Sources/packet.o
 .debug_macro   0x00000000       0x30 ./Sources/packet.o
 .debug_macro   0x00000000       0x3a ./Sources/packet.o
 .group         0x00000000        0x8 ./Project_Settings/Startup_Code/startup.o
 .group         0x00000000        0x8 ./Project_Settings/Startup_Code/startup.o
 .group         0x00000000        0x8 ./Project_Settings/Startup_Code/startup.o
 .group         0x00000000        0x8 ./Project_Settings/Startup_Code/startup.o
 .group         0x00000000        0x8 ./Project_Settings/Startup_Code/startup.o
 .group         0x00000000        0x8 ./Project_Settings/Startup_Code/startup.o
 .group         0x00000000        0x8 ./Project_Settings/Startup_Code/startup.o
 .group         0x00000000        0x8 ./Project_Settings/Startup_Code/startup.o
 .group         0x00000000        0x8 ./Project_Settings/Startup_Code/startup.o
 .group         0x00000000        0x8 ./Project_Settings/Startup_Code/startup.o
 .group         0x00000000        0x8 ./Project_Settings/Startup_Code/startup.o
 .group         0x00000000        0x8 ./Project_Settings/Startup_Code/startup.o
 .group         0x00000000        0x8 ./Project_Settings/Startup_Code/startup.o
 .group         0x00000000        0x8 ./Project_Settings/Startup_Code/startup.o
 .group         0x00000000        0x8 ./Project_Settings/Startup_Code/startup.o
 .group         0x00000000        0x8 ./Project_Settings/Startup_Code/startup.o
 .group         0x00000000        0x8 ./Project_Settings/Startup_Code/startup.o
 .group         0x00000000        0x8 ./Project_Settings/Startup_Code/startup.o
 .group         0x00000000        0x8 ./Project_Settings/Startup_Code/startup.o
 .text          0x00000000        0x0 ./Project_Settings/Startup_Code/startup.o
 .data          0x00000000        0x0 ./Project_Settings/Startup_Code/startup.o
 .bss           0x00000000        0x0 ./Project_Settings/Startup_Code/startup.o
 .text.__init_hardware
                0x00000000        0xc ./Project_Settings/Startup_Code/startup.o
 .text.__iar_program_start
                0x00000000        0xc ./Project_Settings/Startup_Code/startup.o
 .debug_macro   0x00000000      0x850 ./Project_Settings/Startup_Code/startup.o
 .debug_macro   0x00000000       0x58 ./Project_Settings/Startup_Code/startup.o
 .debug_macro   0x00000000       0x16 ./Project_Settings/Startup_Code/startup.o
 .debug_macro   0x00000000       0x35 ./Project_Settings/Startup_Code/startup.o
 .debug_macro   0x00000000       0xa3 ./Project_Settings/Startup_Code/startup.o
 .debug_macro   0x00000000      0x166 ./Project_Settings/Startup_Code/startup.o
 .debug_macro   0x00000000       0x52 ./Project_Settings/Startup_Code/startup.o
 .debug_macro   0x00000000       0x16 ./Project_Settings/Startup_Code/startup.o
 .debug_macro   0x00000000       0x43 ./Project_Settings/Startup_Code/startup.o
 .debug_macro   0x00000000      0x180 ./Project_Settings/Startup_Code/startup.o
 .group         0x00000000        0x8 ./Generated_Code/Cpu.o
 .group         0x00000000        0x8 ./Generated_Code/Cpu.o
 .group         0x00000000        0x8 ./Generated_Code/Cpu.o
 .group         0x00000000        0x8 ./Generated_Code/Cpu.o
 .group         0x00000000        0x8 ./Generated_Code/Cpu.o
 .group         0x00000000        0x8 ./Generated_Code/Cpu.o
 .group         0x00000000        0x8 ./Generated_Code/Cpu.o
 .group         0x00000000        0x8 ./Generated_Code/Cpu.o
 .group         0x00000000        0x8 ./Generated_Code/Cpu.o
 .text          0x00000000        0x0 ./Generated_Code/Cpu.o
 .data          0x00000000        0x0 ./Generated_Code/Cpu.o
 .bss           0x00000000        0x0 ./Generated_Code/Cpu.o
 .debug_macro   0x00000000      0x850 ./Generated_Code/Cpu.o
 .debug_macro   0x00000000       0x16 ./Generated_Code/Cpu.o
 .debug_macro   0x00000000       0x44 ./Generated_Code/Cpu.o
 .debug_macro   0x00000000      0x209 ./Generated_Code/Cpu.o
 .debug_macro   0x00000000     0x17fa ./Generated_Code/Cpu.o
 .debug_macro   0x00000000      0x14e ./Generated_Code/Cpu.o
 .debug_macro   0x00000000       0x64 ./Generated_Code/Cpu.o
 .debug_macro   0x00000000    0x174c1 ./Generated_Code/Cpu.o
 .group         0x00000000        0x8 ./Generated_Code/PE_LDD.o
 .group         0x00000000        0x8 ./Generated_Code/PE_LDD.o
 .group         0x00000000        0x8 ./Generated_Code/PE_LDD.o
 .group         0x00000000        0x8 ./Generated_Code/PE_LDD.o
 .group         0x00000000        0x8 ./Generated_Code/PE_LDD.o
 .group         0x00000000        0x8 ./Generated_Code/PE_LDD.o
 .group         0x00000000        0x8 ./Generated_Code/PE_LDD.o
 .group         0x00000000        0x8 ./Generated_Code/PE_LDD.o
 .group         0x00000000        0x8 ./Generated_Code/PE_LDD.o
 .text          0x00000000        0x0 ./Generated_Code/PE_LDD.o
 .data          0x00000000        0x0 ./Generated_Code/PE_LDD.o
 .bss           0x00000000        0x0 ./Generated_Code/PE_LDD.o
 .rodata.PE_CpuClockConfigurations
                0x00000000       0x28 ./Generated_Code/PE_LDD.o
 .text.PE_FillMemory
                0x00000000       0x24 ./Generated_Code/PE_LDD.o
 .text.PE_PeripheralUsed
                0x00000000       0x18 ./Generated_Code/PE_LDD.o
 .text.LDD_SetClockConfiguration
                0x00000000       0x14 ./Generated_Code/PE_LDD.o
 .debug_info    0x00000000      0x215 ./Generated_Code/PE_LDD.o
 .debug_abbrev  0x00000000       0xf3 ./Generated_Code/PE_LDD.o
 .debug_aranges
                0x00000000       0x30 ./Generated_Code/PE_LDD.o
 .debug_ranges  0x00000000       0x20 ./Generated_Code/PE_LDD.o
 .debug_macro   0x00000000       0x8f ./Generated_Code/PE_LDD.o
 .debug_macro   0x00000000      0x850 ./Generated_Code/PE_LDD.o
 .debug_macro   0x00000000       0x16 ./Generated_Code/PE_LDD.o
 .debug_macro   0x00000000       0x44 ./Generated_Code/PE_LDD.o
 .debug_macro   0x00000000      0x209 ./Generated_Code/PE_LDD.o
 .debug_macro   0x00000000     0x17fa ./Generated_Code/PE_LDD.o
 .debug_macro   0x00000000      0x14e ./Generated_Code/PE_LDD.o
 .debug_macro   0x00000000       0x64 ./Generated_Code/PE_LDD.o
 .debug_macro   0x00000000    0x174c1 ./Generated_Code/PE_LDD.o
 .debug_macro   0x00000000       0x9a ./Generated_Code/PE_LDD.o
 .debug_line    0x00000000      0x238 ./Generated_Code/PE_LDD.o
 .debug_str     0x00000000    0x8a788 ./Generated_Code/PE_LDD.o
 .comment       0x00000000       0x71 ./Generated_Code/PE_LDD.o
 .ARM.attributes
                0x00000000       0x39 ./Generated_Code/PE_LDD.o
 .debug_frame   0x00000000       0x64 ./Generated_Code/PE_LDD.o
 .group         0x00000000        0x8 ./Generated_Code/Vectors.o
 .group         0x00000000        0x8 ./Generated_Code/Vectors.o
 .group         0x00000000        0x8 ./Generated_Code/Vectors.o
 .group         0x00000000        0x8 ./Generated_Code/Vectors.o
 .group         0x00000000        0x8 ./Generated_Code/Vectors.o
 .group         0x00000000        0x8 ./Generated_Code/Vectors.o
 .group         0x00000000        0x8 ./Generated_Code/Vectors.o
 .group         0x00000000        0x8 ./Generated_Code/Vectors.o
 .group         0x00000000        0x8 ./Generated_Code/Vectors.o
 .group         0x00000000        0x8 ./Generated_Code/Vectors.o
 .group         0x00000000        0x8 ./Generated_Code/Vectors.o
 .text          0x00000000        0x0 ./Generated_Code/Vectors.o
 .data          0x00000000        0x0 ./Generated_Code/Vectors.o
 .bss           0x00000000        0x0 ./Generated_Code/Vectors.o
 .debug_macro   0x00000000      0x850 ./Generated_Code/Vectors.o
 .debug_macro   0x00000000       0x16 ./Generated_Code/Vectors.o
 .debug_macro   0x00000000       0x44 ./Generated_Code/Vectors.o
 .debug_macro   0x00000000      0x209 ./Generated_Code/Vectors.o
 .debug_macro   0x00000000     0x17fa ./Generated_Code/Vectors.o
 .debug_macro   0x00000000      0x14e ./Generated_Code/Vectors.o
 .debug_macro   0x00000000       0x64 ./Generated_Code/Vectors.o
 .debug_macro   0x00000000    0x174c1 ./Generated_Code/Vectors.o
 .debug_macro   0x00000000       0x9a ./Generated_Code/Vectors.o
 .debug_macro   0x00000000       0x22 ./Generated_Code/Vectors.o
 .debug_macro   0x00000000       0x30 ./Generated_Code/Vectors.o
 .group         0x00000000        0x8 C:\Users\11990405\Desktop\Lab5_Jason\Library\libOS.a(OS.o)
 .group         0x00000000        0x8 C:\Users\11990405\Desktop\Lab5_Jason\Library\libOS.a(OS.o)
 .group         0x00000000        0x8 C:\Users\11990405\Desktop\Lab5_Jason\Library\libOS.a(OS.o)
 .group         0x00000000        0x8 C:\Users\11990405\Desktop\Lab5_Jason\Library\libOS.a(OS.o)
 .group         0x00000000        0x8 C:\Users\11990405\Desktop\Lab5_Jason\Library\libOS.a(OS.o)
 .group         0x00000000        0x8 C:\Users\11990405\Desktop\Lab5_Jason\Library\libOS.a(OS.o)
 .group         0x00000000        0x8 C:\Users\11990405\Desktop\Lab5_Jason\Library\libOS.a(OS.o)
 .group         0x00000000        0x8 C:\Users\11990405\Desktop\Lab5_Jason\Library\libOS.a(OS.o)
 .group         0x00000000        0x8 C:\Users\11990405\Desktop\Lab5_Jason\Library\libOS.a(OS.o)
 .group         0x00000000        0x8 C:\Users\11990405\Desktop\Lab5_Jason\Library\libOS.a(OS.o)
 .group         0x00000000        0x8 C:\Users\11990405\Desktop\Lab5_Jason\Library\libOS.a(OS.o)
 .text          0x00000000        0x0 C:\Users\11990405\Desktop\Lab5_Jason\Library\libOS.a(OS.o)
 .data          0x00000000        0x0 C:\Users\11990405\Desktop\Lab5_Jason\Library\libOS.a(OS.o)
 .bss           0x00000000        0x0 C:\Users\11990405\Desktop\Lab5_Jason\Library\libOS.a(OS.o)
 .rodata.OS_TICK_FREQUENCY
                0x00000000        0x4 C:\Users\11990405\Desktop\Lab5_Jason\Library\libOS.a(OS.o)
 .text.OS_TimeDelay
                0x00000000       0x48 C:\Users\11990405\Desktop\Lab5_Jason\Library\libOS.a(OS.o)
 .text.OS_TimeGet
                0x00000000       0x24 C:\Users\11990405\Desktop\Lab5_Jason\Library\libOS.a(OS.o)
 .text.OS_TimeSet
                0x00000000       0x20 C:\Users\11990405\Desktop\Lab5_Jason\Library\libOS.a(OS.o)
 .debug_macro   0x00000000      0x850 C:\Users\11990405\Desktop\Lab5_Jason\Library\libOS.a(OS.o)
 .debug_macro   0x00000000       0x16 C:\Users\11990405\Desktop\Lab5_Jason\Library\libOS.a(OS.o)
 .debug_macro   0x00000000       0x44 C:\Users\11990405\Desktop\Lab5_Jason\Library\libOS.a(OS.o)
 .debug_macro   0x00000000      0x209 C:\Users\11990405\Desktop\Lab5_Jason\Library\libOS.a(OS.o)
 .debug_macro   0x00000000     0x17fa C:\Users\11990405\Desktop\Lab5_Jason\Library\libOS.a(OS.o)
 .debug_macro   0x00000000      0x14e C:\Users\11990405\Desktop\Lab5_Jason\Library\libOS.a(OS.o)
 .debug_macro   0x00000000       0x64 C:\Users\11990405\Desktop\Lab5_Jason\Library\libOS.a(OS.o)
 .debug_macro   0x00000000    0x174c1 C:\Users\11990405\Desktop\Lab5_Jason\Library\libOS.a(OS.o)
 .debug_macro   0x00000000       0x22 C:\Users\11990405\Desktop\Lab5_Jason\Library\libOS.a(OS.o)
 .data          0x00000000        0x0 c:/freescale/kds_3.0.0/toolchain/bin/../lib/gcc/arm-none-eabi/4.8.4/armv7e-m/fpu\libgcc.a(_arm_addsubdf3.o)
 .bss           0x00000000        0x0 c:/freescale/kds_3.0.0/toolchain/bin/../lib/gcc/arm-none-eabi/4.8.4/armv7e-m/fpu\libgcc.a(_arm_addsubdf3.o)
 .data          0x00000000        0x0 c:/freescale/kds_3.0.0/toolchain/bin/../lib/gcc/arm-none-eabi/4.8.4/armv7e-m/fpu\libgcc.a(_arm_muldivdf3.o)
 .bss           0x00000000        0x0 c:/freescale/kds_3.0.0/toolchain/bin/../lib/gcc/arm-none-eabi/4.8.4/armv7e-m/fpu\libgcc.a(_arm_muldivdf3.o)
 .data          0x00000000        0x0 c:/freescale/kds_3.0.0/toolchain/bin/../lib/gcc/arm-none-eabi/4.8.4/armv7e-m/fpu\libgcc.a(_arm_fixunsdfsi.o)
 .bss           0x00000000        0x0 c:/freescale/kds_3.0.0/toolchain/bin/../lib/gcc/arm-none-eabi/4.8.4/armv7e-m/fpu\libgcc.a(_arm_fixunsdfsi.o)
 .text          0x00000000        0x0 c:/freescale/kds_3.0.0/toolchain/bin/../lib/gcc/arm-none-eabi/4.8.4/../../../../arm-none-eabi/lib/armv7e-m/fpu\libg_s.a(lib_a-exit.o)
 .data          0x00000000        0x0 c:/freescale/kds_3.0.0/toolchain/bin/../lib/gcc/arm-none-eabi/4.8.4/../../../../arm-none-eabi/lib/armv7e-m/fpu\libg_s.a(lib_a-exit.o)
 .bss           0x00000000        0x0 c:/freescale/kds_3.0.0/toolchain/bin/../lib/gcc/arm-none-eabi/4.8.4/../../../../arm-none-eabi/lib/armv7e-m/fpu\libg_s.a(lib_a-exit.o)
 .text          0x00000000        0x0 c:/freescale/kds_3.0.0/toolchain/bin/../lib/gcc/arm-none-eabi/4.8.4/../../../../arm-none-eabi/lib/armv7e-m/fpu\libg_s.a(lib_a-impure.o)
 .data          0x00000000        0x0 c:/freescale/kds_3.0.0/toolchain/bin/../lib/gcc/arm-none-eabi/4.8.4/../../../../arm-none-eabi/lib/armv7e-m/fpu\libg_s.a(lib_a-impure.o)
 .bss           0x00000000        0x0 c:/freescale/kds_3.0.0/toolchain/bin/../lib/gcc/arm-none-eabi/4.8.4/../../../../arm-none-eabi/lib/armv7e-m/fpu\libg_s.a(lib_a-impure.o)
 .data._impure_ptr
                0x00000000        0x4 c:/freescale/kds_3.0.0/toolchain/bin/../lib/gcc/arm-none-eabi/4.8.4/../../../../arm-none-eabi/lib/armv7e-m/fpu\libg_s.a(lib_a-impure.o)
 .text          0x00000000        0x0 c:/freescale/kds_3.0.0/toolchain/bin/../lib/gcc/arm-none-eabi/4.8.4/../../../../arm-none-eabi/lib/armv7e-m/fpu\libg_s.a(lib_a-init.o)
 .data          0x00000000        0x0 c:/freescale/kds_3.0.0/toolchain/bin/../lib/gcc/arm-none-eabi/4.8.4/../../../../arm-none-eabi/lib/armv7e-m/fpu\libg_s.a(lib_a-init.o)
 .bss           0x00000000        0x0 c:/freescale/kds_3.0.0/toolchain/bin/../lib/gcc/arm-none-eabi/4.8.4/../../../../arm-none-eabi/lib/armv7e-m/fpu\libg_s.a(lib_a-init.o)
 .text          0x00000000        0x0 c:/freescale/kds_3.0.0/toolchain/bin/../lib/gcc/arm-none-eabi/4.8.4/../../../../arm-none-eabi/lib/armv7e-m/fpu\libg_s.a(lib_a-memset.o)
 .data          0x00000000        0x0 c:/freescale/kds_3.0.0/toolchain/bin/../lib/gcc/arm-none-eabi/4.8.4/../../../../arm-none-eabi/lib/armv7e-m/fpu\libg_s.a(lib_a-memset.o)
 .bss           0x00000000        0x0 c:/freescale/kds_3.0.0/toolchain/bin/../lib/gcc/arm-none-eabi/4.8.4/../../../../arm-none-eabi/lib/armv7e-m/fpu\libg_s.a(lib_a-memset.o)
 .text          0x00000000        0x0 c:/freescale/kds_3.0.0/toolchain/bin/../lib/gcc/arm-none-eabi/4.8.4/../../../../arm-none-eabi/lib/armv7e-m/fpu\libnosys.a(_exit.o)
 .data          0x00000000        0x0 c:/freescale/kds_3.0.0/toolchain/bin/../lib/gcc/arm-none-eabi/4.8.4/../../../../arm-none-eabi/lib/armv7e-m/fpu\libnosys.a(_exit.o)
 .bss           0x00000000        0x0 c:/freescale/kds_3.0.0/toolchain/bin/../lib/gcc/arm-none-eabi/4.8.4/../../../../arm-none-eabi/lib/armv7e-m/fpu\libnosys.a(_exit.o)
 .text          0x00000000        0x0 c:/freescale/kds_3.0.0/toolchain/bin/../lib/gcc/arm-none-eabi/4.8.4/armv7e-m/fpu/crtend.o
 .data          0x00000000        0x0 c:/freescale/kds_3.0.0/toolchain/bin/../lib/gcc/arm-none-eabi/4.8.4/armv7e-m/fpu/crtend.o
 .bss           0x00000000        0x0 c:/freescale/kds_3.0.0/toolchain/bin/../lib/gcc/arm-none-eabi/4.8.4/armv7e-m/fpu/crtend.o
 .eh_frame      0x00000000        0x4 c:/freescale/kds_3.0.0/toolchain/bin/../lib/gcc/arm-none-eabi/4.8.4/armv7e-m/fpu/crtend.o
 .jcr           0x00000000        0x4 c:/freescale/kds_3.0.0/toolchain/bin/../lib/gcc/arm-none-eabi/4.8.4/armv7e-m/fpu/crtend.o
 .ARM.attributes
                0x00000000       0x34 c:/freescale/kds_3.0.0/toolchain/bin/../lib/gcc/arm-none-eabi/4.8.4/armv7e-m/fpu/crtend.o
 .text          0x00000000        0x0 c:/freescale/kds_3.0.0/toolchain/bin/../lib/gcc/arm-none-eabi/4.8.4/armv7e-m/fpu/crtn.o
 .data          0x00000000        0x0 c:/freescale/kds_3.0.0/toolchain/bin/../lib/gcc/arm-none-eabi/4.8.4/armv7e-m/fpu/crtn.o
 .bss           0x00000000        0x0 c:/freescale/kds_3.0.0/toolchain/bin/../lib/gcc/arm-none-eabi/4.8.4/armv7e-m/fpu/crtn.o

Memory Configuration

Name             Origin             Length             Attributes
m_interrupts     0x00000000         0x000001e8         xr
m_text           0x00000410         0x0007fbf0         xr
m_data           0x1fff0000         0x00010000         rw
m_data_20000000  0x20000000         0x00010000         rw
m_cfmprotrom     0x00000400         0x00000010         xr
*default*        0x00000000         0xffffffff

Linker script and memory map

LOAD c:/freescale/kds_3.0.0/toolchain/bin/../lib/gcc/arm-none-eabi/4.8.4/armv7e-m/fpu/crti.o
LOAD c:/freescale/kds_3.0.0/toolchain/bin/../lib/gcc/arm-none-eabi/4.8.4/armv7e-m/fpu/crtbegin.o
LOAD c:/freescale/kds_3.0.0/toolchain/bin/../lib/gcc/arm-none-eabi/4.8.4/../../../../arm-none-eabi/lib/armv7e-m/fpu/crt0.o
LOAD ./Sources/Events.o
LOAD ./Sources/FIFO.o
LOAD ./Sources/FTM.o
LOAD ./Sources/Flash.o
LOAD ./Sources/I2C.o
LOAD ./Sources/LEDs.o
LOAD ./Sources/PIT.o
LOAD ./Sources/RTC.o
LOAD ./Sources/UART.o
LOAD ./Sources/accel.o
LOAD ./Sources/main.o
LOAD ./Sources/median.o
LOAD ./Sources/packet.o
LOAD ./Project_Settings/Startup_Code/startup.o
LOAD ./Generated_Code/Cpu.o
LOAD ./Generated_Code/PE_LDD.o
LOAD ./Generated_Code/Vectors.o
LOAD C:\Users\11990405\Desktop\Lab5_Jason\Library\libOS.a
LOAD c:/freescale/kds_3.0.0/toolchain/bin/../lib/gcc/arm-none-eabi/4.8.4/../../../../arm-none-eabi/lib/armv7e-m/fpu\libstdc++_s.a
LOAD c:/freescale/kds_3.0.0/toolchain/bin/../lib/gcc/arm-none-eabi/4.8.4/../../../../arm-none-eabi/lib/armv7e-m/fpu\libm.a
START GROUP
LOAD c:/freescale/kds_3.0.0/toolchain/bin/../lib/gcc/arm-none-eabi/4.8.4/armv7e-m/fpu\libgcc.a
LOAD c:/freescale/kds_3.0.0/toolchain/bin/../lib/gcc/arm-none-eabi/4.8.4/../../../../arm-none-eabi/lib/armv7e-m/fpu\libg_s.a
LOAD c:/freescale/kds_3.0.0/toolchain/bin/../lib/gcc/arm-none-eabi/4.8.4/../../../../arm-none-eabi/lib/armv7e-m/fpu\libc_s.a
END GROUP
START GROUP
LOAD c:/freescale/kds_3.0.0/toolchain/bin/../lib/gcc/arm-none-eabi/4.8.4/armv7e-m/fpu\libgcc.a
LOAD c:/freescale/kds_3.0.0/toolchain/bin/../lib/gcc/arm-none-eabi/4.8.4/../../../../arm-none-eabi/lib/armv7e-m/fpu\libc_s.a
LOAD c:/freescale/kds_3.0.0/toolchain/bin/../lib/gcc/arm-none-eabi/4.8.4/../../../../arm-none-eabi/lib/armv7e-m/fpu\libnosys.a
END GROUP
START GROUP
LOAD c:/freescale/kds_3.0.0/toolchain/bin/../lib/gcc/arm-none-eabi/4.8.4/armv7e-m/fpu\libgcc.a
LOAD c:/freescale/kds_3.0.0/toolchain/bin/../lib/gcc/arm-none-eabi/4.8.4/../../../../arm-none-eabi/lib/armv7e-m/fpu\libc_s.a
LOAD c:/freescale/kds_3.0.0/toolchain/bin/../lib/gcc/arm-none-eabi/4.8.4/../../../../arm-none-eabi/lib/armv7e-m/fpu\libnosys.a
END GROUP
LOAD c:/freescale/kds_3.0.0/toolchain/bin/../lib/gcc/arm-none-eabi/4.8.4/armv7e-m/fpu/crtend.o
LOAD c:/freescale/kds_3.0.0/toolchain/bin/../lib/gcc/arm-none-eabi/4.8.4/armv7e-m/fpu/crtn.o
                0x20000000                _estack = 0x20000000
                0x20000000                __SP_INIT = _estack
                0x20000000                __stack = _estack
                0x00000000                __heap_size = 0x0
                0x00000400                __stack_size = 0x400

.interrupts     0x00000000      0x1e8
                0x00000000                __vector_table = .
                0x00000000                . = ALIGN (0x4)
 *(.vectortable)
 .vectortable   0x00000000      0x1e8 ./Generated_Code/Vectors.o
                0x00000000                __vect_table
                0x000001e8                . = ALIGN (0x4)

.cfmprotect     0x00000400       0x10
                0x00000400                . = ALIGN (0x4)
 *(.cfmconfig)
 .cfmconfig     0x00000400       0x10 ./Generated_Code/Cpu.o
                0x00000400                _cfm
                0x00000410                . = ALIGN (0x4)

.text           0x00000410     0x2c24
                0x00000410                . = ALIGN (0x4)
 *(.text)
 .text          0x00000410       0x54 c:/freescale/kds_3.0.0/toolchain/bin/../lib/gcc/arm-none-eabi/4.8.4/armv7e-m/fpu/crtbegin.o
 .text          0x00000464       0x74 c:/freescale/kds_3.0.0/toolchain/bin/../lib/gcc/arm-none-eabi/4.8.4/../../../../arm-none-eabi/lib/armv7e-m/fpu/crt0.o
                0x00000464                _start
                0x00000464                _mainCRTStartup
 .text          0x000004d8      0x370 c:/freescale/kds_3.0.0/toolchain/bin/../lib/gcc/arm-none-eabi/4.8.4/armv7e-m/fpu\libgcc.a(_arm_addsubdf3.o)
                0x000004d8                __aeabi_drsub
                0x000004e0                __aeabi_dsub
                0x000004e0                __subdf3
                0x000004e4                __aeabi_dadd
                0x000004e4                __adddf3
                0x0000075c                __floatunsidf
                0x0000075c                __aeabi_ui2d
                0x0000077c                __floatsidf
                0x0000077c                __aeabi_i2d
                0x000007a0                __aeabi_f2d
                0x000007a0                __extendsfdf2
                0x000007dc                __floatundidf
                0x000007dc                __aeabi_ul2d
                0x000007ec                __floatdidf
                0x000007ec                __aeabi_l2d
 .text          0x00000848      0x424 c:/freescale/kds_3.0.0/toolchain/bin/../lib/gcc/arm-none-eabi/4.8.4/armv7e-m/fpu\libgcc.a(_arm_muldivdf3.o)
                0x00000848                __aeabi_dmul
                0x00000848                __muldf3
                0x00000a9c                __divdf3
                0x00000a9c                __aeabi_ddiv
 .text          0x00000c6c       0x40 c:/freescale/kds_3.0.0/toolchain/bin/../lib/gcc/arm-none-eabi/4.8.4/armv7e-m/fpu\libgcc.a(_arm_fixunsdfsi.o)
                0x00000c6c                __aeabi_d2uiz
                0x00000c6c                __fixunsdfsi
 *(.text*)
 .text.FIFO_Init
                0x00000cac       0x24 ./Sources/FIFO.o
                0x00000cac                FIFO_Init
 .text.FIFO_Put
                0x00000cd0       0xa0 ./Sources/FIFO.o
                0x00000cd0                FIFO_Put
 .text.FIFO_Get
                0x00000d70       0xa0 ./Sources/FIFO.o
                0x00000d70                FIFO_Get
 .text.FTM_Init
                0x00000e10       0x74 ./Sources/FTM.o
                0x00000e10                FTM_Init
 .text.FTM_StartTimer
                0x00000e84       0x78 ./Sources/FTM.o
                0x00000e84                FTM_StartTimer
 .text.FTM0_ISR
                0x00000efc       0x80 ./Sources/FTM.o
                0x00000efc                FTM0_ISR
 .text.PrepareCWS
                0x00000f7c       0x40 ./Sources/Flash.o
 .text.ExecuteCWS
                0x00000fbc       0x78 ./Sources/Flash.o
 .text.Flash_Init
                0x00001034       0x24 ./Sources/Flash.o
                0x00001034                Flash_Init
 .text.Flash_AllocateVar
                0x00001058      0x10c ./Sources/Flash.o
                0x00001058                Flash_AllocateVar
 .text.WritePhrase
                0x00001164       0x80 ./Sources/Flash.o
 .text.Flash_Write32
                0x000011e4       0x54 ./Sources/Flash.o
                0x000011e4                Flash_Write32
 .text.Flash_Write16
                0x00001238       0x5c ./Sources/Flash.o
                0x00001238                Flash_Write16
 .text.Flash_Write8
                0x00001294       0x5c ./Sources/Flash.o
                0x00001294                Flash_Write8
 .text.Flash_Erase
                0x000012f0       0x40 ./Sources/Flash.o
                0x000012f0                Flash_Erase
 .text.I2CStop  0x00001330       0x30 ./Sources/I2C.o
 .text.I2C_ISR  0x00001360       0xf4 ./Sources/I2C.o
                0x00001360                I2C_ISR
 .text.LEDs_Init
                0x00001454       0xc4 ./Sources/LEDs.o
                0x00001454                LEDs_Init
 .text.LEDs_On  0x00001518       0x1c ./Sources/LEDs.o
                0x00001518                LEDs_On
 .text.LEDs_Off
                0x00001534       0x1c ./Sources/LEDs.o
                0x00001534                LEDs_Off
 .text.LEDs_Toggle
                0x00001550       0x1c ./Sources/LEDs.o
                0x00001550                LEDs_Toggle
 .text.PIT_Init
                0x0000156c       0x8c ./Sources/PIT.o
                0x0000156c                PIT_Init
 .text.PIT_Set  0x000015f8       0x80 ./Sources/PIT.o
                0x000015f8                PIT_Set
 .text.PIT_Enable
                0x00001678       0x40 ./Sources/PIT.o
                0x00001678                PIT_Enable
 .text.PIT_ISR  0x000016b8       0x48 ./Sources/PIT.o
                0x000016b8                PIT_ISR
 .text.RTC_Set  0x00001700       0xac ./Sources/RTC.o
                0x00001700                RTC_Set
 .text.RTC_ISR  0x000017ac       0x34 ./Sources/RTC.o
                0x000017ac                RTC_ISR
 .text.UART_Init
                0x000017e0      0x170 ./Sources/UART.o
                0x000017e0                UART_Init
 .text.UART_InChar
                0x00001950       0x20 ./Sources/UART.o
                0x00001950                UART_InChar
 .text.UART_OutChar
                0x00001970       0x24 ./Sources/UART.o
                0x00001970                UART_OutChar
 .text.TxUARTThread
                0x00001994       0x40 ./Sources/UART.o
                0x00001994                TxUARTThread
 .text.UART_ISR
                0x000019d4       0x7c ./Sources/UART.o
                0x000019d4                UART_ISR
 .text.AccelDataReady_ISR
                0x00001a50       0x48 ./Sources/accel.o
                0x00001a50                AccelDataReady_ISR
 .text.PacketProcessor
                0x00001a98      0x3bc ./Sources/main.o
                0x00001a98                PacketProcessor
 .text.PITCallback
                0x00001e54       0x18 ./Sources/main.o
                0x00001e54                PITCallback
 .text.FTMCallback
                0x00001e6c       0x18 ./Sources/main.o
 .text.PacketThread
                0x00001e84       0x2c ./Sources/main.o
 .text.InitThread
                0x00001eb0       0xfc ./Sources/main.o
 .text.main     0x00001fac       0x74 ./Sources/main.o
                0x00001fac                main
 .text.Packet_Init
                0x00002020       0x2c ./Sources/packet.o
                0x00002020                Packet_Init
 .text.Packet_Get
                0x0000204c       0xd4 ./Sources/packet.o
                0x0000204c                Packet_Get
 .text.Packet_Put
                0x00002120       0x9c ./Sources/packet.o
                0x00002120                Packet_Put
 .text.__copy_rom_section
                0x000021bc       0xe4 ./Project_Settings/Startup_Code/startup.o
                0x000021bc                __copy_rom_section
 .text.__copy_rom_sections_to_ram
                0x000022a0       0x9c ./Project_Settings/Startup_Code/startup.o
                0x000022a0                __copy_rom_sections_to_ram
 .text.__init_registers
                0x0000233c       0x20 ./Project_Settings/Startup_Code/startup.o
                0x0000233c                __init_registers
 .text.__init_user
                0x0000235c        0xc ./Project_Settings/Startup_Code/startup.o
                0x0000235c                __init_user
 .text.__thumb_startup
                0x00002368       0x34 ./Project_Settings/Startup_Code/startup.o
                0x00002368                __thumb_startup
 .text.Cpu_Interrupt
                0x0000239c       0x18 ./Generated_Code/Cpu.o
                0x0000239c                Cpu_Interrupt
 .text.__init_hardware
                0x000023b4      0x1cc ./Generated_Code/Cpu.o
                0x000023b4                __init_hardware
 .text.Cpu_SetBASEPRI
                0x00002580       0x18 ./Generated_Code/Cpu.o
                0x00002580                Cpu_SetBASEPRI
 .text.PE_low_level_init
                0x00002598       0xe4 ./Generated_Code/Cpu.o
                0x00002598                PE_low_level_init
 .text.OS_Init  0x0000267c      0x108 C:\Users\11990405\Desktop\Lab5_Jason\Library\libOS.a(OS.o)
                0x0000267c                OS_Init
 .text.OS_ISREnter
                0x00002784       0x20 C:\Users\11990405\Desktop\Lab5_Jason\Library\libOS.a(OS.o)
                0x00002784                OS_ISREnter
 .text.OS_ISRExit
                0x000027a4       0x1c C:\Users\11990405\Desktop\Lab5_Jason\Library\libOS.a(OS.o)
                0x000027a4                OS_ISRExit
 .text.OS_SemaphoreCreate
                0x000027c0       0x90 C:\Users\11990405\Desktop\Lab5_Jason\Library\libOS.a(OS.o)
                0x000027c0                OS_SemaphoreCreate
 .text.OS_SemaphoreSignal
                0x00002850       0x44 C:\Users\11990405\Desktop\Lab5_Jason\Library\libOS.a(OS.o)
                0x00002850                OS_SemaphoreSignal
 .text.OS_SemaphoreWait
                0x00002894       0x58 C:\Users\11990405\Desktop\Lab5_Jason\Library\libOS.a(OS.o)
                0x00002894                OS_SemaphoreWait
 .text.OS_Start
                0x000028ec       0x10 C:\Users\11990405\Desktop\Lab5_Jason\Library\libOS.a(OS.o)
                0x000028ec                OS_Start
 .text.OS_ThreadCreate
                0x000028fc      0x160 C:\Users\11990405\Desktop\Lab5_Jason\Library\libOS.a(OS.o)
                0x000028fc                OS_ThreadCreate
 .text.OS_ThreadDelete
                0x00002a5c      0x180 C:\Users\11990405\Desktop\Lab5_Jason\Library\libOS.a(OS.o)
                0x00002a5c                OS_ThreadDelete
 .text.EventThreadReady
                0x00002bdc       0x68 C:\Users\11990405\Desktop\Lab5_Jason\Library\libOS.a(OS.o)
 .text.EventThreadWait
                0x00002c44       0x64 C:\Users\11990405\Desktop\Lab5_Jason\Library\libOS.a(OS.o)
 .text.EventTimeout
                0x00002ca8       0x40 C:\Users\11990405\Desktop\Lab5_Jason\Library\libOS.a(OS.o)
 .text.Idle     0x00002ce8       0x1c C:\Users\11990405\Desktop\Lab5_Jason\Library\libOS.a(OS.o)
 .text.FindFirstSet
                0x00002d04       0x44 C:\Users\11990405\Desktop\Lab5_Jason\Library\libOS.a(OS.o)
 .text.Schedule
                0x00002d48       0x64 C:\Users\11990405\Desktop\Lab5_Jason\Library\libOS.a(OS.o)
 .text.TCBInit  0x00002dac       0xc0 C:\Users\11990405\Desktop\Lab5_Jason\Library\libOS.a(OS.o)
 .text.TimeTick
                0x00002e6c       0x74 C:\Users\11990405\Desktop\Lab5_Jason\Library\libOS.a(OS.o)
 .text.OS_ContextSwitchISR
                0x00002ee0       0x50 C:\Users\11990405\Desktop\Lab5_Jason\Library\libOS.a(OS.o)
                0x00002ee0                OS_ContextSwitchISR
 .text.OS_SysTickISR
                0x00002f30       0x5c C:\Users\11990405\Desktop\Lab5_Jason\Library\libOS.a(OS.o)
                0x00002f30                OS_SysTickISR
 .text.exit     0x00002f8c       0x28 c:/freescale/kds_3.0.0/toolchain/bin/../lib/gcc/arm-none-eabi/4.8.4/../../../../arm-none-eabi/lib/armv7e-m/fpu\libg_s.a(lib_a-exit.o)
                0x00002f8c                exit
 .text.__libc_init_array
                0x00002fb4       0x4c c:/freescale/kds_3.0.0/toolchain/bin/../lib/gcc/arm-none-eabi/4.8.4/../../../../arm-none-eabi/lib/armv7e-m/fpu\libg_s.a(lib_a-init.o)
                0x00002fb4                __libc_init_array
 .text.memset   0x00003000       0x10 c:/freescale/kds_3.0.0/toolchain/bin/../lib/gcc/arm-none-eabi/4.8.4/../../../../arm-none-eabi/lib/armv7e-m/fpu\libg_s.a(lib_a-memset.o)
                0x00003000                memset
 .text._exit    0x00003010        0x4 c:/freescale/kds_3.0.0/toolchain/bin/../lib/gcc/arm-none-eabi/4.8.4/../../../../arm-none-eabi/lib/armv7e-m/fpu\libnosys.a(_exit.o)
                0x00003010                _exit
 *(.rodata)
 *(.rodata*)
 .rodata.PACKET_ACK_MASK
                0x00003014        0x1 ./Sources/packet.o
                0x00003014                PACKET_ACK_MASK
 .rodata.str1.1
                0x00003015        0x2 c:/freescale/kds_3.0.0/toolchain/bin/../lib/gcc/arm-none-eabi/4.8.4/../../../../arm-none-eabi/lib/armv7e-m/fpu\libg_s.a(lib_a-impure.o)
 *fill*         0x00003017        0x1 
 .rodata._global_impure_ptr
                0x00003018        0x4 c:/freescale/kds_3.0.0/toolchain/bin/../lib/gcc/arm-none-eabi/4.8.4/../../../../arm-none-eabi/lib/armv7e-m/fpu\libg_s.a(lib_a-impure.o)
                0x00003018                _global_impure_ptr
 *(.glue_7)
 .glue_7        0x00000000        0x0 linker stubs
 *(.glue_7t)
 .glue_7t       0x00000000        0x0 linker stubs
 *(.eh_frame)
 .eh_frame      0x0000301c        0x0 c:/freescale/kds_3.0.0/toolchain/bin/../lib/gcc/arm-none-eabi/4.8.4/armv7e-m/fpu/crtbegin.o
 *(.init)
 .init          0x0000301c        0x4 c:/freescale/kds_3.0.0/toolchain/bin/../lib/gcc/arm-none-eabi/4.8.4/armv7e-m/fpu/crti.o
                0x0000301c                _init
 .init          0x00003020        0x8 c:/freescale/kds_3.0.0/toolchain/bin/../lib/gcc/arm-none-eabi/4.8.4/armv7e-m/fpu/crtn.o
 *(.fini)
 .fini          0x00003028        0x4 c:/freescale/kds_3.0.0/toolchain/bin/../lib/gcc/arm-none-eabi/4.8.4/armv7e-m/fpu/crti.o
                0x00003028                _fini
 .fini          0x0000302c        0x8 c:/freescale/kds_3.0.0/toolchain/bin/../lib/gcc/arm-none-eabi/4.8.4/armv7e-m/fpu/crtn.o
                0x00003034                . = ALIGN (0x4)
                0x00003034                _etext = .

.vfp11_veneer   0x00003034        0x0
 .vfp11_veneer  0x00000000        0x0 linker stubs

.v4_bx          0x00003034        0x0
 .v4_bx         0x00000000        0x0 linker stubs

.iplt           0x00003034        0x0
 .iplt          0x00000000        0x0 c:/freescale/kds_3.0.0/toolchain/bin/../lib/gcc/arm-none-eabi/4.8.4/armv7e-m/fpu/crtbegin.o

.ARM.extab
 *(.ARM.extab* .gnu.linkonce.armextab.*)

.ARM            0x00003034        0x8
                0x00003034                __exidx_start = .
 *(.ARM.exidx*)
 .ARM.exidx     0x00003034        0x8 c:/freescale/kds_3.0.0/toolchain/bin/../lib/gcc/arm-none-eabi/4.8.4/../../../../arm-none-eabi/lib/armv7e-m/fpu/crt0.o
                0x0000303c                __exidx_end = .

.rel.dyn        0x0000303c        0x0
 .rel.iplt      0x00000000        0x0 c:/freescale/kds_3.0.0/toolchain/bin/../lib/gcc/arm-none-eabi/4.8.4/armv7e-m/fpu/crtbegin.o

.ctors          0x0000303c        0x0
                0x0000303c                __CTOR_LIST__ = .
 *crtbegin.o(.ctors)
 *(EXCLUDE_FILE(*crtend.o) .ctors)
 *(SORT(.ctors.*))
 *(.ctors)
                0x0000303c                __CTOR_END__ = .

.dtors          0x0000303c        0x0
                0x0000303c                __DTOR_LIST__ = .
 *crtbegin.o(.dtors)
 *(EXCLUDE_FILE(*crtend.o) .dtors)
 *(SORT(.dtors.*))
 *(.dtors)
                0x0000303c                __DTOR_END__ = .

.preinit_array  0x0000303c        0x0
                0x0000303c                PROVIDE (__preinit_array_start, .)
 *(.preinit_array*)
                0x0000303c                PROVIDE (__preinit_array_end, .)

.init_array     0x0000303c        0x4
                0x0000303c                PROVIDE (__init_array_start, .)
 *(SORT(.init_array.*))
 *(.init_array*)
 .init_array    0x0000303c        0x4 c:/freescale/kds_3.0.0/toolchain/bin/../lib/gcc/arm-none-eabi/4.8.4/armv7e-m/fpu/crtbegin.o
                0x00003040                PROVIDE (__init_array_end, .)

.fini_array     0x00003040        0x4
                0x00003040                PROVIDE (__fini_array_start, .)
 *(SORT(.fini_array.*))
 *(.fini_array*)
 .fini_array    0x00003040        0x4 c:/freescale/kds_3.0.0/toolchain/bin/../lib/gcc/arm-none-eabi/4.8.4/armv7e-m/fpu/crtbegin.o
                0x00003044                PROVIDE (__fini_array_end, .)
                0x00003044                ___ROM_AT = .

.data           0x1fff0000       0x70 load address 0x00003044
                0x1fff0000                . = ALIGN (0x4)
                0x1fff0000                _sdata = .
 *(.data)
 *(.data*)
 .data.FTMChannel0
                0x1fff0000       0x10 ./Sources/main.o
 .data.impure_data
                0x1fff0010       0x60 c:/freescale/kds_3.0.0/toolchain/bin/../lib/gcc/arm-none-eabi/4.8.4/../../../../arm-none-eabi/lib/armv7e-m/fpu\libg_s.a(lib_a-impure.o)
                0x1fff0070                . = ALIGN (0x4)
                0x1fff0070                _edata = .
                0x00000070                ___data_size = (_edata - _sdata)
                0x000030b4                ___m_data_20000000_ROMStart = (___ROM_AT + SIZEOF (.data))

.jcr            0x1fff0070        0x0 load address 0x000030b4
 .jcr           0x1fff0070        0x0 c:/freescale/kds_3.0.0/toolchain/bin/../lib/gcc/arm-none-eabi/4.8.4/armv7e-m/fpu/crtbegin.o

.igot.plt       0x1fff0070        0x0 load address 0x000030b4
 .igot.plt      0x00000000        0x0 c:/freescale/kds_3.0.0/toolchain/bin/../lib/gcc/arm-none-eabi/4.8.4/armv7e-m/fpu/crtbegin.o

.m_data_20000000
                0x20000000        0x0 load address 0x000030b4
                0x20000000                . = ALIGN (0x4)
                0x20000000                ___m_data_20000000_RAMStart = .
 *(.m_data_20000000)
                0x20000000                ___m_data_20000000_RAMEnd = .
                0x20000000                . = ALIGN (0x4)
                0x00000000                ___m_data_20000000_ROMSize = (___m_data_20000000_RAMEnd - ___m_data_20000000_RAMStart)
                0x20000000                . = ALIGN (0x4)

.bss            0x1fff0070     0x103c load address 0x000030b8
                0x1fff0070                __START_BSS = .
                0x1fff0070                PROVIDE (__bss_start__, __START_BSS)
 *(.bss)
 .bss           0x1fff0070       0x1c c:/freescale/kds_3.0.0/toolchain/bin/../lib/gcc/arm-none-eabi/4.8.4/armv7e-m/fpu/crtbegin.o
 *(.bss*)
 .bss.FTMCallback
                0x1fff008c       0x20 ./Sources/FTM.o
 .bss.FTMArguments
                0x1fff00ac       0x20 ./Sources/FTM.o
 .bss.MemoryMap
                0x1fff00cc        0x1 ./Sources/Flash.o
 *fill*         0x1fff00cd        0x3 
 .bss.ReadDestination
                0x1fff00d0        0x4 ./Sources/I2C.o
 .bss.TxNumBytes
                0x1fff00d4        0x1 ./Sources/I2C.o
 *fill*         0x1fff00d5        0x3 
 .bss.I2CCallback
                0x1fff00d8        0x4 ./Sources/I2C.o
 .bss.I2CArguments
                0x1fff00dc        0x4 ./Sources/I2C.o
 .bss.PITModuleClk
                0x1fff00e0        0x4 ./Sources/PIT.o
 .bss.PITCallback
                0x1fff00e4        0x4 ./Sources/PIT.o
 .bss.PITArguments
                0x1fff00e8        0x4 ./Sources/PIT.o
 .bss.RTCCallback
                0x1fff00ec        0x4 ./Sources/RTC.o
 .bss.RTCArguments
                0x1fff00f0        0x4 ./Sources/RTC.o
 .bss.RxFIFO    0x1fff00f4      0x108 ./Sources/UART.o
 .bss.TxFIFO    0x1fff01fc      0x108 ./Sources/UART.o
 .bss.ADRCallback
                0x1fff0304        0x4 ./Sources/accel.o
 .bss.ADRArgs   0x1fff0308        0x4 ./Sources/accel.o
 *fill*         0x1fff030c        0x4 
 .bss.InitThreadStack
                0x1fff0310      0x190 ./Sources/main.o
 .bss.TxUARTThreadStack
                0x1fff04a0      0x190 ./Sources/main.o
 .bss.PacketThreadStack
                0x1fff0630      0x190 ./Sources/main.o
 .bss.InitSemaphore
                0x1fff07c0        0x4 ./Sources/main.o
 .bss.NvTowerNb
                0x1fff07c4        0x4 ./Sources/main.o
 .bss.NvTowerMd
                0x1fff07c8        0x4 ./Sources/main.o
 .bss.PacketIndex
                0x1fff07cc        0x1 ./Sources/packet.o
 .bss.SR_lock   0x1fff07cd        0x1 ./Generated_Code/Cpu.o
                0x1fff07cd                SR_lock
 *fill*         0x1fff07ce        0x2 
 .bss.TCBUnusedMain
                0x1fff07d0       0x18 C:\Users\11990405\Desktop\Lab5_Jason\Library\libOS.a(OS.o)
 .bss.TCBTable  0x1fff07e8      0x300 C:\Users\11990405\Desktop\Lab5_Jason\Library\libOS.a(OS.o)
 .bss.pTCBFreeList
                0x1fff0ae8        0x4 C:\Users\11990405\Desktop\Lab5_Jason\Library\libOS.a(OS.o)
 .bss.pTCBAllocatedList
                0x1fff0aec        0x4 C:\Users\11990405\Desktop\Lab5_Jason\Library\libOS.a(OS.o)
 .bss.pTCBPriorityTable
                0x1fff0af0       0x80 C:\Users\11990405\Desktop\Lab5_Jason\Library\libOS.a(OS.o)
 .bss.pTCBRunning
                0x1fff0b70        0x4 C:\Users\11990405\Desktop\Lab5_Jason\Library\libOS.a(OS.o)
 .bss.pTCBHighestReady
                0x1fff0b74        0x4 C:\Users\11990405\Desktop\Lab5_Jason\Library\libOS.a(OS.o)
 .bss.ReadyList
                0x1fff0b78        0x4 C:\Users\11990405\Desktop\Lab5_Jason\Library\libOS.a(OS.o)
 .bss.ECBTable  0x1fff0b7c      0x100 C:\Users\11990405\Desktop\Lab5_Jason\Library\libOS.a(OS.o)
 .bss.NextECBFree
                0x1fff0c7c        0x1 C:\Users\11990405\Desktop\Lab5_Jason\Library\libOS.a(OS.o)
 *fill*         0x1fff0c7d        0x3 
 .bss.IdleCounter
                0x1fff0c80        0x4 C:\Users\11990405\Desktop\Lab5_Jason\Library\libOS.a(OS.o)
 *fill*         0x1fff0c84        0x4 
 .bss.IdleStack
                0x1fff0c88      0x400 C:\Users\11990405\Desktop\Lab5_Jason\Library\libOS.a(OS.o)
 .bss.Ticks     0x1fff1088        0x4 C:\Users\11990405\Desktop\Lab5_Jason\Library\libOS.a(OS.o)
 .bss.ToggleCntr
                0x1fff108c        0x4 C:\Users\11990405\Desktop\Lab5_Jason\Library\libOS.a(OS.o)
 .bss.ToggleLED
                0x1fff1090        0x1 C:\Users\11990405\Desktop\Lab5_Jason\Library\libOS.a(OS.o)
 .bss.ISRNestLevel
                0x1fff1091        0x1 C:\Users\11990405\Desktop\Lab5_Jason\Library\libOS.a(OS.o)
 *(COMMON)
 *fill*         0x1fff1092        0x2 
 COMMON         0x1fff1094       0x10 ./Sources/UART.o
                0x1fff1094                RxSemaphore
                0x1fff1098                TxSemaphore
                0x1fff109c                PacketSemaphore
                0x1fff10a0                PacketPutSemaphore
 COMMON         0x1fff10a4        0x5 ./Sources/packet.o
                0x1fff10a4                Packet
 COMMON         0x1fff10a9        0x1 ./Generated_Code/Cpu.o
                0x1fff10a9                SR_reg
                0x1fff10ac                . = ALIGN (0x4)
 *fill*         0x1fff10aa        0x2 
                0x1fff10ac                __END_BSS = .
                0x1fff10ac                PROVIDE (__bss_end__, __END_BSS)
                0x000030b4                _romp_at = ((___ROM_AT + SIZEOF (.data)) + SIZEOF (.m_data_20000000))

.romp           0x1fff10ac       0x24 load address 0x000030b4
                0x000030b4                __S_romp = _romp_at
                0x1fff10ac        0x4 LONG 0x3044 ___ROM_AT
                0x1fff10b0        0x4 LONG 0x1fff0000 _sdata
                0x1fff10b4        0x4 LONG 0x70 ___data_size
                0x1fff10b8        0x4 LONG 0x30b4 ___m_data_20000000_ROMStart
                0x1fff10bc        0x4 LONG 0x20000000 ___m_data_20000000_RAMStart
                0x1fff10c0        0x4 LONG 0x0 ___m_data_20000000_ROMSize
                0x1fff10c4        0x4 LONG 0x0
                0x1fff10c8        0x4 LONG 0x0
                0x1fff10cc        0x4 LONG 0x0

._user_heap_stack
                0x1fff10d0      0x400 load address 0x000030d8
                0x1fff10d0                . = ALIGN (0x4)
                0x1fff10d0                PROVIDE (end, .)
                0x1fff10d0                PROVIDE (_end, .)
                0x1fff10d0                __heap_addr = .
                0x1fff10d0                __HeapBase = .
                0x1fff10d0                . = (. + __heap_size)
                0x1fff10d0                __HeapLimit = .
                0x1fff14d0                . = (. + __stack_size)
 *fill*         0x1fff10d0      0x400 
                0x1fff14d0                . = ALIGN (0x4)

.ARM.attributes
                0x00000000       0x30
 *(.ARM.attributes)
 .ARM.attributes
                0x00000000       0x22 c:/freescale/kds_3.0.0/toolchain/bin/../lib/gcc/arm-none-eabi/4.8.4/armv7e-m/fpu/crti.o
 .ARM.attributes
                0x00000022       0x34 c:/freescale/kds_3.0.0/toolchain/bin/../lib/gcc/arm-none-eabi/4.8.4/armv7e-m/fpu/crtbegin.o
 .ARM.attributes
                0x00000056       0x20 c:/freescale/kds_3.0.0/toolchain/bin/../lib/gcc/arm-none-eabi/4.8.4/../../../../arm-none-eabi/lib/armv7e-m/fpu/crt0.o
 .ARM.attributes
                0x00000076       0x39 ./Sources/FIFO.o
 .ARM.attributes
                0x000000af       0x39 ./Sources/FTM.o
 .ARM.attributes
                0x000000e8       0x39 ./Sources/Flash.o
 .ARM.attributes
                0x00000121       0x39 ./Sources/I2C.o
 .ARM.attributes
                0x0000015a       0x39 ./Sources/LEDs.o
 .ARM.attributes
                0x00000193       0x39 ./Sources/PIT.o
 .ARM.attributes
                0x000001cc       0x39 ./Sources/RTC.o
 .ARM.attributes
                0x00000205       0x39 ./Sources/UART.o
 .ARM.attributes
                0x0000023e       0x39 ./Sources/accel.o
 .ARM.attributes
                0x00000277       0x39 ./Sources/main.o
 .ARM.attributes
                0x000002b0       0x39 ./Sources/packet.o
 .ARM.attributes
                0x000002e9       0x39 ./Project_Settings/Startup_Code/startup.o
 .ARM.attributes
                0x00000322       0x39 ./Generated_Code/Cpu.o
 .ARM.attributes
                0x0000035b       0x39 ./Generated_Code/Vectors.o
 .ARM.attributes
                0x00000394       0x39 C:\Users\11990405\Desktop\Lab5_Jason\Library\libOS.a(OS.o)
 .ARM.attributes
                0x000003cd       0x22 c:/freescale/kds_3.0.0/toolchain/bin/../lib/gcc/arm-none-eabi/4.8.4/armv7e-m/fpu\libgcc.a(_arm_addsubdf3.o)
 .ARM.attributes
                0x000003ef       0x22 c:/freescale/kds_3.0.0/toolchain/bin/../lib/gcc/arm-none-eabi/4.8.4/armv7e-m/fpu\libgcc.a(_arm_muldivdf3.o)
 .ARM.attributes
                0x00000411       0x22 c:/freescale/kds_3.0.0/toolchain/bin/../lib/gcc/arm-none-eabi/4.8.4/armv7e-m/fpu\libgcc.a(_arm_fixunsdfsi.o)
 .ARM.attributes
                0x00000433       0x34 c:/freescale/kds_3.0.0/toolchain/bin/../lib/gcc/arm-none-eabi/4.8.4/../../../../arm-none-eabi/lib/armv7e-m/fpu\libg_s.a(lib_a-exit.o)
 .ARM.attributes
                0x00000467       0x34 c:/freescale/kds_3.0.0/toolchain/bin/../lib/gcc/arm-none-eabi/4.8.4/../../../../arm-none-eabi/lib/armv7e-m/fpu\libg_s.a(lib_a-impure.o)
 .ARM.attributes
                0x0000049b       0x34 c:/freescale/kds_3.0.0/toolchain/bin/../lib/gcc/arm-none-eabi/4.8.4/../../../../arm-none-eabi/lib/armv7e-m/fpu\libg_s.a(lib_a-init.o)
 .ARM.attributes
                0x000004cf       0x34 c:/freescale/kds_3.0.0/toolchain/bin/../lib/gcc/arm-none-eabi/4.8.4/../../../../arm-none-eabi/lib/armv7e-m/fpu\libg_s.a(lib_a-memset.o)
 .ARM.attributes
                0x00000503       0x34 c:/freescale/kds_3.0.0/toolchain/bin/../lib/gcc/arm-none-eabi/4.8.4/../../../../arm-none-eabi/lib/armv7e-m/fpu\libnosys.a(_exit.o)
 .ARM.attributes
                0x00000537       0x22 c:/freescale/kds_3.0.0/toolchain/bin/../lib/gcc/arm-none-eabi/4.8.4/armv7e-m/fpu/crtn.o
OUTPUT(Lab4.elf elf32-littlearm)

.debug_info     0x00000000     0x64a6
 .debug_info    0x00000000      0x208 ./Sources/FIFO.o
 .debug_info    0x00000208      0x758 ./Sources/FTM.o
 .debug_info    0x00000960      0x647 ./Sources/Flash.o
 .debug_info    0x00000fa7      0x862 ./Sources/I2C.o
 .debug_info    0x00001809      0x490 ./Sources/LEDs.o
 .debug_info    0x00001c99      0x596 ./Sources/PIT.o
 .debug_info    0x0000222f      0x61e ./Sources/RTC.o
 .debug_info    0x0000284d      0x9a8 ./Sources/UART.o
 .debug_info    0x000031f5      0x9fb ./Sources/accel.o
 .debug_info    0x00003bf0      0x6ec ./Sources/main.o
 .debug_info    0x000042dc      0x33c ./Sources/packet.o
 .debug_info    0x00004618      0x3b0 ./Project_Settings/Startup_Code/startup.o
 .debug_info    0x000049c8      0xc82 ./Generated_Code/Cpu.o
 .debug_info    0x0000564a      0x167 ./Generated_Code/Vectors.o
 .debug_info    0x000057b1      0xcf5 C:\Users\11990405\Desktop\Lab5_Jason\Library\libOS.a(OS.o)

.debug_abbrev   0x00000000     0x1779
 .debug_abbrev  0x00000000       0xfc ./Sources/FIFO.o
 .debug_abbrev  0x000000fc      0x1be ./Sources/FTM.o
 .debug_abbrev  0x000002ba      0x1bd ./Sources/Flash.o
 .debug_abbrev  0x00000477      0x1ec ./Sources/I2C.o
 .debug_abbrev  0x00000663      0x144 ./Sources/LEDs.o
 .debug_abbrev  0x000007a7      0x16e ./Sources/PIT.o
 .debug_abbrev  0x00000915      0x147 ./Sources/RTC.o
 .debug_abbrev  0x00000a5c      0x1d2 ./Sources/UART.o
 .debug_abbrev  0x00000c2e      0x1db ./Sources/accel.o
 .debug_abbrev  0x00000e09      0x1cb ./Sources/main.o
 .debug_abbrev  0x00000fd4       0xec ./Sources/packet.o
 .debug_abbrev  0x000010c0      0x189 ./Project_Settings/Startup_Code/startup.o
 .debug_abbrev  0x00001249      0x185 ./Generated_Code/Cpu.o
 .debug_abbrev  0x000013ce       0xb3 ./Generated_Code/Vectors.o
 .debug_abbrev  0x00001481      0x2f8 C:\Users\11990405\Desktop\Lab5_Jason\Library\libOS.a(OS.o)

.debug_aranges  0x00000000      0x450
 .debug_aranges
                0x00000000       0x30 ./Sources/FIFO.o
 .debug_aranges
                0x00000030       0x38 ./Sources/FTM.o
 .debug_aranges
                0x00000068       0x60 ./Sources/Flash.o
 .debug_aranges
                0x000000c8       0x70 ./Sources/I2C.o
 .debug_aranges
                0x00000138       0x38 ./Sources/LEDs.o
 .debug_aranges
                0x00000170       0x38 ./Sources/PIT.o
 .debug_aranges
                0x000001a8       0x38 ./Sources/RTC.o
 .debug_aranges
                0x000001e0       0x48 ./Sources/UART.o
 .debug_aranges
                0x00000228       0x38 ./Sources/accel.o
 .debug_aranges
                0x00000260       0x58 ./Sources/main.o
 .debug_aranges
                0x000002b8       0x30 ./Sources/packet.o
 .debug_aranges
                0x000002e8       0x50 ./Project_Settings/Startup_Code/startup.o
 .debug_aranges
                0x00000338       0x38 ./Generated_Code/Cpu.o
 .debug_aranges
                0x00000370       0x18 ./Generated_Code/Vectors.o
 .debug_aranges
                0x00000388       0xc8 C:\Users\11990405\Desktop\Lab5_Jason\Library\libOS.a(OS.o)

.debug_ranges   0x00000000      0x358
 .debug_ranges  0x00000000       0x20 ./Sources/FIFO.o
 .debug_ranges  0x00000020       0x28 ./Sources/FTM.o
 .debug_ranges  0x00000048       0x50 ./Sources/Flash.o
 .debug_ranges  0x00000098       0x60 ./Sources/I2C.o
 .debug_ranges  0x000000f8       0x28 ./Sources/LEDs.o
 .debug_ranges  0x00000120       0x28 ./Sources/PIT.o
 .debug_ranges  0x00000148       0x28 ./Sources/RTC.o
 .debug_ranges  0x00000170       0x38 ./Sources/UART.o
 .debug_ranges  0x000001a8       0x28 ./Sources/accel.o
 .debug_ranges  0x000001d0       0x48 ./Sources/main.o
 .debug_ranges  0x00000218       0x20 ./Sources/packet.o
 .debug_ranges  0x00000238       0x40 ./Project_Settings/Startup_Code/startup.o
 .debug_ranges  0x00000278       0x28 ./Generated_Code/Cpu.o
 .debug_ranges  0x000002a0       0xb8 C:\Users\11990405\Desktop\Lab5_Jason\Library\libOS.a(OS.o)

.debug_macro    0x00000000    0x1a65f
 .debug_macro   0x00000000       0xa6 ./Sources/FIFO.o
 .debug_macro   0x000000a6       0x22 ./Sources/FIFO.o
 .debug_macro   0x000000c8     0x1800 ./Sources/FIFO.o
 .debug_macro   0x000018c8       0x9a ./Sources/FIFO.o
 .debug_macro   0x00001962       0x74 ./Sources/FTM.o
 .debug_macro   0x000019d6      0x104 ./Sources/Flash.o
 .debug_macro   0x00001ada       0x28 ./Sources/Flash.o
 .debug_macro   0x00001b02       0x58 ./Sources/Flash.o
 .debug_macro   0x00001b5a       0x35 ./Sources/Flash.o
 .debug_macro   0x00001b8f       0xa3 ./Sources/Flash.o
 .debug_macro   0x00001c32      0x166 ./Sources/Flash.o
 .debug_macro   0x00001d98       0x52 ./Sources/Flash.o
 .debug_macro   0x00001dea       0x16 ./Sources/Flash.o
 .debug_macro   0x00001e00       0x43 ./Sources/Flash.o
 .debug_macro   0x00001e43      0x180 ./Sources/Flash.o
 .debug_macro   0x00001fc3       0xde ./Sources/Flash.o
 .debug_macro   0x000020a1       0x68 ./Sources/I2C.o
 .debug_macro   0x00002109       0x68 ./Sources/LEDs.o
 .debug_macro   0x00002171       0x68 ./Sources/PIT.o
 .debug_macro   0x000021d9       0x68 ./Sources/RTC.o
 .debug_macro   0x00002241       0xc2 ./Sources/UART.o
 .debug_macro   0x00002303       0x30 ./Sources/UART.o
 .debug_macro   0x00002333       0x3a ./Sources/UART.o
 .debug_macro   0x0000236d      0x1ea ./Sources/accel.o
 .debug_macro   0x00002557      0x151 ./Sources/main.o
 .debug_macro   0x000026a8       0x3a ./Sources/main.o
 .debug_macro   0x000026e2       0x2e ./Sources/main.o
 .debug_macro   0x00002710       0x71 ./Sources/packet.o
 .debug_macro   0x00002781      0x121 ./Project_Settings/Startup_Code/startup.o
 .debug_macro   0x000028a2       0x4a ./Project_Settings/Startup_Code/startup.o
 .debug_macro   0x000028ec      0x2a6 ./Project_Settings/Startup_Code/startup.o
 .debug_macro   0x00002b92       0x10 ./Project_Settings/Startup_Code/startup.o
 .debug_macro   0x00002ba2       0x35 ./Project_Settings/Startup_Code/startup.o
 .debug_macro   0x00002bd7       0x16 ./Project_Settings/Startup_Code/startup.o
 .debug_macro   0x00002bed       0x22 ./Project_Settings/Startup_Code/startup.o
 .debug_macro   0x00002c0f       0x16 ./Project_Settings/Startup_Code/startup.o
 .debug_macro   0x00002c25      0x20f ./Project_Settings/Startup_Code/startup.o
 .debug_macro   0x00002e34    0x174af ./Project_Settings/Startup_Code/startup.o
 .debug_macro   0x0001a2e3       0x84 ./Generated_Code/Cpu.o
 .debug_macro   0x0001a367       0xa0 ./Generated_Code/Cpu.o
 .debug_macro   0x0001a407       0xf7 ./Generated_Code/Vectors.o
 .debug_macro   0x0001a4fe       0xa3 C:\Users\11990405\Desktop\Lab5_Jason\Library\libOS.a(OS.o)
 .debug_macro   0x0001a5a1       0x94 C:\Users\11990405\Desktop\Lab5_Jason\Library\libOS.a(OS.o)
 .debug_macro   0x0001a635       0x2a C:\Users\11990405\Desktop\Lab5_Jason\Library\libOS.a(OS.o)

.debug_line     0x00000000     0x2bc1
 .debug_line    0x00000000      0x29d ./Sources/FIFO.o
 .debug_line    0x0000029d      0x232 ./Sources/FTM.o
 .debug_line    0x000004cf      0x36d ./Sources/Flash.o
 .debug_line    0x0000083c      0x300 ./Sources/I2C.o
 .debug_line    0x00000b3c      0x21a ./Sources/LEDs.o
 .debug_line    0x00000d56      0x222 ./Sources/PIT.o
 .debug_line    0x00000f78      0x232 ./Sources/RTC.o
 .debug_line    0x000011aa      0x339 ./Sources/UART.o
 .debug_line    0x000014e3      0x2d7 ./Sources/accel.o
 .debug_line    0x000017ba      0x3e2 ./Sources/main.o
 .debug_line    0x00001b9c      0x230 ./Sources/packet.o
 .debug_line    0x00001dcc      0x3ca ./Project_Settings/Startup_Code/startup.o
 .debug_line    0x00002196      0x276 ./Generated_Code/Cpu.o
 .debug_line    0x0000240c      0x319 ./Generated_Code/Vectors.o
 .debug_line    0x00002725      0x49c C:\Users\11990405\Desktop\Lab5_Jason\Library\libOS.a(OS.o)

.debug_str      0x00000000    0x8f57b
 .debug_str     0x00000000    0x8a566 ./Sources/FIFO.o
                              0x8a6db (size before relaxing)
 .debug_str     0x0008a566      0x3dc ./Sources/FTM.o
                              0x83110 (size before relaxing)
 .debug_str     0x0008a942     0x1eef ./Sources/Flash.o
                              0x84ce0 (size before relaxing)
 .debug_str     0x0008c831      0x216 ./Sources/I2C.o
                              0x83090 (size before relaxing)
 .debug_str     0x0008ca47       0xae ./Sources/LEDs.o
                              0x82ee7 (size before relaxing)
 .debug_str     0x0008caf5       0xba ./Sources/PIT.o
                              0x82f43 (size before relaxing)
 .debug_str     0x0008cbaf       0xcb ./Sources/RTC.o
                              0x82f3e (size before relaxing)
 .debug_str     0x0008cc7a      0x3ff ./Sources/UART.o
                              0x8ac25 (size before relaxing)
 .debug_str     0x0008d079      0xa8b ./Sources/accel.o
                              0x8b42c (size before relaxing)
 .debug_str     0x0008db04      0x335 ./Sources/main.o
                              0x8affc (size before relaxing)
 .debug_str     0x0008de39       0x4c ./Sources/packet.o
                               0x3378 (size before relaxing)
 .debug_str     0x0008de85     0x114c ./Project_Settings/Startup_Code/startup.o
                              0x853eb (size before relaxing)
 .debug_str     0x0008efd1      0x1e3 ./Generated_Code/Cpu.o
                              0x8aa1c (size before relaxing)
 .debug_str     0x0008f1b4       0x1c ./Generated_Code/Vectors.o
                              0x8a79b (size before relaxing)
 .debug_str     0x0008f1d0      0x3ab C:\Users\11990405\Desktop\Lab5_Jason\Library\libOS.a(OS.o)
                              0x8ace0 (size before relaxing)

.comment        0x00000000       0x70
 .comment       0x00000000       0x70 ./Sources/FIFO.o
                                 0x71 (size before relaxing)
 .comment       0x00000000       0x71 ./Sources/FTM.o
 .comment       0x00000000       0x71 ./Sources/Flash.o
 .comment       0x00000000       0x71 ./Sources/I2C.o
 .comment       0x00000000       0x71 ./Sources/LEDs.o
 .comment       0x00000000       0x71 ./Sources/PIT.o
 .comment       0x00000000       0x71 ./Sources/RTC.o
 .comment       0x00000000       0x71 ./Sources/UART.o
 .comment       0x00000000       0x71 ./Sources/accel.o
 .comment       0x00000000       0x71 ./Sources/main.o
 .comment       0x00000000       0x71 ./Sources/packet.o
 .comment       0x00000000       0x71 ./Project_Settings/Startup_Code/startup.o
 .comment       0x00000000       0x71 ./Generated_Code/Cpu.o
 .comment       0x00000000       0x71 ./Generated_Code/Vectors.o
 .comment       0x00000000       0x71 C:\Users\11990405\Desktop\Lab5_Jason\Library\libOS.a(OS.o)

.debug_frame    0x00000000      0xc3c
 .debug_frame   0x00000000       0x64 ./Sources/FIFO.o
 .debug_frame   0x00000064       0x84 ./Sources/FTM.o
 .debug_frame   0x000000e8      0x118 ./Sources/Flash.o
 .debug_frame   0x00000200      0x14c ./Sources/I2C.o
 .debug_frame   0x0000034c       0x7c ./Sources/LEDs.o
 .debug_frame   0x000003c8       0x90 ./Sources/PIT.o
 .debug_frame   0x00000458       0x88 ./Sources/RTC.o
 .debug_frame   0x000004e0       0xd4 ./Sources/UART.o
 .debug_frame   0x000005b4       0x94 ./Sources/accel.o
 .debug_frame   0x00000648      0x110 ./Sources/main.o
 .debug_frame   0x00000758       0x70 ./Sources/packet.o
 .debug_frame   0x000007c8       0xc0 ./Project_Settings/Startup_Code/startup.o
 .debug_frame   0x00000888       0x80 ./Generated_Code/Cpu.o
 .debug_frame   0x00000908      0x2a0 C:\Users\11990405\Desktop\Lab5_Jason\Library\libOS.a(OS.o)
 .debug_frame   0x00000ba8       0x28 c:/freescale/kds_3.0.0/toolchain/bin/../lib/gcc/arm-none-eabi/4.8.4/../../../../arm-none-eabi/lib/armv7e-m/fpu\libg_s.a(lib_a-exit.o)
 .debug_frame   0x00000bd0       0x2c c:/freescale/kds_3.0.0/toolchain/bin/../lib/gcc/arm-none-eabi/4.8.4/../../../../arm-none-eabi/lib/armv7e-m/fpu\libg_s.a(lib_a-init.o)
 .debug_frame   0x00000bfc       0x20 c:/freescale/kds_3.0.0/toolchain/bin/../lib/gcc/arm-none-eabi/4.8.4/../../../../arm-none-eabi/lib/armv7e-m/fpu\libg_s.a(lib_a-memset.o)
 .debug_frame   0x00000c1c       0x20 c:/freescale/kds_3.0.0/toolchain/bin/../lib/gcc/arm-none-eabi/4.8.4/../../../../arm-none-eabi/lib/armv7e-m/fpu\libnosys.a(_exit.o)
