Archive member included because of file (symbol)

c:/freescale/kds_3.0.0/toolchain/bin/../lib/gcc/arm-none-eabi/4.8.4/armv7e-m/fpu\libgcc.a(_arm_addsubdf3.o)
                              ./Sources/PIT.o (__aeabi_ui2d)
c:/freescale/kds_3.0.0/toolchain/bin/../lib/gcc/arm-none-eabi/4.8.4/armv7e-m/fpu\libgcc.a(_arm_muldivdf3.o)
                              ./Sources/PIT.o (__aeabi_ddiv)
c:/freescale/kds_3.0.0/toolchain/bin/../lib/gcc/arm-none-eabi/4.8.4/armv7e-m/fpu\libgcc.a(_arm_fixunsdfsi.o)
                              ./Sources/PIT.o (__aeabi_d2uiz)
c:/freescale/kds_3.0.0/toolchain/bin/../lib/gcc/arm-none-eabi/4.8.4/../../../../arm-none-eabi/lib/armv7e-m/fpu\libg_s.a(lib_a-exit.o)
                              c:/freescale/kds_3.0.0/toolchain/bin/../lib/gcc/arm-none-eabi/4.8.4/../../../../arm-none-eabi/lib/armv7e-m/fpu/crt0.o (exit)
c:/freescale/kds_3.0.0/toolchain/bin/../lib/gcc/arm-none-eabi/4.8.4/../../../../arm-none-eabi/lib/armv7e-m/fpu\libg_s.a(lib_a-impure.o)
                              c:/freescale/kds_3.0.0/toolchain/bin/../lib/gcc/arm-none-eabi/4.8.4/../../../../arm-none-eabi/lib/armv7e-m/fpu\libg_s.a(lib_a-exit.o) (_global_impure_ptr)
c:/freescale/kds_3.0.0/toolchain/bin/../lib/gcc/arm-none-eabi/4.8.4/../../../../arm-none-eabi/lib/armv7e-m/fpu\libg_s.a(lib_a-init.o)
                              c:/freescale/kds_3.0.0/toolchain/bin/../lib/gcc/arm-none-eabi/4.8.4/../../../../arm-none-eabi/lib/armv7e-m/fpu/crt0.o (__libc_init_array)
c:/freescale/kds_3.0.0/toolchain/bin/../lib/gcc/arm-none-eabi/4.8.4/../../../../arm-none-eabi/lib/armv7e-m/fpu\libg_s.a(lib_a-memset.o)
                              c:/freescale/kds_3.0.0/toolchain/bin/../lib/gcc/arm-none-eabi/4.8.4/../../../../arm-none-eabi/lib/armv7e-m/fpu/crt0.o (memset)
c:/freescale/kds_3.0.0/toolchain/bin/../lib/gcc/arm-none-eabi/4.8.4/../../../../arm-none-eabi/lib/armv7e-m/fpu\libnosys.a(_exit.o)
                              c:/freescale/kds_3.0.0/toolchain/bin/../lib/gcc/arm-none-eabi/4.8.4/../../../../arm-none-eabi/lib/armv7e-m/fpu\libg_s.a(lib_a-exit.o) (_exit)

Allocating common symbols
Common symbol       size              file

modeAccel           0x1               ./Sources/main.o
Packet              0x5               ./Sources/packet.o
SR_reg              0x1               ./Generated_Code/Cpu.o

Discarded input sections

 .text          0x00000000        0x0 c:/freescale/kds_3.0.0/toolchain/bin/../lib/gcc/arm-none-eabi/4.8.4/armv7e-m/fpu/crti.o
 .data          0x00000000        0x0 c:/freescale/kds_3.0.0/toolchain/bin/../lib/gcc/arm-none-eabi/4.8.4/armv7e-m/fpu/crti.o
 .bss           0x00000000        0x0 c:/freescale/kds_3.0.0/toolchain/bin/../lib/gcc/arm-none-eabi/4.8.4/armv7e-m/fpu/crti.o
 .data          0x00000000        0x4 c:/freescale/kds_3.0.0/toolchain/bin/../lib/gcc/arm-none-eabi/4.8.4/armv7e-m/fpu/crtbegin.o
 .data          0x00000000        0x0 c:/freescale/kds_3.0.0/toolchain/bin/../lib/gcc/arm-none-eabi/4.8.4/../../../../arm-none-eabi/lib/armv7e-m/fpu/crt0.o
 .bss           0x00000000        0x0 c:/freescale/kds_3.0.0/toolchain/bin/../lib/gcc/arm-none-eabi/4.8.4/../../../../arm-none-eabi/lib/armv7e-m/fpu/crt0.o
 .ARM.extab     0x00000000        0x0 c:/freescale/kds_3.0.0/toolchain/bin/../lib/gcc/arm-none-eabi/4.8.4/../../../../arm-none-eabi/lib/armv7e-m/fpu/crt0.o
 .group         0x00000000        0x8 ./Sources/Events.o
 .group         0x00000000        0x8 ./Sources/Events.o
 .group         0x00000000        0x8 ./Sources/Events.o
 .group         0x00000000        0x8 ./Sources/Events.o
 .group         0x00000000        0x8 ./Sources/Events.o
 .group         0x00000000        0x8 ./Sources/Events.o
 .group         0x00000000        0x8 ./Sources/Events.o
 .group         0x00000000        0x8 ./Sources/Events.o
 .group         0x00000000        0x8 ./Sources/Events.o
 .text          0x00000000        0x0 ./Sources/Events.o
 .data          0x00000000        0x0 ./Sources/Events.o
 .bss           0x00000000        0x0 ./Sources/Events.o
 .debug_info    0x00000000       0x7d ./Sources/Events.o
 .debug_abbrev  0x00000000       0x29 ./Sources/Events.o
 .debug_aranges
                0x00000000       0x18 ./Sources/Events.o
 .debug_macro   0x00000000       0x9f ./Sources/Events.o
 .debug_macro   0x00000000      0x850 ./Sources/Events.o
 .debug_macro   0x00000000       0x16 ./Sources/Events.o
 .debug_macro   0x00000000       0x44 ./Sources/Events.o
 .debug_macro   0x00000000      0x209 ./Sources/Events.o
 .debug_macro   0x00000000     0x17fa ./Sources/Events.o
 .debug_macro   0x00000000      0x14e ./Sources/Events.o
 .debug_macro   0x00000000       0x64 ./Sources/Events.o
 .debug_macro   0x00000000    0x174c1 ./Sources/Events.o
 .debug_macro   0x00000000       0x9a ./Sources/Events.o
 .debug_line    0x00000000      0x21c ./Sources/Events.o
 .debug_str     0x00000000    0x8a5ed ./Sources/Events.o
 .comment       0x00000000       0x71 ./Sources/Events.o
 .ARM.attributes
                0x00000000       0x39 ./Sources/Events.o
 .group         0x00000000        0x8 ./Sources/FIFO.o
 .group         0x00000000        0x8 ./Sources/FIFO.o
 .group         0x00000000        0x8 ./Sources/FIFO.o
 .group         0x00000000        0x8 ./Sources/FIFO.o
 .group         0x00000000        0x8 ./Sources/FIFO.o
 .group         0x00000000        0x8 ./Sources/FIFO.o
 .group         0x00000000        0x8 ./Sources/FIFO.o
 .group         0x00000000        0x8 ./Sources/FIFO.o
 .group         0x00000000        0x8 ./Sources/FIFO.o
 .group         0x00000000        0x8 ./Sources/FIFO.o
 .text          0x00000000        0x0 ./Sources/FIFO.o
 .data          0x00000000        0x0 ./Sources/FIFO.o
 .bss           0x00000000        0x0 ./Sources/FIFO.o
 .debug_macro   0x00000000      0x850 ./Sources/FIFO.o
 .debug_macro   0x00000000       0x16 ./Sources/FIFO.o
 .debug_macro   0x00000000       0x44 ./Sources/FIFO.o
 .debug_macro   0x00000000      0x209 ./Sources/FIFO.o
 .debug_macro   0x00000000      0x14e ./Sources/FIFO.o
 .debug_macro   0x00000000       0x64 ./Sources/FIFO.o
 .debug_macro   0x00000000    0x174c1 ./Sources/FIFO.o
 .group         0x00000000        0x8 ./Sources/FTM.o
 .group         0x00000000        0x8 ./Sources/FTM.o
 .group         0x00000000        0x8 ./Sources/FTM.o
 .group         0x00000000        0x8 ./Sources/FTM.o
 .group         0x00000000        0x8 ./Sources/FTM.o
 .group         0x00000000        0x8 ./Sources/FTM.o
 .text          0x00000000        0x0 ./Sources/FTM.o
 .data          0x00000000        0x0 ./Sources/FTM.o
 .bss           0x00000000        0x0 ./Sources/FTM.o
 .text.FTM_Set  0x00000000       0x8c ./Sources/FTM.o
 .debug_macro   0x00000000      0x850 ./Sources/FTM.o
 .debug_macro   0x00000000       0x16 ./Sources/FTM.o
 .debug_macro   0x00000000       0x44 ./Sources/FTM.o
 .debug_macro   0x00000000      0x209 ./Sources/FTM.o
 .debug_macro   0x00000000       0x22 ./Sources/FTM.o
 .debug_macro   0x00000000    0x174c1 ./Sources/FTM.o
 .group         0x00000000        0x8 ./Sources/Flash.o
 .group         0x00000000        0x8 ./Sources/Flash.o
 .group         0x00000000        0x8 ./Sources/Flash.o
 .group         0x00000000        0x8 ./Sources/Flash.o
 .group         0x00000000        0x8 ./Sources/Flash.o
 .group         0x00000000        0x8 ./Sources/Flash.o
 .group         0x00000000        0x8 ./Sources/Flash.o
 .group         0x00000000        0x8 ./Sources/Flash.o
 .group         0x00000000        0x8 ./Sources/Flash.o
 .group         0x00000000        0x8 ./Sources/Flash.o
 .group         0x00000000        0x8 ./Sources/Flash.o
 .group         0x00000000        0x8 ./Sources/Flash.o
 .group         0x00000000        0x8 ./Sources/Flash.o
 .group         0x00000000        0x8 ./Sources/Flash.o
 .group         0x00000000        0x8 ./Sources/Flash.o
 .group         0x00000000        0x8 ./Sources/Flash.o
 .text          0x00000000        0x0 ./Sources/Flash.o
 .data          0x00000000        0x0 ./Sources/Flash.o
 .bss           0x00000000        0x0 ./Sources/Flash.o
 .debug_macro   0x00000000      0x850 ./Sources/Flash.o
 .debug_macro   0x00000000       0x16 ./Sources/Flash.o
 .debug_macro   0x00000000       0x44 ./Sources/Flash.o
 .debug_macro   0x00000000      0x209 ./Sources/Flash.o
 .debug_macro   0x00000000       0x22 ./Sources/Flash.o
 .debug_macro   0x00000000    0x174c1 ./Sources/Flash.o
 .group         0x00000000        0x8 ./Sources/I2C.o
 .group         0x00000000        0x8 ./Sources/I2C.o
 .group         0x00000000        0x8 ./Sources/I2C.o
 .group         0x00000000        0x8 ./Sources/I2C.o
 .group         0x00000000        0x8 ./Sources/I2C.o
 .group         0x00000000        0x8 ./Sources/I2C.o
 .text          0x00000000        0x0 ./Sources/I2C.o
 .data          0x00000000        0x0 ./Sources/I2C.o
 .bss           0x00000000        0x0 ./Sources/I2C.o
 .debug_macro   0x00000000      0x850 ./Sources/I2C.o
 .debug_macro   0x00000000       0x16 ./Sources/I2C.o
 .debug_macro   0x00000000       0x44 ./Sources/I2C.o
 .debug_macro   0x00000000      0x209 ./Sources/I2C.o
 .debug_macro   0x00000000       0x22 ./Sources/I2C.o
 .debug_macro   0x00000000    0x174c1 ./Sources/I2C.o
 .group         0x00000000        0x8 ./Sources/LEDs.o
 .group         0x00000000        0x8 ./Sources/LEDs.o
 .group         0x00000000        0x8 ./Sources/LEDs.o
 .group         0x00000000        0x8 ./Sources/LEDs.o
 .group         0x00000000        0x8 ./Sources/LEDs.o
 .group         0x00000000        0x8 ./Sources/LEDs.o
 .text          0x00000000        0x0 ./Sources/LEDs.o
 .data          0x00000000        0x0 ./Sources/LEDs.o
 .bss           0x00000000        0x0 ./Sources/LEDs.o
 .debug_macro   0x00000000      0x850 ./Sources/LEDs.o
 .debug_macro   0x00000000       0x16 ./Sources/LEDs.o
 .debug_macro   0x00000000       0x44 ./Sources/LEDs.o
 .debug_macro   0x00000000      0x209 ./Sources/LEDs.o
 .debug_macro   0x00000000       0x22 ./Sources/LEDs.o
 .debug_macro   0x00000000    0x174c1 ./Sources/LEDs.o
 .group         0x00000000        0x8 ./Sources/PIT.o
 .group         0x00000000        0x8 ./Sources/PIT.o
 .group         0x00000000        0x8 ./Sources/PIT.o
 .group         0x00000000        0x8 ./Sources/PIT.o
 .group         0x00000000        0x8 ./Sources/PIT.o
 .group         0x00000000        0x8 ./Sources/PIT.o
 .text          0x00000000        0x0 ./Sources/PIT.o
 .data          0x00000000        0x0 ./Sources/PIT.o
 .bss           0x00000000        0x0 ./Sources/PIT.o
 .debug_macro   0x00000000      0x850 ./Sources/PIT.o
 .debug_macro   0x00000000       0x16 ./Sources/PIT.o
 .debug_macro   0x00000000       0x44 ./Sources/PIT.o
 .debug_macro   0x00000000      0x209 ./Sources/PIT.o
 .debug_macro   0x00000000       0x22 ./Sources/PIT.o
 .debug_macro   0x00000000    0x174c1 ./Sources/PIT.o
 .group         0x00000000        0x8 ./Sources/RTC.o
 .group         0x00000000        0x8 ./Sources/RTC.o
 .group         0x00000000        0x8 ./Sources/RTC.o
 .group         0x00000000        0x8 ./Sources/RTC.o
 .group         0x00000000        0x8 ./Sources/RTC.o
 .group         0x00000000        0x8 ./Sources/RTC.o
 .text          0x00000000        0x0 ./Sources/RTC.o
 .data          0x00000000        0x0 ./Sources/RTC.o
 .bss           0x00000000        0x0 ./Sources/RTC.o
 .debug_macro   0x00000000      0x850 ./Sources/RTC.o
 .debug_macro   0x00000000       0x16 ./Sources/RTC.o
 .debug_macro   0x00000000       0x44 ./Sources/RTC.o
 .debug_macro   0x00000000      0x209 ./Sources/RTC.o
 .debug_macro   0x00000000       0x22 ./Sources/RTC.o
 .debug_macro   0x00000000    0x174c1 ./Sources/RTC.o
 .group         0x00000000        0x8 ./Sources/UART.o
 .group         0x00000000        0x8 ./Sources/UART.o
 .group         0x00000000        0x8 ./Sources/UART.o
 .group         0x00000000        0x8 ./Sources/UART.o
 .group         0x00000000        0x8 ./Sources/UART.o
 .group         0x00000000        0x8 ./Sources/UART.o
 .group         0x00000000        0x8 ./Sources/UART.o
 .group         0x00000000        0x8 ./Sources/UART.o
 .group         0x00000000        0x8 ./Sources/UART.o
 .group         0x00000000        0x8 ./Sources/UART.o
 .text          0x00000000        0x0 ./Sources/UART.o
 .data          0x00000000        0x0 ./Sources/UART.o
 .bss           0x00000000        0x0 ./Sources/UART.o
 .debug_macro   0x00000000      0x850 ./Sources/UART.o
 .debug_macro   0x00000000       0x16 ./Sources/UART.o
 .debug_macro   0x00000000       0x44 ./Sources/UART.o
 .debug_macro   0x00000000      0x209 ./Sources/UART.o
 .debug_macro   0x00000000       0x22 ./Sources/UART.o
 .debug_macro   0x00000000    0x174c1 ./Sources/UART.o
 .debug_macro   0x00000000     0x1800 ./Sources/UART.o
 .debug_macro   0x00000000      0x14e ./Sources/UART.o
 .debug_macro   0x00000000       0x64 ./Sources/UART.o
 .debug_macro   0x00000000       0x9a ./Sources/UART.o
 .group         0x00000000        0x8 ./Sources/accel.o
 .group         0x00000000        0x8 ./Sources/accel.o
 .group         0x00000000        0x8 ./Sources/accel.o
 .group         0x00000000        0x8 ./Sources/accel.o
 .group         0x00000000        0x8 ./Sources/accel.o
 .group         0x00000000        0x8 ./Sources/accel.o
 .group         0x00000000        0x8 ./Sources/accel.o
 .group         0x00000000        0x8 ./Sources/accel.o
 .group         0x00000000        0x8 ./Sources/accel.o
 .group         0x00000000        0x8 ./Sources/accel.o
 .text          0x00000000        0x0 ./Sources/accel.o
 .data          0x00000000        0x0 ./Sources/accel.o
 .bss           0x00000000        0x0 ./Sources/accel.o
 .bss.INT_SOURCE_Union
                0x00000000        0x4 ./Sources/accel.o
 .rodata.MMA_ADDR_SA0H
                0x00000000        0x1 ./Sources/accel.o
 .rodata.WHO_AM_I_REG_ADDR
                0x00000000        0x1 ./Sources/accel.o
 .debug_macro   0x00000000      0x850 ./Sources/accel.o
 .debug_macro   0x00000000       0x16 ./Sources/accel.o
 .debug_macro   0x00000000       0x44 ./Sources/accel.o
 .debug_macro   0x00000000      0x209 ./Sources/accel.o
 .debug_macro   0x00000000       0x22 ./Sources/accel.o
 .debug_macro   0x00000000    0x174c1 ./Sources/accel.o
 .debug_macro   0x00000000     0x1800 ./Sources/accel.o
 .debug_macro   0x00000000      0x14e ./Sources/accel.o
 .debug_macro   0x00000000       0x64 ./Sources/accel.o
 .debug_macro   0x00000000       0x9a ./Sources/accel.o
 .group         0x00000000        0x8 ./Sources/main.o
 .group         0x00000000        0x8 ./Sources/main.o
 .group         0x00000000        0x8 ./Sources/main.o
 .group         0x00000000        0x8 ./Sources/main.o
 .group         0x00000000        0x8 ./Sources/main.o
 .group         0x00000000        0x8 ./Sources/main.o
 .group         0x00000000        0x8 ./Sources/main.o
 .group         0x00000000        0x8 ./Sources/main.o
 .group         0x00000000        0x8 ./Sources/main.o
 .group         0x00000000        0x8 ./Sources/main.o
 .group         0x00000000        0x8 ./Sources/main.o
 .group         0x00000000        0x8 ./Sources/main.o
 .text          0x00000000        0x0 ./Sources/main.o
 .data          0x00000000        0x0 ./Sources/main.o
 .bss           0x00000000        0x0 ./Sources/main.o
 .rodata.BAUD_RATE
                0x00000000        0x4 ./Sources/main.o
 .bss.Write8    0x00000000        0x4 ./Sources/main.o
 .debug_macro   0x00000000      0x850 ./Sources/main.o
 .debug_macro   0x00000000       0x16 ./Sources/main.o
 .debug_macro   0x00000000       0x44 ./Sources/main.o
 .debug_macro   0x00000000      0x209 ./Sources/main.o
 .debug_macro   0x00000000     0x17fa ./Sources/main.o
 .debug_macro   0x00000000      0x14e ./Sources/main.o
 .debug_macro   0x00000000       0x64 ./Sources/main.o
 .debug_macro   0x00000000    0x174c1 ./Sources/main.o
 .debug_macro   0x00000000       0x9a ./Sources/main.o
 .debug_macro   0x00000000       0x22 ./Sources/main.o
 .group         0x00000000        0x8 ./Sources/median.o
 .group         0x00000000        0x8 ./Sources/median.o
 .group         0x00000000        0x8 ./Sources/median.o
 .group         0x00000000        0x8 ./Sources/median.o
 .group         0x00000000        0x8 ./Sources/median.o
 .text          0x00000000        0x0 ./Sources/median.o
 .data          0x00000000        0x0 ./Sources/median.o
 .bss           0x00000000        0x0 ./Sources/median.o
 .debug_macro   0x00000000      0x850 ./Sources/median.o
 .debug_macro   0x00000000       0x16 ./Sources/median.o
 .debug_macro   0x00000000       0x44 ./Sources/median.o
 .debug_macro   0x00000000      0x209 ./Sources/median.o
 .debug_macro   0x00000000       0x22 ./Sources/median.o
 .group         0x00000000        0x8 ./Sources/packet.o
 .group         0x00000000        0x8 ./Sources/packet.o
 .group         0x00000000        0x8 ./Sources/packet.o
 .group         0x00000000        0x8 ./Sources/packet.o
 .group         0x00000000        0x8 ./Sources/packet.o
 .group         0x00000000        0x8 ./Sources/packet.o
 .text          0x00000000        0x0 ./Sources/packet.o
 .data          0x00000000        0x0 ./Sources/packet.o
 .bss           0x00000000        0x0 ./Sources/packet.o
 .debug_macro   0x00000000      0x850 ./Sources/packet.o
 .debug_macro   0x00000000       0x16 ./Sources/packet.o
 .debug_macro   0x00000000       0x44 ./Sources/packet.o
 .debug_macro   0x00000000      0x209 ./Sources/packet.o
 .debug_macro   0x00000000       0x22 ./Sources/packet.o
 .debug_macro   0x00000000       0x3a ./Sources/packet.o
 .group         0x00000000        0x8 ./Project_Settings/Startup_Code/startup.o
 .group         0x00000000        0x8 ./Project_Settings/Startup_Code/startup.o
 .group         0x00000000        0x8 ./Project_Settings/Startup_Code/startup.o
 .group         0x00000000        0x8 ./Project_Settings/Startup_Code/startup.o
 .group         0x00000000        0x8 ./Project_Settings/Startup_Code/startup.o
 .group         0x00000000        0x8 ./Project_Settings/Startup_Code/startup.o
 .group         0x00000000        0x8 ./Project_Settings/Startup_Code/startup.o
 .group         0x00000000        0x8 ./Project_Settings/Startup_Code/startup.o
 .group         0x00000000        0x8 ./Project_Settings/Startup_Code/startup.o
 .group         0x00000000        0x8 ./Project_Settings/Startup_Code/startup.o
 .group         0x00000000        0x8 ./Project_Settings/Startup_Code/startup.o
 .group         0x00000000        0x8 ./Project_Settings/Startup_Code/startup.o
 .group         0x00000000        0x8 ./Project_Settings/Startup_Code/startup.o
 .group         0x00000000        0x8 ./Project_Settings/Startup_Code/startup.o
 .group         0x00000000        0x8 ./Project_Settings/Startup_Code/startup.o
 .group         0x00000000        0x8 ./Project_Settings/Startup_Code/startup.o
 .group         0x00000000        0x8 ./Project_Settings/Startup_Code/startup.o
 .group         0x00000000        0x8 ./Project_Settings/Startup_Code/startup.o
 .group         0x00000000        0x8 ./Project_Settings/Startup_Code/startup.o
 .text          0x00000000        0x0 ./Project_Settings/Startup_Code/startup.o
 .data          0x00000000        0x0 ./Project_Settings/Startup_Code/startup.o
 .bss           0x00000000        0x0 ./Project_Settings/Startup_Code/startup.o
 .text.__init_hardware
                0x00000000        0xc ./Project_Settings/Startup_Code/startup.o
 .text.__iar_program_start
                0x00000000        0xc ./Project_Settings/Startup_Code/startup.o
 .debug_macro   0x00000000      0x850 ./Project_Settings/Startup_Code/startup.o
 .debug_macro   0x00000000       0x58 ./Project_Settings/Startup_Code/startup.o
 .debug_macro   0x00000000       0x16 ./Project_Settings/Startup_Code/startup.o
 .debug_macro   0x00000000       0x35 ./Project_Settings/Startup_Code/startup.o
 .debug_macro   0x00000000       0xa3 ./Project_Settings/Startup_Code/startup.o
 .debug_macro   0x00000000      0x166 ./Project_Settings/Startup_Code/startup.o
 .debug_macro   0x00000000       0x52 ./Project_Settings/Startup_Code/startup.o
 .debug_macro   0x00000000       0x16 ./Project_Settings/Startup_Code/startup.o
 .debug_macro   0x00000000       0x43 ./Project_Settings/Startup_Code/startup.o
 .debug_macro   0x00000000      0x180 ./Project_Settings/Startup_Code/startup.o
 .group         0x00000000        0x8 ./Generated_Code/Cpu.o
 .group         0x00000000        0x8 ./Generated_Code/Cpu.o
 .group         0x00000000        0x8 ./Generated_Code/Cpu.o
 .group         0x00000000        0x8 ./Generated_Code/Cpu.o
 .group         0x00000000        0x8 ./Generated_Code/Cpu.o
 .group         0x00000000        0x8 ./Generated_Code/Cpu.o
 .group         0x00000000        0x8 ./Generated_Code/Cpu.o
 .group         0x00000000        0x8 ./Generated_Code/Cpu.o
 .group         0x00000000        0x8 ./Generated_Code/Cpu.o
 .text          0x00000000        0x0 ./Generated_Code/Cpu.o
 .data          0x00000000        0x0 ./Generated_Code/Cpu.o
 .bss           0x00000000        0x0 ./Generated_Code/Cpu.o
 .debug_macro   0x00000000      0x850 ./Generated_Code/Cpu.o
 .debug_macro   0x00000000       0x16 ./Generated_Code/Cpu.o
 .debug_macro   0x00000000       0x44 ./Generated_Code/Cpu.o
 .debug_macro   0x00000000      0x209 ./Generated_Code/Cpu.o
 .debug_macro   0x00000000     0x17fa ./Generated_Code/Cpu.o
 .debug_macro   0x00000000      0x14e ./Generated_Code/Cpu.o
 .debug_macro   0x00000000       0x64 ./Generated_Code/Cpu.o
 .debug_macro   0x00000000    0x174c1 ./Generated_Code/Cpu.o
 .group         0x00000000        0x8 ./Generated_Code/PE_LDD.o
 .group         0x00000000        0x8 ./Generated_Code/PE_LDD.o
 .group         0x00000000        0x8 ./Generated_Code/PE_LDD.o
 .group         0x00000000        0x8 ./Generated_Code/PE_LDD.o
 .group         0x00000000        0x8 ./Generated_Code/PE_LDD.o
 .group         0x00000000        0x8 ./Generated_Code/PE_LDD.o
 .group         0x00000000        0x8 ./Generated_Code/PE_LDD.o
 .group         0x00000000        0x8 ./Generated_Code/PE_LDD.o
 .group         0x00000000        0x8 ./Generated_Code/PE_LDD.o
 .text          0x00000000        0x0 ./Generated_Code/PE_LDD.o
 .data          0x00000000        0x0 ./Generated_Code/PE_LDD.o
 .bss           0x00000000        0x0 ./Generated_Code/PE_LDD.o
 .rodata.PE_CpuClockConfigurations
                0x00000000       0x28 ./Generated_Code/PE_LDD.o
 .text.PE_FillMemory
                0x00000000       0x24 ./Generated_Code/PE_LDD.o
 .text.PE_PeripheralUsed
                0x00000000       0x18 ./Generated_Code/PE_LDD.o
 .text.LDD_SetClockConfiguration
                0x00000000       0x14 ./Generated_Code/PE_LDD.o
 .debug_info    0x00000000      0x215 ./Generated_Code/PE_LDD.o
 .debug_abbrev  0x00000000       0xf3 ./Generated_Code/PE_LDD.o
 .debug_aranges
                0x00000000       0x30 ./Generated_Code/PE_LDD.o
 .debug_ranges  0x00000000       0x20 ./Generated_Code/PE_LDD.o
 .debug_macro   0x00000000       0x8f ./Generated_Code/PE_LDD.o
 .debug_macro   0x00000000      0x850 ./Generated_Code/PE_LDD.o
 .debug_macro   0x00000000       0x16 ./Generated_Code/PE_LDD.o
 .debug_macro   0x00000000       0x44 ./Generated_Code/PE_LDD.o
 .debug_macro   0x00000000      0x209 ./Generated_Code/PE_LDD.o
 .debug_macro   0x00000000     0x17fa ./Generated_Code/PE_LDD.o
 .debug_macro   0x00000000      0x14e ./Generated_Code/PE_LDD.o
 .debug_macro   0x00000000       0x64 ./Generated_Code/PE_LDD.o
 .debug_macro   0x00000000    0x174c1 ./Generated_Code/PE_LDD.o
 .debug_macro   0x00000000       0x9a ./Generated_Code/PE_LDD.o
 .debug_line    0x00000000      0x232 ./Generated_Code/PE_LDD.o
 .debug_str     0x00000000    0x8a782 ./Generated_Code/PE_LDD.o
 .comment       0x00000000       0x71 ./Generated_Code/PE_LDD.o
 .ARM.attributes
                0x00000000       0x39 ./Generated_Code/PE_LDD.o
 .debug_frame   0x00000000       0x64 ./Generated_Code/PE_LDD.o
 .group         0x00000000        0x8 ./Generated_Code/Vectors.o
 .group         0x00000000        0x8 ./Generated_Code/Vectors.o
 .group         0x00000000        0x8 ./Generated_Code/Vectors.o
 .group         0x00000000        0x8 ./Generated_Code/Vectors.o
 .group         0x00000000        0x8 ./Generated_Code/Vectors.o
 .group         0x00000000        0x8 ./Generated_Code/Vectors.o
 .group         0x00000000        0x8 ./Generated_Code/Vectors.o
 .group         0x00000000        0x8 ./Generated_Code/Vectors.o
 .group         0x00000000        0x8 ./Generated_Code/Vectors.o
 .group         0x00000000        0x8 ./Generated_Code/Vectors.o
 .text          0x00000000        0x0 ./Generated_Code/Vectors.o
 .data          0x00000000        0x0 ./Generated_Code/Vectors.o
 .bss           0x00000000        0x0 ./Generated_Code/Vectors.o
 .debug_macro   0x00000000      0x850 ./Generated_Code/Vectors.o
 .debug_macro   0x00000000       0x16 ./Generated_Code/Vectors.o
 .debug_macro   0x00000000       0x44 ./Generated_Code/Vectors.o
 .debug_macro   0x00000000      0x209 ./Generated_Code/Vectors.o
 .debug_macro   0x00000000     0x17fa ./Generated_Code/Vectors.o
 .debug_macro   0x00000000      0x14e ./Generated_Code/Vectors.o
 .debug_macro   0x00000000       0x64 ./Generated_Code/Vectors.o
 .debug_macro   0x00000000    0x174c1 ./Generated_Code/Vectors.o
 .debug_macro   0x00000000       0x9a ./Generated_Code/Vectors.o
 .debug_macro   0x00000000       0x22 ./Generated_Code/Vectors.o
 .data          0x00000000        0x0 c:/freescale/kds_3.0.0/toolchain/bin/../lib/gcc/arm-none-eabi/4.8.4/armv7e-m/fpu\libgcc.a(_arm_addsubdf3.o)
 .bss           0x00000000        0x0 c:/freescale/kds_3.0.0/toolchain/bin/../lib/gcc/arm-none-eabi/4.8.4/armv7e-m/fpu\libgcc.a(_arm_addsubdf3.o)
 .data          0x00000000        0x0 c:/freescale/kds_3.0.0/toolchain/bin/../lib/gcc/arm-none-eabi/4.8.4/armv7e-m/fpu\libgcc.a(_arm_muldivdf3.o)
 .bss           0x00000000        0x0 c:/freescale/kds_3.0.0/toolchain/bin/../lib/gcc/arm-none-eabi/4.8.4/armv7e-m/fpu\libgcc.a(_arm_muldivdf3.o)
 .data          0x00000000        0x0 c:/freescale/kds_3.0.0/toolchain/bin/../lib/gcc/arm-none-eabi/4.8.4/armv7e-m/fpu\libgcc.a(_arm_fixunsdfsi.o)
 .bss           0x00000000        0x0 c:/freescale/kds_3.0.0/toolchain/bin/../lib/gcc/arm-none-eabi/4.8.4/armv7e-m/fpu\libgcc.a(_arm_fixunsdfsi.o)
 .text          0x00000000        0x0 c:/freescale/kds_3.0.0/toolchain/bin/../lib/gcc/arm-none-eabi/4.8.4/../../../../arm-none-eabi/lib/armv7e-m/fpu\libg_s.a(lib_a-exit.o)
 .data          0x00000000        0x0 c:/freescale/kds_3.0.0/toolchain/bin/../lib/gcc/arm-none-eabi/4.8.4/../../../../arm-none-eabi/lib/armv7e-m/fpu\libg_s.a(lib_a-exit.o)
 .bss           0x00000000        0x0 c:/freescale/kds_3.0.0/toolchain/bin/../lib/gcc/arm-none-eabi/4.8.4/../../../../arm-none-eabi/lib/armv7e-m/fpu\libg_s.a(lib_a-exit.o)
 .text          0x00000000        0x0 c:/freescale/kds_3.0.0/toolchain/bin/../lib/gcc/arm-none-eabi/4.8.4/../../../../arm-none-eabi/lib/armv7e-m/fpu\libg_s.a(lib_a-impure.o)
 .data          0x00000000        0x0 c:/freescale/kds_3.0.0/toolchain/bin/../lib/gcc/arm-none-eabi/4.8.4/../../../../arm-none-eabi/lib/armv7e-m/fpu\libg_s.a(lib_a-impure.o)
 .bss           0x00000000        0x0 c:/freescale/kds_3.0.0/toolchain/bin/../lib/gcc/arm-none-eabi/4.8.4/../../../../arm-none-eabi/lib/armv7e-m/fpu\libg_s.a(lib_a-impure.o)
 .data._impure_ptr
                0x00000000        0x4 c:/freescale/kds_3.0.0/toolchain/bin/../lib/gcc/arm-none-eabi/4.8.4/../../../../arm-none-eabi/lib/armv7e-m/fpu\libg_s.a(lib_a-impure.o)
 .text          0x00000000        0x0 c:/freescale/kds_3.0.0/toolchain/bin/../lib/gcc/arm-none-eabi/4.8.4/../../../../arm-none-eabi/lib/armv7e-m/fpu\libg_s.a(lib_a-init.o)
 .data          0x00000000        0x0 c:/freescale/kds_3.0.0/toolchain/bin/../lib/gcc/arm-none-eabi/4.8.4/../../../../arm-none-eabi/lib/armv7e-m/fpu\libg_s.a(lib_a-init.o)
 .bss           0x00000000        0x0 c:/freescale/kds_3.0.0/toolchain/bin/../lib/gcc/arm-none-eabi/4.8.4/../../../../arm-none-eabi/lib/armv7e-m/fpu\libg_s.a(lib_a-init.o)
 .text          0x00000000        0x0 c:/freescale/kds_3.0.0/toolchain/bin/../lib/gcc/arm-none-eabi/4.8.4/../../../../arm-none-eabi/lib/armv7e-m/fpu\libg_s.a(lib_a-memset.o)
 .data          0x00000000        0x0 c:/freescale/kds_3.0.0/toolchain/bin/../lib/gcc/arm-none-eabi/4.8.4/../../../../arm-none-eabi/lib/armv7e-m/fpu\libg_s.a(lib_a-memset.o)
 .bss           0x00000000        0x0 c:/freescale/kds_3.0.0/toolchain/bin/../lib/gcc/arm-none-eabi/4.8.4/../../../../arm-none-eabi/lib/armv7e-m/fpu\libg_s.a(lib_a-memset.o)
 .text          0x00000000        0x0 c:/freescale/kds_3.0.0/toolchain/bin/../lib/gcc/arm-none-eabi/4.8.4/../../../../arm-none-eabi/lib/armv7e-m/fpu\libnosys.a(_exit.o)
 .data          0x00000000        0x0 c:/freescale/kds_3.0.0/toolchain/bin/../lib/gcc/arm-none-eabi/4.8.4/../../../../arm-none-eabi/lib/armv7e-m/fpu\libnosys.a(_exit.o)
 .bss           0x00000000        0x0 c:/freescale/kds_3.0.0/toolchain/bin/../lib/gcc/arm-none-eabi/4.8.4/../../../../arm-none-eabi/lib/armv7e-m/fpu\libnosys.a(_exit.o)
 .text          0x00000000        0x0 c:/freescale/kds_3.0.0/toolchain/bin/../lib/gcc/arm-none-eabi/4.8.4/armv7e-m/fpu/crtend.o
 .data          0x00000000        0x0 c:/freescale/kds_3.0.0/toolchain/bin/../lib/gcc/arm-none-eabi/4.8.4/armv7e-m/fpu/crtend.o
 .bss           0x00000000        0x0 c:/freescale/kds_3.0.0/toolchain/bin/../lib/gcc/arm-none-eabi/4.8.4/armv7e-m/fpu/crtend.o
 .eh_frame      0x00000000        0x4 c:/freescale/kds_3.0.0/toolchain/bin/../lib/gcc/arm-none-eabi/4.8.4/armv7e-m/fpu/crtend.o
 .jcr           0x00000000        0x4 c:/freescale/kds_3.0.0/toolchain/bin/../lib/gcc/arm-none-eabi/4.8.4/armv7e-m/fpu/crtend.o
 .ARM.attributes
                0x00000000       0x34 c:/freescale/kds_3.0.0/toolchain/bin/../lib/gcc/arm-none-eabi/4.8.4/armv7e-m/fpu/crtend.o
 .text          0x00000000        0x0 c:/freescale/kds_3.0.0/toolchain/bin/../lib/gcc/arm-none-eabi/4.8.4/armv7e-m/fpu/crtn.o
 .data          0x00000000        0x0 c:/freescale/kds_3.0.0/toolchain/bin/../lib/gcc/arm-none-eabi/4.8.4/armv7e-m/fpu/crtn.o
 .bss           0x00000000        0x0 c:/freescale/kds_3.0.0/toolchain/bin/../lib/gcc/arm-none-eabi/4.8.4/armv7e-m/fpu/crtn.o

Memory Configuration

Name             Origin             Length             Attributes
m_interrupts     0x00000000         0x000001e8         xr
m_text           0x00000410         0x0007fbf0         xr
m_data           0x1fff0000         0x00010000         rw
m_data_20000000  0x20000000         0x00010000         rw
m_cfmprotrom     0x00000400         0x00000010         xr
*default*        0x00000000         0xffffffff

Linker script and memory map

LOAD c:/freescale/kds_3.0.0/toolchain/bin/../lib/gcc/arm-none-eabi/4.8.4/armv7e-m/fpu/crti.o
LOAD c:/freescale/kds_3.0.0/toolchain/bin/../lib/gcc/arm-none-eabi/4.8.4/armv7e-m/fpu/crtbegin.o
LOAD c:/freescale/kds_3.0.0/toolchain/bin/../lib/gcc/arm-none-eabi/4.8.4/../../../../arm-none-eabi/lib/armv7e-m/fpu/crt0.o
LOAD ./Sources/Events.o
LOAD ./Sources/FIFO.o
LOAD ./Sources/FTM.o
LOAD ./Sources/Flash.o
LOAD ./Sources/I2C.o
LOAD ./Sources/LEDs.o
LOAD ./Sources/PIT.o
LOAD ./Sources/RTC.o
LOAD ./Sources/UART.o
LOAD ./Sources/accel.o
LOAD ./Sources/main.o
LOAD ./Sources/median.o
LOAD ./Sources/packet.o
LOAD ./Project_Settings/Startup_Code/startup.o
LOAD ./Generated_Code/Cpu.o
LOAD ./Generated_Code/PE_LDD.o
LOAD ./Generated_Code/Vectors.o
LOAD c:/freescale/kds_3.0.0/toolchain/bin/../lib/gcc/arm-none-eabi/4.8.4/../../../../arm-none-eabi/lib/armv7e-m/fpu\libstdc++_s.a
LOAD c:/freescale/kds_3.0.0/toolchain/bin/../lib/gcc/arm-none-eabi/4.8.4/../../../../arm-none-eabi/lib/armv7e-m/fpu\libm.a
START GROUP
LOAD c:/freescale/kds_3.0.0/toolchain/bin/../lib/gcc/arm-none-eabi/4.8.4/armv7e-m/fpu\libgcc.a
LOAD c:/freescale/kds_3.0.0/toolchain/bin/../lib/gcc/arm-none-eabi/4.8.4/../../../../arm-none-eabi/lib/armv7e-m/fpu\libg_s.a
LOAD c:/freescale/kds_3.0.0/toolchain/bin/../lib/gcc/arm-none-eabi/4.8.4/../../../../arm-none-eabi/lib/armv7e-m/fpu\libc_s.a
END GROUP
START GROUP
LOAD c:/freescale/kds_3.0.0/toolchain/bin/../lib/gcc/arm-none-eabi/4.8.4/armv7e-m/fpu\libgcc.a
LOAD c:/freescale/kds_3.0.0/toolchain/bin/../lib/gcc/arm-none-eabi/4.8.4/../../../../arm-none-eabi/lib/armv7e-m/fpu\libc_s.a
LOAD c:/freescale/kds_3.0.0/toolchain/bin/../lib/gcc/arm-none-eabi/4.8.4/../../../../arm-none-eabi/lib/armv7e-m/fpu\libnosys.a
END GROUP
START GROUP
LOAD c:/freescale/kds_3.0.0/toolchain/bin/../lib/gcc/arm-none-eabi/4.8.4/armv7e-m/fpu\libgcc.a
LOAD c:/freescale/kds_3.0.0/toolchain/bin/../lib/gcc/arm-none-eabi/4.8.4/../../../../arm-none-eabi/lib/armv7e-m/fpu\libc_s.a
LOAD c:/freescale/kds_3.0.0/toolchain/bin/../lib/gcc/arm-none-eabi/4.8.4/../../../../arm-none-eabi/lib/armv7e-m/fpu\libnosys.a
END GROUP
LOAD c:/freescale/kds_3.0.0/toolchain/bin/../lib/gcc/arm-none-eabi/4.8.4/armv7e-m/fpu/crtend.o
LOAD c:/freescale/kds_3.0.0/toolchain/bin/../lib/gcc/arm-none-eabi/4.8.4/armv7e-m/fpu/crtn.o
                0x20000000                _estack = 0x20000000
                0x20000000                __SP_INIT = _estack
                0x20000000                __stack = _estack
                0x00000000                __heap_size = 0x0
                0x00000400                __stack_size = 0x400

.interrupts     0x00000000      0x1e8
                0x00000000                __vector_table = .
                0x00000000                . = ALIGN (0x4)
 *(.vectortable)
 .vectortable   0x00000000      0x1e8 ./Generated_Code/Vectors.o
                0x00000000                __vect_table
                0x000001e8                . = ALIGN (0x4)

.cfmprotect     0x00000400       0x10
                0x00000400                . = ALIGN (0x4)
 *(.cfmconfig)
 .cfmconfig     0x00000400       0x10 ./Generated_Code/Cpu.o
                0x00000400                _cfm
                0x00000410                . = ALIGN (0x4)

.text           0x00000410     0x2b5c
                0x00000410                . = ALIGN (0x4)
 *(.text)
 .text          0x00000410       0x54 c:/freescale/kds_3.0.0/toolchain/bin/../lib/gcc/arm-none-eabi/4.8.4/armv7e-m/fpu/crtbegin.o
 .text          0x00000464       0x74 c:/freescale/kds_3.0.0/toolchain/bin/../lib/gcc/arm-none-eabi/4.8.4/../../../../arm-none-eabi/lib/armv7e-m/fpu/crt0.o
                0x00000464                _start
                0x00000464                _mainCRTStartup
 .text          0x000004d8      0x370 c:/freescale/kds_3.0.0/toolchain/bin/../lib/gcc/arm-none-eabi/4.8.4/armv7e-m/fpu\libgcc.a(_arm_addsubdf3.o)
                0x000004d8                __aeabi_drsub
                0x000004e0                __aeabi_dsub
                0x000004e0                __subdf3
                0x000004e4                __aeabi_dadd
                0x000004e4                __adddf3
                0x0000075c                __floatunsidf
                0x0000075c                __aeabi_ui2d
                0x0000077c                __floatsidf
                0x0000077c                __aeabi_i2d
                0x000007a0                __aeabi_f2d
                0x000007a0                __extendsfdf2
                0x000007dc                __floatundidf
                0x000007dc                __aeabi_ul2d
                0x000007ec                __floatdidf
                0x000007ec                __aeabi_l2d
 .text          0x00000848      0x424 c:/freescale/kds_3.0.0/toolchain/bin/../lib/gcc/arm-none-eabi/4.8.4/armv7e-m/fpu\libgcc.a(_arm_muldivdf3.o)
                0x00000848                __aeabi_dmul
                0x00000848                __muldf3
                0x00000a9c                __divdf3
                0x00000a9c                __aeabi_ddiv
 .text          0x00000c6c       0x40 c:/freescale/kds_3.0.0/toolchain/bin/../lib/gcc/arm-none-eabi/4.8.4/armv7e-m/fpu\libgcc.a(_arm_fixunsdfsi.o)
                0x00000c6c                __aeabi_d2uiz
                0x00000c6c                __fixunsdfsi
 *(.text*)
 .text.FIFO_Init
                0x00000cac       0x24 ./Sources/FIFO.o
                0x00000cac                FIFO_Init
 .text.FIFO_Put
                0x00000cd0       0xbc ./Sources/FIFO.o
                0x00000cd0                FIFO_Put
 .text.FIFO_Get
                0x00000d8c       0xbc ./Sources/FIFO.o
                0x00000d8c                FIFO_Get
 .text.FTM_Init
                0x00000e48       0x74 ./Sources/FTM.o
                0x00000e48                FTM_Init
 .text.FTM_StartTimer
                0x00000ebc       0x78 ./Sources/FTM.o
                0x00000ebc                FTM_StartTimer
 .text.FTM0_ISR
                0x00000f34       0x80 ./Sources/FTM.o
                0x00000f34                FTM0_ISR
 .text.PrepareCWS
                0x00000fb4       0x40 ./Sources/Flash.o
 .text.ExecuteCWS
                0x00000ff4       0x78 ./Sources/Flash.o
 .text.Flash_Init
                0x0000106c       0x24 ./Sources/Flash.o
                0x0000106c                Flash_Init
 .text.Flash_AllocateVar
                0x00001090      0x10c ./Sources/Flash.o
                0x00001090                Flash_AllocateVar
 .text.WritePhrase
                0x0000119c       0x80 ./Sources/Flash.o
 .text.Flash_Write32
                0x0000121c       0x54 ./Sources/Flash.o
                0x0000121c                Flash_Write32
 .text.Flash_Write16
                0x00001270       0x5c ./Sources/Flash.o
                0x00001270                Flash_Write16
 .text.Flash_Write8
                0x000012cc       0x5c ./Sources/Flash.o
                0x000012cc                Flash_Write8
 .text.Flash_Erase
                0x00001328       0x40 ./Sources/Flash.o
                0x00001328                Flash_Erase
 .text.I2CInterruptWait
                0x00001368       0x30 ./Sources/I2C.o
 .text.I2CStop  0x00001398       0x30 ./Sources/I2C.o
 .text.I2C_Init
                0x000013c8      0x160 ./Sources/I2C.o
                0x000013c8                I2C_Init
 .text.I2C_SelectSlaveDevice
                0x00001528       0x20 ./Sources/I2C.o
                0x00001528                I2C_SelectSlaveDevice
 .text.I2C_Write
                0x00001548       0x64 ./Sources/I2C.o
                0x00001548                I2C_Write
 .text.I2C_PollRead
                0x000015ac      0x10c ./Sources/I2C.o
                0x000015ac                I2C_PollRead
 .text.I2C_IntRead
                0x000016b8       0x3c ./Sources/I2C.o
                0x000016b8                I2C_IntRead
 .text.I2C_ISR  0x000016f4       0x84 ./Sources/I2C.o
                0x000016f4                I2C_ISR
 .text.LEDs_Init
                0x00001778       0xc4 ./Sources/LEDs.o
                0x00001778                LEDs_Init
 .text.LEDs_On  0x0000183c       0x1c ./Sources/LEDs.o
                0x0000183c                LEDs_On
 .text.LEDs_Off
                0x00001858       0x1c ./Sources/LEDs.o
                0x00001858                LEDs_Off
 .text.LEDs_Toggle
                0x00001874       0x1c ./Sources/LEDs.o
                0x00001874                LEDs_Toggle
 .text.PIT_Init
                0x00001890       0x8c ./Sources/PIT.o
                0x00001890                PIT_Init
 *fill*         0x0000191c        0x4 
 .text.PIT_Set  0x00001920       0x80 ./Sources/PIT.o
                0x00001920                PIT_Set
 .text.PIT_Enable
                0x000019a0       0x40 ./Sources/PIT.o
                0x000019a0                PIT_Enable
 .text.PIT_ISR  0x000019e0       0x48 ./Sources/PIT.o
                0x000019e0                PIT_ISR
 .text.RTC_Init
                0x00001a28       0xb0 ./Sources/RTC.o
                0x00001a28                RTC_Init
 .text.RTC_Set  0x00001ad8       0xac ./Sources/RTC.o
                0x00001ad8                RTC_Set
 .text.RTC_Get  0x00001b84       0xa8 ./Sources/RTC.o
                0x00001b84                RTC_Get
 .text.RTC_ISR  0x00001c2c       0x34 ./Sources/RTC.o
                0x00001c2c                RTC_ISR
 .text.UART_Init
                0x00001c60      0x140 ./Sources/UART.o
                0x00001c60                UART_Init
 .text.UART_InChar
                0x00001da0       0x20 ./Sources/UART.o
                0x00001da0                UART_InChar
 .text.UART_OutChar
                0x00001dc0       0x84 ./Sources/UART.o
                0x00001dc0                UART_OutChar
 .text.UART_ISR
                0x00001e44       0x84 ./Sources/UART.o
                0x00001e44                UART_ISR
 .text.Accel_Init
                0x00001ec8      0x144 ./Sources/accel.o
                0x00001ec8                Accel_Init
 .text.Accel_ReadXYZ
                0x0000200c       0x18 ./Sources/accel.o
                0x0000200c                Accel_ReadXYZ
 .text.Accel_SetMode
                0x00002024       0x70 ./Sources/accel.o
                0x00002024                Accel_SetMode
 .text.AccelDataReady_ISR
                0x00002094       0x54 ./Sources/accel.o
                0x00002094                AccelDataReady_ISR
 .text.PacketProcessor
                0x000020e8      0x3c4 ./Sources/main.o
                0x000020e8                PacketProcessor
 .text.PITCallback
                0x000024ac       0x18 ./Sources/main.o
                0x000024ac                PITCallback
 .text.RTCCallback
                0x000024c4       0x38 ./Sources/main.o
                0x000024c4                RTCCallback
 .text.FTMCallback
                0x000024fc       0x18 ./Sources/main.o
 .text.I2CPollCallback
                0x00002514       0x1c ./Sources/main.o
 .text.SendMeanAccelPacket
                0x00002530       0x6c ./Sources/main.o
                0x00002530                SendMeanAccelPacket
 .text.HandleAccelIntRead
                0x0000259c       0x74 ./Sources/main.o
                0x0000259c                HandleAccelIntRead
 .text.HandleAccelPollRead
                0x00002610       0x78 ./Sources/main.o
                0x00002610                HandleAccelPollRead
 .text.main     0x00002688      0x158 ./Sources/main.o
                0x00002688                main
 .text.Median_Filter3
                0x000027e0       0x5c ./Sources/median.o
                0x000027e0                Median_Filter3
 .text.Packet_Init
                0x0000283c       0x1c ./Sources/packet.o
                0x0000283c                Packet_Init
 .text.Packet_Get
                0x00002858       0xd4 ./Sources/packet.o
                0x00002858                Packet_Get
 .text.Packet_Put
                0x0000292c       0x70 ./Sources/packet.o
                0x0000292c                Packet_Put
 .text.__copy_rom_section
                0x0000299c       0xe4 ./Project_Settings/Startup_Code/startup.o
                0x0000299c                __copy_rom_section
 .text.__copy_rom_sections_to_ram
                0x00002a80       0x9c ./Project_Settings/Startup_Code/startup.o
                0x00002a80                __copy_rom_sections_to_ram
 .text.__init_registers
                0x00002b1c       0x20 ./Project_Settings/Startup_Code/startup.o
                0x00002b1c                __init_registers
 .text.__init_user
                0x00002b3c        0xc ./Project_Settings/Startup_Code/startup.o
                0x00002b3c                __init_user
 .text.__thumb_startup
                0x00002b48       0x34 ./Project_Settings/Startup_Code/startup.o
                0x00002b48                __thumb_startup
 .text.Cpu_Interrupt
                0x00002b7c       0x18 ./Generated_Code/Cpu.o
                0x00002b7c                Cpu_Interrupt
 .text.__init_hardware
                0x00002b94      0x1cc ./Generated_Code/Cpu.o
                0x00002b94                __init_hardware
 .text.Cpu_SetBASEPRI
                0x00002d60       0x18 ./Generated_Code/Cpu.o
                0x00002d60                Cpu_SetBASEPRI
 .text.PE_low_level_init
                0x00002d78       0xe4 ./Generated_Code/Cpu.o
                0x00002d78                PE_low_level_init
 .text.exit     0x00002e5c       0x28 c:/freescale/kds_3.0.0/toolchain/bin/../lib/gcc/arm-none-eabi/4.8.4/../../../../arm-none-eabi/lib/armv7e-m/fpu\libg_s.a(lib_a-exit.o)
                0x00002e5c                exit
 .text.__libc_init_array
                0x00002e84       0x4c c:/freescale/kds_3.0.0/toolchain/bin/../lib/gcc/arm-none-eabi/4.8.4/../../../../arm-none-eabi/lib/armv7e-m/fpu\libg_s.a(lib_a-init.o)
                0x00002e84                __libc_init_array
 .text.memset   0x00002ed0       0x10 c:/freescale/kds_3.0.0/toolchain/bin/../lib/gcc/arm-none-eabi/4.8.4/../../../../arm-none-eabi/lib/armv7e-m/fpu\libg_s.a(lib_a-memset.o)
                0x00002ed0                memset
 .text._exit    0x00002ee0        0x4 c:/freescale/kds_3.0.0/toolchain/bin/../lib/gcc/arm-none-eabi/4.8.4/../../../../arm-none-eabi/lib/armv7e-m/fpu\libnosys.a(_exit.o)
                0x00002ee0                _exit
 *(.rodata)
 *(.rodata*)
 .rodata.MUL_VAL
                0x00002ee4        0x4 ./Sources/I2C.o
 .rodata.SCL_DIV_VAL
                0x00002ee8       0x64 ./Sources/I2C.o
 .rodata.PACKET_ACK_MASK
                0x00002f4c        0x1 ./Sources/packet.o
                0x00002f4c                PACKET_ACK_MASK
 .rodata.str1.1
                0x00002f4d        0x2 c:/freescale/kds_3.0.0/toolchain/bin/../lib/gcc/arm-none-eabi/4.8.4/../../../../arm-none-eabi/lib/armv7e-m/fpu\libg_s.a(lib_a-impure.o)
 *fill*         0x00002f4f        0x1 
 .rodata._global_impure_ptr
                0x00002f50        0x4 c:/freescale/kds_3.0.0/toolchain/bin/../lib/gcc/arm-none-eabi/4.8.4/../../../../arm-none-eabi/lib/armv7e-m/fpu\libg_s.a(lib_a-impure.o)
                0x00002f50                _global_impure_ptr
 *(.glue_7)
 .glue_7        0x00000000        0x0 linker stubs
 *(.glue_7t)
 .glue_7t       0x00000000        0x0 linker stubs
 *(.eh_frame)
 .eh_frame      0x00002f54        0x0 c:/freescale/kds_3.0.0/toolchain/bin/../lib/gcc/arm-none-eabi/4.8.4/armv7e-m/fpu/crtbegin.o
 *(.init)
 .init          0x00002f54        0x4 c:/freescale/kds_3.0.0/toolchain/bin/../lib/gcc/arm-none-eabi/4.8.4/armv7e-m/fpu/crti.o
                0x00002f54                _init
 .init          0x00002f58        0x8 c:/freescale/kds_3.0.0/toolchain/bin/../lib/gcc/arm-none-eabi/4.8.4/armv7e-m/fpu/crtn.o
 *(.fini)
 .fini          0x00002f60        0x4 c:/freescale/kds_3.0.0/toolchain/bin/../lib/gcc/arm-none-eabi/4.8.4/armv7e-m/fpu/crti.o
                0x00002f60                _fini
 .fini          0x00002f64        0x8 c:/freescale/kds_3.0.0/toolchain/bin/../lib/gcc/arm-none-eabi/4.8.4/armv7e-m/fpu/crtn.o
                0x00002f6c                . = ALIGN (0x4)
                0x00002f6c                _etext = .

.vfp11_veneer   0x00002f6c        0x0
 .vfp11_veneer  0x00000000        0x0 linker stubs

.v4_bx          0x00002f6c        0x0
 .v4_bx         0x00000000        0x0 linker stubs

.iplt           0x00002f6c        0x0
 .iplt          0x00000000        0x0 c:/freescale/kds_3.0.0/toolchain/bin/../lib/gcc/arm-none-eabi/4.8.4/armv7e-m/fpu/crtbegin.o

.ARM.extab
 *(.ARM.extab* .gnu.linkonce.armextab.*)

.ARM            0x00002f6c        0x8
                0x00002f6c                __exidx_start = .
 *(.ARM.exidx*)
 .ARM.exidx     0x00002f6c        0x8 c:/freescale/kds_3.0.0/toolchain/bin/../lib/gcc/arm-none-eabi/4.8.4/../../../../arm-none-eabi/lib/armv7e-m/fpu/crt0.o
                0x00002f74                __exidx_end = .

.rel.dyn        0x00002f74        0x0
 .rel.iplt      0x00000000        0x0 c:/freescale/kds_3.0.0/toolchain/bin/../lib/gcc/arm-none-eabi/4.8.4/armv7e-m/fpu/crtbegin.o

.ctors          0x00002f74        0x0
                0x00002f74                __CTOR_LIST__ = .
 *crtbegin.o(.ctors)
 *(EXCLUDE_FILE(*crtend.o) .ctors)
 *(SORT(.ctors.*))
 *(.ctors)
                0x00002f74                __CTOR_END__ = .

.dtors          0x00002f74        0x0
                0x00002f74                __DTOR_LIST__ = .
 *crtbegin.o(.dtors)
 *(EXCLUDE_FILE(*crtend.o) .dtors)
 *(SORT(.dtors.*))
 *(.dtors)
                0x00002f74                __DTOR_END__ = .

.preinit_array  0x00002f74        0x0
                0x00002f74                PROVIDE (__preinit_array_start, .)
 *(.preinit_array*)
                0x00002f74                PROVIDE (__preinit_array_end, .)

.init_array     0x00002f74        0x4
                0x00002f74                PROVIDE (__init_array_start, .)
 *(SORT(.init_array.*))
 *(.init_array*)
 .init_array    0x00002f74        0x4 c:/freescale/kds_3.0.0/toolchain/bin/../lib/gcc/arm-none-eabi/4.8.4/armv7e-m/fpu/crtbegin.o
                0x00002f78                PROVIDE (__init_array_end, .)

.fini_array     0x00002f78        0x4
                0x00002f78                PROVIDE (__fini_array_start, .)
 *(SORT(.fini_array.*))
 *(.fini_array*)
 .fini_array    0x00002f78        0x4 c:/freescale/kds_3.0.0/toolchain/bin/../lib/gcc/arm-none-eabi/4.8.4/armv7e-m/fpu/crtbegin.o
                0x00002f7c                PROVIDE (__fini_array_end, .)
                0x00002f7c                ___ROM_AT = .

.data           0x1fff0000       0x94 load address 0x00002f7c
                0x1fff0000                . = ALIGN (0x4)
                0x1fff0000                _sdata = .
 *(.data)
 *(.data*)
 .data.FTMChannel0
                0x1fff0000       0x10 ./Sources/main.o
 .data.FTMChannel1
                0x1fff0010       0x10 ./Sources/main.o
 .data.AccelSetup
                0x1fff0020       0x14 ./Sources/main.o
 .data.impure_data
                0x1fff0034       0x60 c:/freescale/kds_3.0.0/toolchain/bin/../lib/gcc/arm-none-eabi/4.8.4/../../../../arm-none-eabi/lib/armv7e-m/fpu\libg_s.a(lib_a-impure.o)
                0x1fff0094                . = ALIGN (0x4)
                0x1fff0094                _edata = .
                0x00000094                ___data_size = (_edata - _sdata)
                0x00003010                ___m_data_20000000_ROMStart = (___ROM_AT + SIZEOF (.data))

.jcr            0x1fff0094        0x0 load address 0x00003010
 .jcr           0x1fff0094        0x0 c:/freescale/kds_3.0.0/toolchain/bin/../lib/gcc/arm-none-eabi/4.8.4/armv7e-m/fpu/crtbegin.o

.igot.plt       0x1fff0094        0x0 load address 0x00003010
 .igot.plt      0x00000000        0x0 c:/freescale/kds_3.0.0/toolchain/bin/../lib/gcc/arm-none-eabi/4.8.4/armv7e-m/fpu/crtbegin.o

.m_data_20000000
                0x20000000        0x0 load address 0x00003010
                0x20000000                . = ALIGN (0x4)
                0x20000000                ___m_data_20000000_RAMStart = .
 *(.m_data_20000000)
                0x20000000                ___m_data_20000000_RAMEnd = .
                0x20000000                . = ALIGN (0x4)
                0x00000000                ___m_data_20000000_ROMSize = (___m_data_20000000_RAMEnd - ___m_data_20000000_RAMStart)
                0x20000000                . = ALIGN (0x4)

.bss            0x1fff0094      0x2dc load address 0x00003010
                0x1fff0094                __START_BSS = .
                0x1fff0094                PROVIDE (__bss_start__, __START_BSS)
 *(.bss)
 .bss           0x1fff0094       0x1c c:/freescale/kds_3.0.0/toolchain/bin/../lib/gcc/arm-none-eabi/4.8.4/armv7e-m/fpu/crtbegin.o
 *(.bss*)
 .bss.FTMCallback
                0x1fff00b0       0x20 ./Sources/FTM.o
 .bss.FTMArguments
                0x1fff00d0       0x20 ./Sources/FTM.o
 .bss.MemoryMap
                0x1fff00f0        0x1 ./Sources/Flash.o
 .bss.SlaveAddr
                0x1fff00f1        0x1 ./Sources/I2C.o
 *fill*         0x1fff00f2        0x2 
 .bss.ReadDestination
                0x1fff00f4        0x4 ./Sources/I2C.o
 .bss.RegAddr   0x1fff00f8        0x1 ./Sources/I2C.o
 .bss.TxNumBytes
                0x1fff00f9        0x1 ./Sources/I2C.o
 *fill*         0x1fff00fa        0x2 
 .bss.I2CCallback
                0x1fff00fc        0x4 ./Sources/I2C.o
 .bss.I2CArguments
                0x1fff0100        0x4 ./Sources/I2C.o
 .bss.PITModuleClk
                0x1fff0104        0x4 ./Sources/PIT.o
 .bss.PITCallback
                0x1fff0108        0x4 ./Sources/PIT.o
 .bss.PITArguments
                0x1fff010c        0x4 ./Sources/PIT.o
 .bss.RTCCallback
                0x1fff0110        0x4 ./Sources/RTC.o
 .bss.RTCArguments
                0x1fff0114        0x4 ./Sources/RTC.o
 .bss.RxFIFO    0x1fff0118      0x108 ./Sources/UART.o
 .bss.TxFIFO    0x1fff0220      0x108 ./Sources/UART.o
 .bss.CTRL_REG1_Union
                0x1fff0328        0x4 ./Sources/accel.o
 .bss.CTRL_REG3_Union
                0x1fff032c        0x4 ./Sources/accel.o
 .bss.CTRL_REG4_Union
                0x1fff0330        0x4 ./Sources/accel.o
 .bss.CTRL_REG5_Union
                0x1fff0334        0x4 ./Sources/accel.o
 .bss.AccModuleClk
                0x1fff0338        0x1 ./Sources/accel.o
 *fill*         0x1fff0339        0x3 
 .bss.ADRCallback
                0x1fff033c        0x4 ./Sources/accel.o
 .bss.ADRArgs   0x1fff0340        0x4 ./Sources/accel.o
 .bss.ARCCallback
                0x1fff0344        0x4 ./Sources/accel.o
 .bss.ARCArgs   0x1fff0348        0x4 ./Sources/accel.o
 .bss.NvTowerNb
                0x1fff034c        0x4 ./Sources/main.o
 .bss.NvTowerMd
                0x1fff0350        0x4 ./Sources/main.o
 .bss.pollI2C   0x1fff0354        0x1 ./Sources/main.o
 *fill*         0x1fff0355        0x3 
 .bss.AccelData
                0x1fff0358        0xc ./Sources/main.o
 .bss.PacketIndex
                0x1fff0364        0x1 ./Sources/packet.o
 .bss.SR_lock   0x1fff0365        0x1 ./Generated_Code/Cpu.o
                0x1fff0365                SR_lock
 *(COMMON)
 COMMON         0x1fff0366        0x1 ./Sources/main.o
                0x1fff0366                modeAccel
 *fill*         0x1fff0367        0x1 
 COMMON         0x1fff0368        0x5 ./Sources/packet.o
                0x1fff0368                Packet
 COMMON         0x1fff036d        0x1 ./Generated_Code/Cpu.o
                0x1fff036d                SR_reg
                0x1fff0370                . = ALIGN (0x4)
 *fill*         0x1fff036e        0x2 
                0x1fff0370                __END_BSS = .
                0x1fff0370                PROVIDE (__bss_end__, __END_BSS)
                0x00003010                _romp_at = ((___ROM_AT + SIZEOF (.data)) + SIZEOF (.m_data_20000000))

.romp           0x1fff0370       0x24 load address 0x00003010
                0x00003010                __S_romp = _romp_at
                0x1fff0370        0x4 LONG 0x2f7c ___ROM_AT
                0x1fff0374        0x4 LONG 0x1fff0000 _sdata
                0x1fff0378        0x4 LONG 0x94 ___data_size
                0x1fff037c        0x4 LONG 0x3010 ___m_data_20000000_ROMStart
                0x1fff0380        0x4 LONG 0x20000000 ___m_data_20000000_RAMStart
                0x1fff0384        0x4 LONG 0x0 ___m_data_20000000_ROMSize
                0x1fff0388        0x4 LONG 0x0
                0x1fff038c        0x4 LONG 0x0
                0x1fff0390        0x4 LONG 0x0

._user_heap_stack
                0x1fff0394      0x400 load address 0x00003034
                0x1fff0394                . = ALIGN (0x4)
                0x1fff0394                PROVIDE (end, .)
                0x1fff0394                PROVIDE (_end, .)
                0x1fff0394                __heap_addr = .
                0x1fff0394                __HeapBase = .
                0x1fff0394                . = (. + __heap_size)
                0x1fff0394                __HeapLimit = .
                0x1fff0794                . = (. + __stack_size)
 *fill*         0x1fff0394      0x400 
                0x1fff0794                . = ALIGN (0x4)

.ARM.attributes
                0x00000000       0x30
 *(.ARM.attributes)
 .ARM.attributes
                0x00000000       0x22 c:/freescale/kds_3.0.0/toolchain/bin/../lib/gcc/arm-none-eabi/4.8.4/armv7e-m/fpu/crti.o
 .ARM.attributes
                0x00000022       0x34 c:/freescale/kds_3.0.0/toolchain/bin/../lib/gcc/arm-none-eabi/4.8.4/armv7e-m/fpu/crtbegin.o
 .ARM.attributes
                0x00000056       0x20 c:/freescale/kds_3.0.0/toolchain/bin/../lib/gcc/arm-none-eabi/4.8.4/../../../../arm-none-eabi/lib/armv7e-m/fpu/crt0.o
 .ARM.attributes
                0x00000076       0x39 ./Sources/FIFO.o
 .ARM.attributes
                0x000000af       0x39 ./Sources/FTM.o
 .ARM.attributes
                0x000000e8       0x39 ./Sources/Flash.o
 .ARM.attributes
                0x00000121       0x39 ./Sources/I2C.o
 .ARM.attributes
                0x0000015a       0x39 ./Sources/LEDs.o
 .ARM.attributes
                0x00000193       0x39 ./Sources/PIT.o
 .ARM.attributes
                0x000001cc       0x39 ./Sources/RTC.o
 .ARM.attributes
                0x00000205       0x39 ./Sources/UART.o
 .ARM.attributes
                0x0000023e       0x39 ./Sources/accel.o
 .ARM.attributes
                0x00000277       0x39 ./Sources/main.o
 .ARM.attributes
                0x000002b0       0x39 ./Sources/median.o
 .ARM.attributes
                0x000002e9       0x39 ./Sources/packet.o
 .ARM.attributes
                0x00000322       0x39 ./Project_Settings/Startup_Code/startup.o
 .ARM.attributes
                0x0000035b       0x39 ./Generated_Code/Cpu.o
 .ARM.attributes
                0x00000394       0x39 ./Generated_Code/Vectors.o
 .ARM.attributes
                0x000003cd       0x22 c:/freescale/kds_3.0.0/toolchain/bin/../lib/gcc/arm-none-eabi/4.8.4/armv7e-m/fpu\libgcc.a(_arm_addsubdf3.o)
 .ARM.attributes
                0x000003ef       0x22 c:/freescale/kds_3.0.0/toolchain/bin/../lib/gcc/arm-none-eabi/4.8.4/armv7e-m/fpu\libgcc.a(_arm_muldivdf3.o)
 .ARM.attributes
                0x00000411       0x22 c:/freescale/kds_3.0.0/toolchain/bin/../lib/gcc/arm-none-eabi/4.8.4/armv7e-m/fpu\libgcc.a(_arm_fixunsdfsi.o)
 .ARM.attributes
                0x00000433       0x34 c:/freescale/kds_3.0.0/toolchain/bin/../lib/gcc/arm-none-eabi/4.8.4/../../../../arm-none-eabi/lib/armv7e-m/fpu\libg_s.a(lib_a-exit.o)
 .ARM.attributes
                0x00000467       0x34 c:/freescale/kds_3.0.0/toolchain/bin/../lib/gcc/arm-none-eabi/4.8.4/../../../../arm-none-eabi/lib/armv7e-m/fpu\libg_s.a(lib_a-impure.o)
 .ARM.attributes
                0x0000049b       0x34 c:/freescale/kds_3.0.0/toolchain/bin/../lib/gcc/arm-none-eabi/4.8.4/../../../../arm-none-eabi/lib/armv7e-m/fpu\libg_s.a(lib_a-init.o)
 .ARM.attributes
                0x000004cf       0x34 c:/freescale/kds_3.0.0/toolchain/bin/../lib/gcc/arm-none-eabi/4.8.4/../../../../arm-none-eabi/lib/armv7e-m/fpu\libg_s.a(lib_a-memset.o)
 .ARM.attributes
                0x00000503       0x34 c:/freescale/kds_3.0.0/toolchain/bin/../lib/gcc/arm-none-eabi/4.8.4/../../../../arm-none-eabi/lib/armv7e-m/fpu\libnosys.a(_exit.o)
 .ARM.attributes
                0x00000537       0x22 c:/freescale/kds_3.0.0/toolchain/bin/../lib/gcc/arm-none-eabi/4.8.4/armv7e-m/fpu/crtn.o
OUTPUT(Lab4.elf elf32-littlearm)

.debug_info     0x00000000     0x582b
 .debug_info    0x00000000      0x208 ./Sources/FIFO.o
 .debug_info    0x00000208      0x758 ./Sources/FTM.o
 .debug_info    0x00000960      0x647 ./Sources/Flash.o
 .debug_info    0x00000fa7      0x835 ./Sources/I2C.o
 .debug_info    0x000017dc      0x490 ./Sources/LEDs.o
 .debug_info    0x00001c6c      0x596 ./Sources/PIT.o
 .debug_info    0x00002202      0x61e ./Sources/RTC.o
 .debug_info    0x00002820      0x925 ./Sources/UART.o
 .debug_info    0x00003145      0xabf ./Sources/accel.o
 .debug_info    0x00003c04      0x75f ./Sources/main.o
 .debug_info    0x00004363       0xd3 ./Sources/median.o
 .debug_info    0x00004436      0x2b4 ./Sources/packet.o
 .debug_info    0x000046ea      0x3b0 ./Project_Settings/Startup_Code/startup.o
 .debug_info    0x00004a9a      0xc82 ./Generated_Code/Cpu.o
 .debug_info    0x0000571c      0x10f ./Generated_Code/Vectors.o

.debug_abbrev   0x00000000     0x1499
 .debug_abbrev  0x00000000       0xfc ./Sources/FIFO.o
 .debug_abbrev  0x000000fc      0x1be ./Sources/FTM.o
 .debug_abbrev  0x000002ba      0x1bd ./Sources/Flash.o
 .debug_abbrev  0x00000477      0x1e1 ./Sources/I2C.o
 .debug_abbrev  0x00000658      0x144 ./Sources/LEDs.o
 .debug_abbrev  0x0000079c      0x16e ./Sources/PIT.o
 .debug_abbrev  0x0000090a      0x147 ./Sources/RTC.o
 .debug_abbrev  0x00000a51      0x19c ./Sources/UART.o
 .debug_abbrev  0x00000bed      0x1db ./Sources/accel.o
 .debug_abbrev  0x00000dc8      0x1df ./Sources/main.o
 .debug_abbrev  0x00000fa7       0x6c ./Sources/median.o
 .debug_abbrev  0x00001013       0xd4 ./Sources/packet.o
 .debug_abbrev  0x000010e7      0x189 ./Project_Settings/Startup_Code/startup.o
 .debug_abbrev  0x00001270      0x185 ./Generated_Code/Cpu.o
 .debug_abbrev  0x000013f5       0xa4 ./Generated_Code/Vectors.o

.debug_aranges  0x00000000      0x388
 .debug_aranges
                0x00000000       0x30 ./Sources/FIFO.o
 .debug_aranges
                0x00000030       0x38 ./Sources/FTM.o
 .debug_aranges
                0x00000068       0x60 ./Sources/Flash.o
 .debug_aranges
                0x000000c8       0x58 ./Sources/I2C.o
 .debug_aranges
                0x00000120       0x38 ./Sources/LEDs.o
 .debug_aranges
                0x00000158       0x38 ./Sources/PIT.o
 .debug_aranges
                0x00000190       0x38 ./Sources/RTC.o
 .debug_aranges
                0x000001c8       0x38 ./Sources/UART.o
 .debug_aranges
                0x00000200       0x38 ./Sources/accel.o
 .debug_aranges
                0x00000238       0x60 ./Sources/main.o
 .debug_aranges
                0x00000298       0x20 ./Sources/median.o
 .debug_aranges
                0x000002b8       0x30 ./Sources/packet.o
 .debug_aranges
                0x000002e8       0x50 ./Project_Settings/Startup_Code/startup.o
 .debug_aranges
                0x00000338       0x38 ./Generated_Code/Cpu.o
 .debug_aranges
                0x00000370       0x18 ./Generated_Code/Vectors.o

.debug_ranges   0x00000000      0x290
 .debug_ranges  0x00000000       0x20 ./Sources/FIFO.o
 .debug_ranges  0x00000020       0x28 ./Sources/FTM.o
 .debug_ranges  0x00000048       0x50 ./Sources/Flash.o
 .debug_ranges  0x00000098       0x48 ./Sources/I2C.o
 .debug_ranges  0x000000e0       0x28 ./Sources/LEDs.o
 .debug_ranges  0x00000108       0x28 ./Sources/PIT.o
 .debug_ranges  0x00000130       0x28 ./Sources/RTC.o
 .debug_ranges  0x00000158       0x28 ./Sources/UART.o
 .debug_ranges  0x00000180       0x28 ./Sources/accel.o
 .debug_ranges  0x000001a8       0x50 ./Sources/main.o
 .debug_ranges  0x000001f8       0x10 ./Sources/median.o
 .debug_ranges  0x00000208       0x20 ./Sources/packet.o
 .debug_ranges  0x00000228       0x40 ./Project_Settings/Startup_Code/startup.o
 .debug_ranges  0x00000268       0x28 ./Generated_Code/Cpu.o

.debug_macro    0x00000000    0x1a4de
 .debug_macro   0x00000000       0xa6 ./Sources/FIFO.o
 .debug_macro   0x000000a6       0x22 ./Sources/FIFO.o
 .debug_macro   0x000000c8     0x1800 ./Sources/FIFO.o
 .debug_macro   0x000018c8       0x9a ./Sources/FIFO.o
 .debug_macro   0x00001962       0x74 ./Sources/FTM.o
 .debug_macro   0x000019d6      0x104 ./Sources/Flash.o
 .debug_macro   0x00001ada       0x28 ./Sources/Flash.o
 .debug_macro   0x00001b02       0x58 ./Sources/Flash.o
 .debug_macro   0x00001b5a       0x35 ./Sources/Flash.o
 .debug_macro   0x00001b8f       0xa3 ./Sources/Flash.o
 .debug_macro   0x00001c32      0x166 ./Sources/Flash.o
 .debug_macro   0x00001d98       0x52 ./Sources/Flash.o
 .debug_macro   0x00001dea       0x16 ./Sources/Flash.o
 .debug_macro   0x00001e00       0x43 ./Sources/Flash.o
 .debug_macro   0x00001e43      0x180 ./Sources/Flash.o
 .debug_macro   0x00001fc3       0xde ./Sources/Flash.o
 .debug_macro   0x000020a1       0x68 ./Sources/I2C.o
 .debug_macro   0x00002109       0x68 ./Sources/LEDs.o
 .debug_macro   0x00002171       0x68 ./Sources/PIT.o
 .debug_macro   0x000021d9       0x68 ./Sources/RTC.o
 .debug_macro   0x00002241       0xb0 ./Sources/UART.o
 .debug_macro   0x000022f1      0x1ea ./Sources/accel.o
 .debug_macro   0x000024db      0x160 ./Sources/main.o
 .debug_macro   0x0000263b       0x3a ./Sources/main.o
 .debug_macro   0x00002675       0x2e ./Sources/main.o
 .debug_macro   0x000026a3       0x5f ./Sources/median.o
 .debug_macro   0x00002702       0x68 ./Sources/packet.o
 .debug_macro   0x0000276a      0x121 ./Project_Settings/Startup_Code/startup.o
 .debug_macro   0x0000288b       0x4a ./Project_Settings/Startup_Code/startup.o
 .debug_macro   0x000028d5      0x2a6 ./Project_Settings/Startup_Code/startup.o
 .debug_macro   0x00002b7b       0x10 ./Project_Settings/Startup_Code/startup.o
 .debug_macro   0x00002b8b       0x35 ./Project_Settings/Startup_Code/startup.o
 .debug_macro   0x00002bc0       0x16 ./Project_Settings/Startup_Code/startup.o
 .debug_macro   0x00002bd6       0x22 ./Project_Settings/Startup_Code/startup.o
 .debug_macro   0x00002bf8       0x16 ./Project_Settings/Startup_Code/startup.o
 .debug_macro   0x00002c0e      0x20f ./Project_Settings/Startup_Code/startup.o
 .debug_macro   0x00002e1d    0x174af ./Project_Settings/Startup_Code/startup.o
 .debug_macro   0x0001a2cc       0x84 ./Generated_Code/Cpu.o
 .debug_macro   0x0001a350       0xa0 ./Generated_Code/Cpu.o
 .debug_macro   0x0001a3f0       0xee ./Generated_Code/Vectors.o

.debug_line     0x00000000     0x2769
 .debug_line    0x00000000      0x2a3 ./Sources/FIFO.o
 .debug_line    0x000002a3      0x22c ./Sources/FTM.o
 .debug_line    0x000004cf      0x367 ./Sources/Flash.o
 .debug_line    0x00000836      0x2d1 ./Sources/I2C.o
 .debug_line    0x00000b07      0x214 ./Sources/LEDs.o
 .debug_line    0x00000d1b      0x21c ./Sources/PIT.o
 .debug_line    0x00000f37      0x22c ./Sources/RTC.o
 .debug_line    0x00001163      0x2ac ./Sources/UART.o
 .debug_line    0x0000140f      0x2c4 ./Sources/accel.o
 .debug_line    0x000016d3      0x409 ./Sources/main.o
 .debug_line    0x00001adc      0x1a3 ./Sources/median.o
 .debug_line    0x00001c7f      0x1ea ./Sources/packet.o
 .debug_line    0x00001e69      0x3be ./Project_Settings/Startup_Code/startup.o
 .debug_line    0x00002227      0x270 ./Generated_Code/Cpu.o
 .debug_line    0x00002497      0x2d2 ./Generated_Code/Vectors.o

.debug_str      0x00000000    0x8f027
 .debug_str     0x00000000    0x8a566 ./Sources/FIFO.o
                              0x8a6d5 (size before relaxing)
 .debug_str     0x0008a566      0x3dc ./Sources/FTM.o
                              0x8310a (size before relaxing)
 .debug_str     0x0008a942     0x1eef ./Sources/Flash.o
                              0x84cda (size before relaxing)
 .debug_str     0x0008c831      0x208 ./Sources/I2C.o
                              0x83073 (size before relaxing)
 .debug_str     0x0008ca39       0xae ./Sources/LEDs.o
                              0x82ee1 (size before relaxing)
 .debug_str     0x0008cae7       0xba ./Sources/PIT.o
                              0x82f3d (size before relaxing)
 .debug_str     0x0008cba1       0xcb ./Sources/RTC.o
                              0x82f38 (size before relaxing)
 .debug_str     0x0008cc6c      0x11e ./Sources/UART.o
                              0x8a95a (size before relaxing)
 .debug_str     0x0008cd8a      0xa98 ./Sources/accel.o
                              0x8b456 (size before relaxing)
 .debug_str     0x0008d822      0x445 ./Sources/main.o
                              0x8af15 (size before relaxing)
 .debug_str     0x0008dc67       0x23 ./Sources/median.o
                               0x2f79 (size before relaxing)
 .debug_str     0x0008dc8a       0x4c ./Sources/packet.o
                               0x3270 (size before relaxing)
 .debug_str     0x0008dcd6     0x114c ./Project_Settings/Startup_Code/startup.o
                              0x853e5 (size before relaxing)
 .debug_str     0x0008ee22      0x1e9 ./Generated_Code/Cpu.o
                              0x8aa16 (size before relaxing)
 .debug_str     0x0008f00b       0x1c ./Generated_Code/Vectors.o
                              0x8a6be (size before relaxing)

.comment        0x00000000       0x70
 .comment       0x00000000       0x70 ./Sources/FIFO.o
                                 0x71 (size before relaxing)
 .comment       0x00000000       0x71 ./Sources/FTM.o
 .comment       0x00000000       0x71 ./Sources/Flash.o
 .comment       0x00000000       0x71 ./Sources/I2C.o
 .comment       0x00000000       0x71 ./Sources/LEDs.o
 .comment       0x00000000       0x71 ./Sources/PIT.o
 .comment       0x00000000       0x71 ./Sources/RTC.o
 .comment       0x00000000       0x71 ./Sources/UART.o
 .comment       0x00000000       0x71 ./Sources/accel.o
 .comment       0x00000000       0x71 ./Sources/main.o
 .comment       0x00000000       0x71 ./Sources/median.o
 .comment       0x00000000       0x71 ./Sources/packet.o
 .comment       0x00000000       0x71 ./Project_Settings/Startup_Code/startup.o
 .comment       0x00000000       0x71 ./Generated_Code/Cpu.o
 .comment       0x00000000       0x71 ./Generated_Code/Vectors.o

.debug_frame    0x00000000      0x958
 .debug_frame   0x00000000       0x64 ./Sources/FIFO.o
 .debug_frame   0x00000064       0x84 ./Sources/FTM.o
 .debug_frame   0x000000e8      0x118 ./Sources/Flash.o
 .debug_frame   0x00000200      0x100 ./Sources/I2C.o
 .debug_frame   0x00000300       0x7c ./Sources/LEDs.o
 .debug_frame   0x0000037c       0x90 ./Sources/PIT.o
 .debug_frame   0x0000040c       0x88 ./Sources/RTC.o
 .debug_frame   0x00000494       0x94 ./Sources/UART.o
 .debug_frame   0x00000528       0x94 ./Sources/accel.o
 .debug_frame   0x000005bc      0x12c ./Sources/main.o
 .debug_frame   0x000006e8       0x2c ./Sources/median.o
 .debug_frame   0x00000714       0x70 ./Sources/packet.o
 .debug_frame   0x00000784       0xc0 ./Project_Settings/Startup_Code/startup.o
 .debug_frame   0x00000844       0x80 ./Generated_Code/Cpu.o
 .debug_frame   0x000008c4       0x28 c:/freescale/kds_3.0.0/toolchain/bin/../lib/gcc/arm-none-eabi/4.8.4/../../../../arm-none-eabi/lib/armv7e-m/fpu\libg_s.a(lib_a-exit.o)
 .debug_frame   0x000008ec       0x2c c:/freescale/kds_3.0.0/toolchain/bin/../lib/gcc/arm-none-eabi/4.8.4/../../../../arm-none-eabi/lib/armv7e-m/fpu\libg_s.a(lib_a-init.o)
 .debug_frame   0x00000918       0x20 c:/freescale/kds_3.0.0/toolchain/bin/../lib/gcc/arm-none-eabi/4.8.4/../../../../arm-none-eabi/lib/armv7e-m/fpu\libg_s.a(lib_a-memset.o)
 .debug_frame   0x00000938       0x20 c:/freescale/kds_3.0.0/toolchain/bin/../lib/gcc/arm-none-eabi/4.8.4/../../../../arm-none-eabi/lib/armv7e-m/fpu\libnosys.a(_exit.o)
